<html>
<body>
<pre>
<h1>µVision Build Log</h1>
<h2>Project:</h2>
C:\Users\lenovo\Desktop\stm32_pulsepower-master\Project\STM32F10x_StdPeriph_Template\MDK-ARM\Project.uvproj
Project File Date:  05/11/2017

<h2>Output:</h2>
Build target 'STM32100E-EVAL'
compiling stm32f10x_it.c...
compiling main.c...
compiling tlc5615.c...
compiling ad.c...
compiling cuttingpara.c...
linking...
Program Size: Code=9668 RO-data=852 RW-data=464 ZI-data=1312  
".\STM32100E-EVAL\STM32100E-EVAL.axf" - 0 Errors, 0 Warning(s).
Build target 'STM32100E-EVAL'
compiling main.c...
linking...
Program Size: Code=9668 RO-data=852 RW-data=464 ZI-data=1312  
".\STM32100E-EVAL\STM32100E-EVAL.axf" - 0 Errors, 0 Warning(s).
Build target 'STM32100E-EVAL'
linking...
Program Size: Code=9668 RO-data=852 RW-data=464 ZI-data=1312  
".\STM32100E-EVAL\STM32100E-EVAL.axf" - 0 Errors, 0 Warning(s).
Load "C:\\Users\\lenovo\\Desktop\\stm32_pulsepower-master\\Project\\STM32F10x_StdPeriph_Template\\MDK-ARM\\STM32100E-EVAL\\STM32100E-EVAL.axf" 
Set JLink Project File to "C:\Users\lenovo\Desktop\stm32_pulsepower-master\Project\STM32F10x_StdPeriph_Template\MDK-ARM\JLinkSettings.ini"
* JLink Info: Device "STM32F103C8" selected (64 KB flash, 20 KB RAM).
 
JLink info:
------------
DLL: V4.68a, compiled Apr 12 2013 13:26:50
Firmware: J-Link ARM V8 compiled Nov 25 2013 19:20:08
Hardware: V8.00
S/N : 99999998 
Feature(s) : RDI,FlashDL,FlashBP,JFlash,GDBFULL 
 
* JLink Info: Found SWD-DP with ID 0x1BA01477
* JLink Info: Found SWD-DP with ID 0x1BA01477
* JLink Info: TPIU fitted.
* JLink Info: FPUnit: 6 code (BP) slots and 2 literal slots
* JLink Info: Found Cortex-M3 r1p1, Little endian.
ROMTableAddr = 0xE00FF003
 
Target info:
------------
Device: STM32F103C8
VTarget = 3.325V
State of Pins: 
TCK: 0, TDI: 0, TDO: 0, TMS: 1, TRES: 1, TRST: 1
Hardware-Breakpoints: 6
Software-Breakpoints: 8192
Watchpoints:          4
JTAG speed: 2000 kHz
 
Erase Done.
Programming Done.
Verify OK.
Application running ...
