ARM Linker, 5.03 [Build 76] [MDK-ARM Standard]

==============================================================================

Section Cross References

    stm32f10x_it.o(i.TIM2_IRQHandler) refers to porttimer.o(i.prvvTIMERExpiredISR) for prvvTIMERExpiredISR
    stm32f10x_it.o(i.TIM3_IRQHandler) refers to stm32f10x_tim.o(i.TIM_ClearITPendingBit) for TIM_ClearITPendingBit
    stm32f10x_it.o(i.TIM3_IRQHandler) refers to cuttingpara.o(i.Read8421) for Read8421
    stm32f10x_it.o(i.TIM3_IRQHandler) refers to io.o(.data) for CpldEN
    stm32f10x_it.o(i.TIM3_IRQHandler) refers to cuttingpara.o(.data) for CuttingNumber
    stm32f10x_it.o(i.USART1_IRQHandler) refers to portserial.o(i.UART1_IRQ) for UART1_IRQ
    stm32f10x_it.o(i.USART2_IRQHandler) refers to portserial.o(i.UART1_IRQ) for UART1_IRQ
    main.o(i.main) refers to pll.o(i.PLL_Configuration) for PLL_Configuration
    main.o(i.main) refers to peripheral_init.o(i.Peripheral_Init) for Peripheral_Init
    main.o(i.main) refers to delay.o(i.delay_init) for delay_init
    main.o(i.main) refers to ad.o(i.DMA_ADC1_Init) for DMA_ADC1_Init
    main.o(i.main) refers to io.o(i.CPLD_GPIO_Config) for CPLD_GPIO_Config
    main.o(i.main) refers to eeprom_24c0x.o(i.I2C_EE_Init) for I2C_EE_Init
    main.o(i.main) refers to tim.o(i.TIM3_Init) for TIM3_Init
    main.o(i.main) refers to cuttingpara.o(i.ReadAllDataFormEEPROM) for ReadAllDataFormEEPROM
    main.o(i.main) refers to io.o(i.SetCpldPwmPara) for SetCpldPwmPara
    main.o(i.main) refers to mb.o(i.eMBInit) for eMBInit
    main.o(i.main) refers to mb.o(i.eMBEnable) for eMBEnable
    main.o(i.main) refers to ad.o(i.ADCdeal) for ADCdeal
    main.o(i.main) refers to fmul.o(.text) for __aeabi_fmul
    main.o(i.main) refers to ffixui.o(.text) for __aeabi_f2uiz
    main.o(i.main) refers to tlc5615.o(i.DAConvert) for DAConvert
    main.o(i.main) refers to cuttingpara.o(i.Write8421FromRotateSpeed) for Write8421FromRotateSpeed
    main.o(i.main) refers to mymodbusdata.o(i.MyModbusBindingToHoldReg) for MyModbusBindingToHoldReg
    main.o(i.main) refers to mb.o(i.eMBPoll) for eMBPoll
    main.o(i.main) refers to mymodbusdata.o(i.MyModbusDataFromHoldReg) for MyModbusDataFromHoldReg
    main.o(i.main) refers to delay.o(i.delay_ms) for delay_ms
    main.o(i.main) refers to main.o(.data) for .data
    delay.o(i.delay_init) refers to misc.o(i.SysTick_CLKSourceConfig) for SysTick_CLKSourceConfig
    delay.o(i.delay_init) refers to system_stm32f10x.o(.data) for SystemCoreClock
    delay.o(i.delay_init) refers to delay.o(.data) for .data
    delay.o(i.delay_ms) refers to delay.o(.data) for .data
    delay.o(i.delay_us) refers to delay.o(.data) for .data
    peripheral_init.o(i.NVIC_Configuration) refers to misc.o(i.NVIC_PriorityGroupConfig) for NVIC_PriorityGroupConfig
    peripheral_init.o(i.NVIC_Configuration) refers to misc.o(i.NVIC_SetVectorTable) for NVIC_SetVectorTable
    peripheral_init.o(i.NVIC_Configuration) refers to misc.o(i.NVIC_Init) for NVIC_Init
    peripheral_init.o(i.Peripheral_Init) refers to peripheral_init.o(i.NVIC_Configuration) for NVIC_Configuration
    peripheral_init.o(i.USART2PutByte) refers to stm32f10x_usart.o(i.USART_GetFlagStatus) for USART_GetFlagStatus
    peripheral_init.o(i.USART2PutByte) refers to stm32f10x_usart.o(i.USART_SendData) for USART_SendData
    peripheral_init.o(i.USART2_Configuration) refers to peripheral_init.o(i.USART2_GPIO_Configuration) for USART2_GPIO_Configuration
    peripheral_init.o(i.USART2_Configuration) refers to stm32f10x_usart.o(i.USART_ClockInit) for USART_ClockInit
    peripheral_init.o(i.USART2_Configuration) refers to stm32f10x_usart.o(i.USART_Init) for USART_Init
    peripheral_init.o(i.USART2_Configuration) refers to stm32f10x_usart.o(i.USART_ITConfig) for USART_ITConfig
    peripheral_init.o(i.USART2_Configuration) refers to stm32f10x_usart.o(i.USART_Cmd) for USART_Cmd
    peripheral_init.o(i.USART2_GPIO_Configuration) refers to stm32f10x_rcc.o(i.RCC_APB1PeriphClockCmd) for RCC_APB1PeriphClockCmd
    peripheral_init.o(i.USART2_GPIO_Configuration) refers to stm32f10x_rcc.o(i.RCC_APB2PeriphClockCmd) for RCC_APB2PeriphClockCmd
    peripheral_init.o(i.USART2_GPIO_Configuration) refers to stm32f10x_gpio.o(i.GPIO_Init) for GPIO_Init
    lowercomputer_v2.o(i.DisenableLCSend) refers to lowercomputer_v2.o(.data) for .data
    lowercomputer_v2.o(i.EnableLCSend) refers to lowercomputer_v2.o(.data) for .data
    lowercomputer_v2.o(i.GetByteFromQueue) refers to lowercomputer_v2.o(i.UpTail) for UpTail
    lowercomputer_v2.o(i.GetFloatFromQueue) refers to lowercomputer_v2.o(i.GetByteFromQueue) for GetByteFromQueue
    lowercomputer_v2.o(i.GetFloatFromQueue) refers to lowercomputer_v2.o(.data) for .data
    lowercomputer_v2.o(i.GetUint16FromQueue) refers to lowercomputer_v2.o(i.GetByteFromQueue) for GetByteFromQueue
    lowercomputer_v2.o(i.HIT_LC_Init) refers to lowercomputer_v2.o(i.Queue_byteInit) for Queue_byteInit
[...]
    Removing stm32f10x_tim.o(i.TIM_DeInit), (368 bytes).
    Removing stm32f10x_tim.o(i.TIM_ETRClockMode1Config), (18 bytes).
    Removing stm32f10x_tim.o(i.TIM_ETRClockMode2Config), (18 bytes).
    Removing stm32f10x_tim.o(i.TIM_ETRConfig), (24 bytes).
    Removing stm32f10x_tim.o(i.TIM_EncoderInterfaceConfig), (50 bytes).
    Removing stm32f10x_tim.o(i.TIM_ForcedOC1Config), (12 bytes).
    Removing stm32f10x_tim.o(i.TIM_ForcedOC2Config), (20 bytes).
    Removing stm32f10x_tim.o(i.TIM_ForcedOC3Config), (12 bytes).
    Removing stm32f10x_tim.o(i.TIM_ForcedOC4Config), (20 bytes).
    Removing stm32f10x_tim.o(i.TIM_GenerateEvent), (4 bytes).
    Removing stm32f10x_tim.o(i.TIM_GetCapture1), (4 bytes).
    Removing stm32f10x_tim.o(i.TIM_GetCapture2), (4 bytes).
    Removing stm32f10x_tim.o(i.TIM_GetCapture3), (4 bytes).
    Removing stm32f10x_tim.o(i.TIM_GetCapture4), (6 bytes).
    Removing stm32f10x_tim.o(i.TIM_GetCounter), (4 bytes).
    Removing stm32f10x_tim.o(i.TIM_GetFlagStatus), (14 bytes).
    Removing stm32f10x_tim.o(i.TIM_GetITStatus), (24 bytes).
    Removing stm32f10x_tim.o(i.TIM_GetPrescaler), (4 bytes).
    Removing stm32f10x_tim.o(i.TIM_ICInit), (300 bytes).
    Removing stm32f10x_tim.o(i.TIM_ICStructInit), (16 bytes).
    Removing stm32f10x_tim.o(i.TIM_ITRxExternalClockConfig), (18 bytes).
    Removing stm32f10x_tim.o(i.TIM_InternalClockConfig), (10 bytes).
    Removing stm32f10x_tim.o(i.TIM_OC1FastConfig), (12 bytes).
    Removing stm32f10x_tim.o(i.TIM_OC1Init), (128 bytes).
    Removing stm32f10x_tim.o(i.TIM_OC1NPolarityConfig), (12 bytes).
    Removing stm32f10x_tim.o(i.TIM_OC1PolarityConfig), (12 bytes).
    Removing stm32f10x_tim.o(i.TIM_OC1PreloadConfig), (12 bytes).
    Removing stm32f10x_tim.o(i.TIM_OC2FastConfig), (20 bytes).
    Removing stm32f10x_tim.o(i.TIM_OC2Init), (128 bytes).
    Removing stm32f10x_tim.o(i.TIM_OC2NPolarityConfig), (20 bytes).
    Removing stm32f10x_tim.o(i.TIM_OC2PolarityConfig), (20 bytes).
    Removing stm32f10x_tim.o(i.TIM_OC2PreloadConfig), (20 bytes).
    Removing stm32f10x_tim.o(i.TIM_OC3FastConfig), (12 bytes).
    Removing stm32f10x_tim.o(i.TIM_OC3Init), (124 bytes).
    Removing stm32f10x_tim.o(i.TIM_OC3NPolarityConfig), (20 bytes).
    Removing stm32f10x_tim.o(i.TIM_OC3PolarityConfig), (20 bytes).
    Removing stm32f10x_tim.o(i.TIM_OC3PreloadConfig), (12 bytes).
    Removing stm32f10x_tim.o(i.TIM_OC4FastConfig), (20 bytes).
    Removing stm32f10x_tim.o(i.TIM_OC4Init), (100 bytes).
    Removing stm32f10x_tim.o(i.TIM_OC4PolarityConfig), (20 bytes).
    Removing stm32f10x_tim.o(i.TIM_OC4PreloadConfig), (20 bytes).
    Removing stm32f10x_tim.o(i.TIM_OCStructInit), (20 bytes).
    Removing stm32f10x_tim.o(i.TIM_PWMIConfig), (108 bytes).
    Removing stm32f10x_tim.o(i.TIM_PrescalerConfig), (6 bytes).
    Removing stm32f10x_tim.o(i.TIM_SelectCCDMA), (20 bytes).
    Removing stm32f10x_tim.o(i.TIM_SelectCOM), (20 bytes).
    Removing stm32f10x_tim.o(i.TIM_SelectHallSensor), (20 bytes).
    Removing stm32f10x_tim.o(i.TIM_SelectInputTrigger), (12 bytes).
    Removing stm32f10x_tim.o(i.TIM_SelectMasterSlaveMode), (16 bytes).
    Removing stm32f10x_tim.o(i.TIM_SelectOCxM), (70 bytes).
    Removing stm32f10x_tim.o(i.TIM_SelectOnePulseMode), (16 bytes).
    Removing stm32f10x_tim.o(i.TIM_SelectOutputTrigger), (16 bytes).
    Removing stm32f10x_tim.o(i.TIM_SelectSlaveMode), (16 bytes).
    Removing stm32f10x_tim.o(i.TIM_SetAutoreload), (4 bytes).
    Removing stm32f10x_tim.o(i.TIM_SetClockDivision), (16 bytes).
    Removing stm32f10x_tim.o(i.TIM_SetCompare1), (4 bytes).
    Removing stm32f10x_tim.o(i.TIM_SetCompare2), (4 bytes).
    Removing stm32f10x_tim.o(i.TIM_SetCompare3), (4 bytes).
    Removing stm32f10x_tim.o(i.TIM_SetCompare4), (6 bytes).
    Removing stm32f10x_tim.o(i.TIM_SetIC1Prescaler), (16 bytes).
    Removing stm32f10x_tim.o(i.TIM_SetIC2Prescaler), (24 bytes).
    Removing stm32f10x_tim.o(i.TIM_SetIC3Prescaler), (16 bytes).
    Removing stm32f10x_tim.o(i.TIM_SetIC4Prescaler), (24 bytes).
    Removing stm32f10x_tim.o(i.TIM_TIxExternalClockConfig), (46 bytes).
    Removing stm32f10x_tim.o(i.TIM_TimeBaseStructInit), (18 bytes).
    Removing stm32f10x_tim.o(i.TIM_UpdateDisableConfig), (20 bytes).
    Removing stm32f10x_tim.o(i.TIM_UpdateRequestConfig), (20 bytes).
    Removing core_cm3.o(.emb_text), (32 bytes).
    Removing system_stm32f10x.o(i.SystemCoreClockUpdate), (108 bytes).
    Removing startup_stm32f10x_hd_vl.o(HEAP), (512 bytes).
    Removing portserial.o(.data), (1 bytes).
    Removing portserial.o(.data), (1 bytes).
    Removing mb.o(i.eMBClose), (32 bytes).
    Removing mb.o(i.eMBDisable), (32 bytes).
    Removing mb.o(i.eMBRegisterCB), (112 bytes).
    Removing mb.o(.data), (4 bytes).
    Removing mb.o(.data), (4 bytes).
    Removing mbfuncother.o(i.eMBSetSlaveID), (72 bytes).
    Removing mbutils.o(i.xMBUtilGetBits), (34 bytes).
    Removing mbutils.o(i.xMBUtilSetBits), (42 bytes).
    Removing ddiv.o(.text), (222 bytes).
    Removing f2d.o(.text), (38 bytes).
    Removing d2f.o(.text), (56 bytes).
    Removing cfcmple.o(.text), (20 bytes).
    Removing depilogue.o(.text), (190 bytes).
    Removing dsqrt.o(.text), (162 bytes).
    Removing cdcmple.o(.text), (40 bytes).

436 unused section(s) (total 14922 bytes) removed from the image.

==============================================================================

Image Symbol Table

    Local Symbols

    Symbol Name                              Value     Ov Type        Size  Object(Section)

    ../clib/../cmprslib/zerorunl2.c          0x00000000   Number         0  __dczerorl2.o ABSOLUTE
    ../clib/microlib/errno.c                 0x00000000   Number         0  errno.o ABSOLUTE
    ../clib/microlib/init/entry.s            0x00000000   Number         0  entry10b.o ABSOLUTE
    ../clib/microlib/init/entry.s            0x00000000   Number         0  entry9b.o ABSOLUTE
    ../clib/microlib/init/entry.s            0x00000000   Number         0  entry5.o ABSOLUTE
    ../clib/microlib/init/entry.s            0x00000000   Number         0  entry10a.o ABSOLUTE
    ../clib/microlib/init/entry.s            0x00000000   Number         0  entry2.o ABSOLUTE
    ../clib/microlib/init/entry.s            0x00000000   Number         0  entry9a.o ABSOLUTE
    ../clib/microlib/init/entry.s            0x00000000   Number         0  entry8b.o ABSOLUTE
    ../clib/microlib/init/entry.s            0x00000000   Number         0  entry8a.o ABSOLUTE
    ../clib/microlib/init/entry.s            0x00000000   Number         0  entry7b.o ABSOLUTE
    ../clib/microlib/init/entry.s            0x00000000   Number         0  entry7a.o ABSOLUTE
    ../clib/microlib/init/entry.s            0x00000000   Number         0  entry11a.o ABSOLUTE
    ../clib/microlib/init/entry.s            0x00000000   Number         0  entry11b.o ABSOLUTE
    ../clib/microlib/init/entry.s            0x00000000   Number         0  entry.o ABSOLUTE
    ../clib/microlib/longlong.c              0x00000000   Number         0  llushr.o ABSOLUTE
    ../clib/microlib/longlong.c              0x00000000   Number         0  llshl.o ABSOLUTE
    ../clib/microlib/string/memcpy.c         0x00000000   Number         0  memcpyb.o ABSOLUTE
    ../clib/microlib/string/memcpy.c         0x00000000   Number         0  memcpya.o ABSOLUTE
    ../clib/microlib/stubs.s                 0x00000000   Number         0  iusefp.o ABSOLUTE
    ../fplib/microlib/d2f.c                  0x00000000   Number         0  d2f.o ABSOLUTE
    ../fplib/microlib/f2d.c                  0x00000000   Number         0  f2d.o ABSOLUTE
    ../fplib/microlib/fpadd.c                0x00000000   Number         0  fadd.o ABSOLUTE
    ../fplib/microlib/fpdiv.c                0x00000000   Number         0  ddiv.o ABSOLUTE
    ../fplib/microlib/fpdiv.c                0x00000000   Number         0  fdiv.o ABSOLUTE
    ../fplib/microlib/fpepilogue.c           0x00000000   Number         0  depilogue.o ABSOLUTE
    ../fplib/microlib/fpepilogue.c           0x00000000   Number         0  fepilogue.o ABSOLUTE
    ../fplib/microlib/fpfix.c                0x00000000   Number         0  ffixui.o ABSOLUTE
    ../fplib/microlib/fpflt.c                0x00000000   Number         0  ffltui.o ABSOLUTE
    ../fplib/microlib/fpmul.c                0x00000000   Number         0  fmul.o ABSOLUTE
    ../fplib/microlib/fpsqrt.c               0x00000000   Number         0  dsqrt.o ABSOLUTE
    ../mathlib/sqrt.c                        0x00000000   Number         0  sqrt.o ABSOLUTE
    ../mathlib/sqrt.c                        0x00000000   Number         0  sqrt_x.o ABSOLUTE
    ..\..\..\Libraries\CMSIS\CM3\CoreSupport\core_cm3.c 0x00000000   Number         0  core_cm3.o ABSOLUTE
    ..\..\..\Libraries\CMSIS\CM3\DeviceSupport\ST\STM32F10x\startup\arm\startup_stm32f10x_hd_vl.s 0x00000000   Number         0  startup_stm32f10x_hd_vl.o ABSOLUTE
    ..\..\..\Libraries\STM32F10x_StdPeriph_Driver\src\misc.c 0x00000000   Number         0  misc.o ABSOLUTE
    ..\..\..\Libraries\STM32F10x_StdPeriph_Driver\src\stm32f10x_adc.c 0x00000000   Number         0  stm32f10x_adc.o ABSOLUTE
    ..\..\..\Libraries\STM32F10x_StdPeriph_Driver\src\stm32f10x_bkp.c 0x00000000   Number         0  stm32f10x_bkp.o ABSOLUTE
    ..\..\..\Libraries\STM32F10x_StdPeriph_Driver\src\stm32f10x_cec.c 0x00000000   Number         0  stm32f10x_cec.o ABSOLUTE
    ..\..\..\Libraries\STM32F10x_StdPeriph_Driver\src\stm32f10x_crc.c 0x00000000   Number         0  stm32f10x_crc.o ABSOLUTE
    ..\..\..\Libraries\STM32F10x_StdPeriph_Driver\src\stm32f10x_dac.c 0x00000000   Number         0  stm32f10x_dac.o ABSOLUTE
    ..\..\..\Libraries\STM32F10x_StdPeriph_Driver\src\stm32f10x_dma.c 0x00000000   Number         0  stm32f10x_dma.o ABSOLUTE
    ..\..\..\Libraries\STM32F10x_StdPeriph_Driver\src\stm32f10x_exti.c 0x00000000   Number         0  stm32f10x_exti.o ABSOLUTE
    ..\..\..\Libraries\STM32F10x_StdPeriph_Driver\src\stm32f10x_flash.c 0x00000000   Number         0  stm32f10x_flash.o ABSOLUTE
    ..\..\..\Libraries\STM32F10x_StdPeriph_Driver\src\stm32f10x_fsmc.c 0x00000000   Number         0  stm32f10x_fsmc.o ABSOLUTE
    ..\..\..\Libraries\STM32F10x_StdPeriph_Driver\src\stm32f10x_gpio.c 0x00000000   Number         0  stm32f10x_gpio.o ABSOLUTE
    ..\..\..\Libraries\STM32F10x_StdPeriph_Driver\src\stm32f10x_i2c.c 0x00000000   Number         0  stm32f10x_i2c.o ABSOLUTE
    ..\..\..\Libraries\STM32F10x_StdPeriph_Driver\src\stm32f10x_rcc.c 0x00000000   Number         0  stm32f10x_rcc.o ABSOLUTE
    ..\..\..\Libraries\STM32F10x_StdPeriph_Driver\src\stm32f10x_rtc.c 0x00000000   Number         0  stm32f10x_rtc.o ABSOLUTE
    ..\..\..\Libraries\STM32F10x_StdPeriph_Driver\src\stm32f10x_sdio.c 0x00000000   Number         0  stm32f10x_sdio.o ABSOLUTE
    ..\..\..\Libraries\STM32F10x_StdPeriph_Driver\src\stm32f10x_spi.c 0x00000000   Number         0  stm32f10x_spi.o ABSOLUTE
    ..\..\..\Libraries\STM32F10x_StdPeriph_Driver\src\stm32f10x_tim.c 0x00000000   Number         0  stm32f10x_tim.o ABSOLUTE
    ..\..\..\Libraries\STM32F10x_StdPeriph_Driver\src\stm32f10x_usart.c 0x00000000   Number         0  stm32f10x_usart.o ABSOLUTE
    ..\EEPROM_24c0x.c                        0x00000000   Number         0  eeprom_24c0x.o ABSOLUTE
    ..\LowerComputer_V2.c                    0x00000000   Number         0  lowercomputer_v2.o ABSOLUTE
    ..\MyModbusData.c                        0x00000000   Number         0  mymodbusdata.o ABSOLUTE
    ..\SystemCore.c                          0x00000000   Number         0  systemcore.o ABSOLUTE
    ..\\..\\..\\Libraries\\CMSIS\\CM3\\CoreSupport\\core_cm3.c 0x00000000   Number         0  core_cm3.o ABSOLUTE
    ..\ad.c                                  0x00000000   Number         0  ad.o ABSOLUTE
    ..\cuttingpara.c                         0x00000000   Number         0  cuttingpara.o ABSOLUTE
    ..\delay.c                               0x00000000   Number         0  delay.o ABSOLUTE
    ..\iic.c                                 0x00000000   Number         0  iic.o ABSOLUTE
    ..\io.c                                  0x00000000   Number         0  io.o ABSOLUTE
    ..\main.c                                0x00000000   Number         0  main.o ABSOLUTE
    ..\modbus\ascii\mbascii.c                0x00000000   Number         0  mbascii.o ABSOLUTE
    ..\modbus\functions\mbfunccoils.c        0x00000000   Number         0  mbfunccoils.o ABSOLUTE
    ..\modbus\functions\mbfuncdiag.c         0x00000000   Number         0  mbfuncdiag.o ABSOLUTE
    ..\modbus\functions\mbfuncdisc.c         0x00000000   Number         0  mbfuncdisc.o ABSOLUTE
    ..\modbus\functions\mbfuncholding.c      0x00000000   Number         0  mbfuncholding.o ABSOLUTE
    ..\modbus\functions\mbfuncinput.c        0x00000000   Number         0  mbfuncinput.o ABSOLUTE
    ..\modbus\functions\mbfuncother.c        0x00000000   Number         0  mbfuncother.o ABSOLUTE
    ..\modbus\functions\mbutils.c            0x00000000   Number         0  mbutils.o ABSOLUTE
    ..\modbus\mb.c                           0x00000000   Number         0  mb.o ABSOLUTE
    ..\modbus\port\portevent.c               0x00000000   Number         0  portevent.o ABSOLUTE
    ..\modbus\port\portserial.c              0x00000000   Number         0  portserial.o ABSOLUTE
    ..\modbus\port\porttimer.c               0x00000000   Number         0  porttimer.o ABSOLUTE
    ..\modbus\rtu\mbcrc.c                    0x00000000   Number         0  mbcrc.o ABSOLUTE
    ..\modbus\rtu\mbrtu.c                    0x00000000   Number         0  mbrtu.o ABSOLUTE
    ..\modbus\tcp\mbtcp.c                    0x00000000   Number         0  mbtcp.o ABSOLUTE
    ..\peripheral_init.c                     0x00000000   Number         0  peripheral_init.o ABSOLUTE
    ..\pll.c                                 0x00000000   Number         0  pll.o ABSOLUTE
    ..\stm32f10x_it.c                        0x00000000   Number         0  stm32f10x_it.o ABSOLUTE
    ..\system_stm32f10x.c                    0x00000000   Number         0  system_stm32f10x.o ABSOLUTE
    ..\tim.c                                 0x00000000   Number         0  tim.o ABSOLUTE
    ..\tlc5615.c                             0x00000000   Number         0  tlc5615.o ABSOLUTE
    cdcmple.s                                0x00000000   Number         0  cdcmple.o ABSOLUTE
    cfcmple.s                                0x00000000   Number         0  cfcmple.o ABSOLUTE
    dc.s                                     0x00000000   Number         0  dc.o ABSOLUTE
    handlers.s                               0x00000000   Number         0  handlers.o ABSOLUTE
    init.s                                   0x00000000   Number         0  init.o ABSOLUTE
    RESET                                    0x08000000   Section      308  startup_stm32f10x_hd_vl.o(RESET)
    .ARM.Collect$$$$00000000                 0x08000134   Section        0  entry.o(.ARM.Collect$$$$00000000)
    .ARM.Collect$$$$00000001                 0x08000134   Section        4  entry2.o(.ARM.Collect$$$$00000001)
    .ARM.Collect$$$$00000004                 0x08000138   Section        4  entry5.o(.ARM.Collect$$$$00000004)
    .ARM.Collect$$$$00000008                 0x0800013c   Section        0  entry7b.o(.ARM.Collect$$$$00000008)
    .ARM.Collect$$$$0000000A                 0x0800013c   Section        0  entry8b.o(.ARM.Collect$$$$0000000A)
    .ARM.Collect$$$$0000000B                 0x0800013c   Section        8  entry9a.o(.ARM.Collect$$$$0000000B)
    .ARM.Collect$$$$0000000D                 0x08000144   Section        0  entry10a.o(.ARM.Collect$$$$0000000D)
    .ARM.Collect$$$$0000000F                 0x08000144   Section        0  entry11a.o(.ARM.Collect$$$$0000000F)
    .ARM.Collect$$$$00002712                 0x08000144   Section        4  entry2.o(.ARM.Collect$$$$00002712)
    __lit__00000000                          0x08000144   Data           4  entry2.o(.ARM.Collect$$$$00002712)
    .text                                    0x08000148   Section       36  startup_stm32f10x_hd_vl.o(.text)
    .text                                    0x0800016c   Section        0  memcpya.o(.text)
    .text                                    0x08000190   Section        0  fadd.o(.text)
    .text                                    0x08000240   Section        0  fmul.o(.text)
    .text                                    0x080002ac   Section        0  fdiv.o(.text)
    .text                                    0x0800032c   Section        0  ffltui.o(.text)
    .text                                    0x08000336   Section        0  ffixui.o(.text)
    .text                                    0x0800035e   Section        0  fepilogue.o(.text)
    .text                                    0x0800035e   Section        0  iusefp.o(.text)
    .text                                    0x080003cc   Section       36  init.o(.text)
    .text                                    0x080003f0   Section        0  __dczerorl2.o(.text)
    i.ADC_Cmd                                0x0800044c   Section        0  stm32f10x_adc.o(i.ADC_Cmd)
    i.ADC_DMACmd                             0x08000460   Section        0  stm32f10x_adc.o(i.ADC_DMACmd)
    i.ADC_GetCalibrationStatus               0x08000474   Section        0  stm32f10x_adc.o(i.ADC_GetCalibrationStatus)
    i.ADC_GetResetCalibrationStatus          0x08000482   Section        0  stm32f10x_adc.o(i.ADC_GetResetCalibrationStatus)
    i.ADC_Init                               0x08000490   Section        0  stm32f10x_adc.o(i.ADC_Init)
    i.ADC_RegularChannelConfig               0x080004d8   Section        0  stm32f10x_adc.o(i.ADC_RegularChannelConfig)
    i.ADC_ResetCalibration                   0x0800054c   Section        0  stm32f10x_adc.o(i.ADC_ResetCalibration)
    i.ADC_SoftwareStartConvCmd               0x08000556   Section        0  stm32f10x_adc.o(i.ADC_SoftwareStartConvCmd)
    i.ADC_StartCalibration                   0x0800056a   Section        0  stm32f10x_adc.o(i.ADC_StartCalibration)
    i.ADCdeal                                0x08000574   Section        0  ad.o(i.ADCdeal)
    i.BusFault_Handler                       0x080005a0   Section        0  stm32f10x_it.o(i.BusFault_Handler)
    i.CPLD_GPIO_Config                       0x080005a4   Section        0  io.o(i.CPLD_GPIO_Config)
    i.DAConvert                              0x08000624   Section        0  tlc5615.o(i.DAConvert)
    i.DMA_ADC1_Init                          0x080006b0   Section        0  ad.o(i.DMA_ADC1_Init)
    i.DMA_Cmd                                0x08000778   Section        0  stm32f10x_dma.o(i.DMA_Cmd)
    i.DMA_DeInit                             0x08000790   Section        0  stm32f10x_dma.o(i.DMA_DeInit)
    i.DMA_Init                               0x08000874   Section        0  stm32f10x_dma.o(i.DMA_Init)
    i.DebugMon_Handler                       0x080008ae   Section        0  stm32f10x_it.o(i.DebugMon_Handler)
    i.EnterCriticalSection                   0x080008b0   Section        0  portserial.o(i.EnterCriticalSection)
    i.ExitCriticalSection                    0x080008b4   Section        0  portserial.o(i.ExitCriticalSection)
    i.FLASH_PrefetchBufferCmd                0x080008b8   Section        0  stm32f10x_flash.o(i.FLASH_PrefetchBufferCmd)
    i.FLASH_SetLatency                       0x080008d0   Section        0  stm32f10x_flash.o(i.FLASH_SetLatency)
    i.GPIO_Init                              0x080008e4   Section        0  stm32f10x_gpio.o(i.GPIO_Init)
    i.GPIO_PinRemapConfig                    0x08000984   Section        0  stm32f10x_gpio.o(i.GPIO_PinRemapConfig)
    i.GPIO_ResetBits                         0x080009dc   Section        0  stm32f10x_gpio.o(i.GPIO_ResetBits)
    i.GPIO_SetBits                           0x080009e0   Section        0  stm32f10x_gpio.o(i.GPIO_SetBits)
    i.HardFault_Handler                      0x080009e4   Section        0  stm32f10x_it.o(i.HardFault_Handler)
    i.I2C_AcknowledgeConfig                  0x080009e6   Section        0  stm32f10x_i2c.o(i.I2C_AcknowledgeConfig)
    i.I2C_CheckEvent                         0x080009fa   Section        0  stm32f10x_i2c.o(i.I2C_CheckEvent)
    i.I2C_Cmd                                0x08000a12   Section        0  stm32f10x_i2c.o(i.I2C_Cmd)
    i.I2C_EE_BufferRead                      0x08000a28   Section        0  eeprom_24c0x.o(i.I2C_EE_BufferRead)
    i.I2C_EE_Init                            0x08000b20   Section        0  eeprom_24c0x.o(i.I2C_EE_Init)
    i.I2C_GPIO_Config                        0x08000b34   Section        0  iic.o(i.I2C_GPIO_Config)
    i.I2C_GenerateSTART                      0x08000b68   Section        0  stm32f10x_i2c.o(i.I2C_GenerateSTART)
    i.I2C_GenerateSTOP                       0x08000b7c   Section        0  stm32f10x_i2c.o(i.I2C_GenerateSTOP)
    i.I2C_GetFlagStatus                      0x08000b90   Section        0  stm32f10x_i2c.o(i.I2C_GetFlagStatus)
    i.I2C_Init                               0x08000bbc   Section        0  stm32f10x_i2c.o(i.I2C_Init)
    i.I2C_Mode_Config                        0x08000c74   Section        0  iic.o(i.I2C_Mode_Config)
    i.I2C_ReceiveData                        0x08000cb8   Section        0  stm32f10x_i2c.o(i.I2C_ReceiveData)
    i.I2C_Send7bitAddress                    0x08000cbe   Section        0  stm32f10x_i2c.o(i.I2C_Send7bitAddress)
    i.I2C_SendData                           0x08000cce   Section        0  stm32f10x_i2c.o(i.I2C_SendData)
    i.IIC1_Init                              0x08000cd2   Section        0  iic.o(i.IIC1_Init)
    i.MemManage_Handler                      0x08000ce0   Section        0  stm32f10x_it.o(i.MemManage_Handler)
    i.MyMAFilter                             0x08000ce2   Section        0  systemcore.o(i.MyMAFilter)
    i.MyModbusBindingToHoldReg               0x08000d54   Section        0  mymodbusdata.o(i.MyModbusBindingToHoldReg)
    i.MyModbusDataFromHoldReg                0x08000d88   Section        0  mymodbusdata.o(i.MyModbusDataFromHoldReg)
    i.NMI_Handler                            0x08000e2c   Section        0  stm32f10x_it.o(i.NMI_Handler)
    i.NVIC_Configuration                     0x08000e2e   Section        0  peripheral_init.o(i.NVIC_Configuration)
    i.NVIC_Init                              0x08000e78   Section        0  misc.o(i.NVIC_Init)
    i.NVIC_PriorityGroupConfig               0x08000edc   Section        0  misc.o(i.NVIC_PriorityGroupConfig)
    i.NVIC_SetVectorTable                    0x08000ef0   Section        0  misc.o(i.NVIC_SetVectorTable)
    i.PLL_Configuration                      0x08000f04   Section        0  pll.o(i.PLL_Configuration)
    i.PendSV_Handler                         0x08000f66   Section        0  stm32f10x_it.o(i.PendSV_Handler)
    i.Peripheral_Init                        0x08000f68   Section        0  peripheral_init.o(i.Peripheral_Init)
    i.RCC_AHBPeriphClockCmd                  0x08000f6c   Section        0  stm32f10x_rcc.o(i.RCC_AHBPeriphClockCmd)
    i.RCC_APB1PeriphClockCmd                 0x08000f84   Section        0  stm32f10x_rcc.o(i.RCC_APB1PeriphClockCmd)
    i.RCC_APB2PeriphClockCmd                 0x08000f9c   Section        0  stm32f10x_rcc.o(i.RCC_APB2PeriphClockCmd)
    i.RCC_DeInit                             0x08000fb4   Section        0  stm32f10x_rcc.o(i.RCC_DeInit)
    i.RCC_GetClocksFreq                      0x08000ff8   Section        0  stm32f10x_rcc.o(i.RCC_GetClocksFreq)
    i.RCC_GetFlagStatus                      0x08001090   Section        0  stm32f10x_rcc.o(i.RCC_GetFlagStatus)
    i.RCC_GetSYSCLKSource                    0x080010c0   Section        0  stm32f10x_rcc.o(i.RCC_GetSYSCLKSource)
    i.RCC_HCLKConfig                         0x080010d0   Section        0  stm32f10x_rcc.o(i.RCC_HCLKConfig)
    i.RCC_HSEConfig                          0x080010e4   Section        0  stm32f10x_rcc.o(i.RCC_HSEConfig)
    i.RCC_PCLK1Config                        0x08001118   Section        0  stm32f10x_rcc.o(i.RCC_PCLK1Config)
    i.RCC_PCLK2Config                        0x0800112c   Section        0  stm32f10x_rcc.o(i.RCC_PCLK2Config)
    i.RCC_PLLCmd                             0x08001140   Section        0  stm32f10x_rcc.o(i.RCC_PLLCmd)
    i.RCC_PLLConfig                          0x0800114c   Section        0  stm32f10x_rcc.o(i.RCC_PLLConfig)
    i.RCC_SYSCLKConfig                       0x08001160   Section        0  stm32f10x_rcc.o(i.RCC_SYSCLKConfig)
    i.RCC_WaitForHSEStartUp                  0x08001174   Section        0  stm32f10x_rcc.o(i.RCC_WaitForHSEStartUp)
    i.Read8421                               0x080011a0   Section        0  cuttingpara.o(i.Read8421)
    i.ReadAllDataFormEEPROM                  0x080011cc   Section        0  cuttingpara.o(i.ReadAllDataFormEEPROM)
    i.ReadDataFromEEPROM                     0x080011f0   Section        0  cuttingpara.o(i.ReadDataFromEEPROM)
    i.SVC_Handler                            0x0800122c   Section        0  stm32f10x_it.o(i.SVC_Handler)
    i.SetCpldPwmPara                         0x08001230   Section        0  io.o(i.SetCpldPwmPara)
    i.SetSysClockTo24                        0x08001338   Section        0  system_stm32f10x.o(i.SetSysClockTo24)
    SetSysClockTo24                          0x08001339   Thumb Code   130  system_stm32f10x.o(i.SetSysClockTo24)
    i.SysTick_CLKSourceConfig                0x080013c0   Section        0  misc.o(i.SysTick_CLKSourceConfig)
    i.SysTick_Handler                        0x080013d8   Section        0  stm32f10x_it.o(i.SysTick_Handler)
    i.SystemInit                             0x080013dc   Section        0  system_stm32f10x.o(i.SystemInit)
    i.TIM2_IRQHandler                        0x08001430   Section        0  stm32f10x_it.o(i.TIM2_IRQHandler)
    i.TIM3_IRQHandler                        0x08001434   Section        0  stm32f10x_it.o(i.TIM3_IRQHandler)
    i.TIM3_Init                              0x08001460   Section        0  tim.o(i.TIM3_Init)
    i.TIM_ClearFlag                          0x080014d0   Section        0  stm32f10x_tim.o(i.TIM_ClearFlag)
    i.TIM_ClearITPendingBit                  0x080014d6   Section        0  stm32f10x_tim.o(i.TIM_ClearITPendingBit)
    i.TIM_Cmd                                0x080014dc   Section        0  stm32f10x_tim.o(i.TIM_Cmd)
    i.TIM_ITConfig                           0x080014f0   Section        0  stm32f10x_tim.o(i.TIM_ITConfig)
    i.TIM_SetCounter                         0x08001500   Section        0  stm32f10x_tim.o(i.TIM_SetCounter)
    i.TIM_TimeBaseInit                       0x08001504   Section        0  stm32f10x_tim.o(i.TIM_TimeBaseInit)
    i.UART1_IRQ                              0x080015a0   Section        0  portserial.o(i.UART1_IRQ)
    i.USART1_IRQHandler                      0x080015dc   Section        0  stm32f10x_it.o(i.USART1_IRQHandler)
    i.USART2_IRQHandler                      0x080015e0   Section        0  stm32f10x_it.o(i.USART2_IRQHandler)
    i.USART_ClearFlag                        0x080015e4   Section        0  stm32f10x_usart.o(i.USART_ClearFlag)
    i.USART_Cmd                              0x080015ea   Section        0  stm32f10x_usart.o(i.USART_Cmd)
    i.USART_GetFlagStatus                    0x080015fe   Section        0  stm32f10x_usart.o(i.USART_GetFlagStatus)
    i.USART_GetITStatus                      0x0800160c   Section        0  stm32f10x_usart.o(i.USART_GetITStatus)
    i.USART_ITConfig                         0x0800164a   Section        0  stm32f10x_usart.o(i.USART_ITConfig)
    i.USART_Init                             0x0800167c   Section        0  stm32f10x_usart.o(i.USART_Init)
    i.USART_ReceiveData                      0x08001730   Section        0  stm32f10x_usart.o(i.USART_ReceiveData)
    i.USART_SendData                         0x08001738   Section        0  stm32f10x_usart.o(i.USART_SendData)
    i.UsageFault_Handler                     0x08001740   Section        0  stm32f10x_it.o(i.UsageFault_Handler)
    i.Write8421                              0x08001744   Section        0  cuttingpara.o(i.Write8421)
    i.Write8421FromRotateSpeed               0x08001794   Section        0  cuttingpara.o(i.Write8421FromRotateSpeed)
    i.__scatterload_copy                     0x080017e4   Section       14  handlers.o(i.__scatterload_copy)
    i.__scatterload_null                     0x080017f2   Section        2  handlers.o(i.__scatterload_null)
    i.__scatterload_zeroinit                 0x080017f4   Section       14  handlers.o(i.__scatterload_zeroinit)
    i.delay_init                             0x08001804   Section        0  delay.o(i.delay_init)
    i.delay_ms                               0x08001840   Section        0  delay.o(i.delay_ms)
    i.delay_us                               0x08001874   Section        0  delay.o(i.delay_us)
    i.eMBASCIIInit                           0x080018a8   Section        0  mbascii.o(i.eMBASCIIInit)
    i.eMBASCIIReceive                        0x080018ec   Section        0  mbascii.o(i.eMBASCIIReceive)
    i.eMBASCIISend                           0x08001934   Section        0  mbascii.o(i.eMBASCIISend)
    i.eMBASCIIStart                          0x0800198c   Section        0  mbascii.o(i.eMBASCIIStart)
    i.eMBASCIIStop                           0x080019b4   Section        0  mbascii.o(i.eMBASCIIStop)
    i.eMBEnable                              0x080019d0   Section        0  mb.o(i.eMBEnable)
    i.eMBFuncReadCoils                       0x080019f0   Section        0  mbfunccoils.o(i.eMBFuncReadCoils)
    i.eMBFuncReadDiscreteInputs              0x08001a62   Section        0  mbfuncdisc.o(i.eMBFuncReadDiscreteInputs)
    i.eMBFuncReadHoldingRegister             0x08001ad4   Section        0  mbfuncholding.o(i.eMBFuncReadHoldingRegister)
    i.eMBFuncReadInputRegister               0x08001b30   Section        0  mbfuncinput.o(i.eMBFuncReadInputRegister)
    i.eMBFuncReadWriteMultipleHoldingRegister 0x08001b90   Section        0  mbfuncholding.o(i.eMBFuncReadWriteMultipleHoldingRegister)
    i.eMBFuncReportSlaveID                   0x08001c2c   Section        0  mbfuncother.o(i.eMBFuncReportSlaveID)
    i.eMBFuncWriteCoil                       0x08001c50   Section        0  mbfunccoils.o(i.eMBFuncWriteCoil)
    i.eMBFuncWriteHoldingRegister            0x08001ca6   Section        0  mbfuncholding.o(i.eMBFuncWriteHoldingRegister)
    i.eMBFuncWriteMultipleCoils              0x08001cd8   Section        0  mbfunccoils.o(i.eMBFuncWriteMultipleCoils)
    i.eMBFuncWriteMultipleHoldingRegister    0x08001d3c   Section        0  mbfuncholding.o(i.eMBFuncWriteMultipleHoldingRegister)
    i.eMBInit                                0x08001d8c   Section        0  mb.o(i.eMBInit)
    i.eMBPoll                                0x08001e54   Section        0  mb.o(i.eMBPoll)
    i.eMBRTUInit                             0x08001f08   Section        0  mbrtu.o(i.eMBRTUInit)
    i.eMBRTUReceive                          0x08001f54   Section        0  mbrtu.o(i.eMBRTUReceive)
    i.eMBRTUSend                             0x08001fa0   Section        0  mbrtu.o(i.eMBRTUSend)
    i.eMBRTUStart                            0x0800200c   Section        0  mbrtu.o(i.eMBRTUStart)
    i.eMBRTUStop                             0x08002030   Section        0  mbrtu.o(i.eMBRTUStop)
    i.eMBRegCoilsCB                          0x0800204c   Section        0  mymodbusdata.o(i.eMBRegCoilsCB)
    i.eMBRegDiscreteCB                       0x0800207c   Section        0  mymodbusdata.o(i.eMBRegDiscreteCB)
    i.eMBRegHoldingCB                        0x080020ac   Section        0  mymodbusdata.o(i.eMBRegHoldingCB)
    i.eMBRegInputCB                          0x08002114   Section        0  mymodbusdata.o(i.eMBRegInputCB)
    i.main                                   0x08002144   Section        0  main.o(i.main)
    i.prveMBError2Exception                  0x080021e0   Section        0  mbutils.o(i.prveMBError2Exception)
    i.prvucMBBIN2CHAR                        0x080021f8   Section        0  mbascii.o(i.prvucMBBIN2CHAR)
    prvucMBBIN2CHAR                          0x080021f9   Thumb Code    26  mbascii.o(i.prvucMBBIN2CHAR)
    i.prvucMBLRC                             0x08002212   Section        0  mbascii.o(i.prvucMBLRC)
    prvucMBLRC                               0x08002213   Thumb Code    28  mbascii.o(i.prvucMBLRC)
    i.prvvTIMERExpiredISR                    0x08002230   Section        0  porttimer.o(i.prvvTIMERExpiredISR)
    i.usMBCRC16                              0x0800223c   Section        0  mbcrc.o(i.usMBCRC16)
    i.vMBPortSerialEnable                    0x0800226c   Section        0  portserial.o(i.vMBPortSerialEnable)
    i.vMBPortTimersDisable                   0x080022a0   Section        0  porttimer.o(i.vMBPortTimersDisable)
    i.vMBPortTimersEnable                    0x080022ba   Section        0  porttimer.o(i.vMBPortTimersEnable)
    i.xMBASCIIReceiveFSM                     0x080022e4   Section        0  mbascii.o(i.xMBASCIIReceiveFSM)
    i.xMBASCIITimerT1SExpired                0x080023c0   Section        0  mbascii.o(i.xMBASCIITimerT1SExpired)
    i.xMBASCIITransmitFSM                    0x080023e0   Section        0  mbascii.o(i.xMBASCIITransmitFSM)
    i.xMBPortEventGet                        0x08002484   Section        0  portevent.o(i.xMBPortEventGet)
    i.xMBPortEventInit                       0x080024a0   Section        0  portevent.o(i.xMBPortEventInit)
    i.xMBPortEventPost                       0x080024b0   Section        0  portevent.o(i.xMBPortEventPost)
    i.xMBPortSerialGetByte                   0x080024c0   Section        0  portserial.o(i.xMBPortSerialGetByte)
    i.xMBPortSerialInit                      0x080024e0   Section        0  portserial.o(i.xMBPortSerialInit)
    i.xMBPortSerialPutByte                   0x080025b8   Section        0  portserial.o(i.xMBPortSerialPutByte)
    i.xMBPortTimersInit                      0x080025d8   Section        0  porttimer.o(i.xMBPortTimersInit)
    i.xMBRTUReceiveFSM                       0x08002620   Section        0  mbrtu.o(i.xMBRTUReceiveFSM)
    i.xMBRTUTimerT35Expired                  0x08002680   Section        0  mbrtu.o(i.xMBRTUTimerT35Expired)
    i.xMBRTUTransmitFSM                      0x080026a8   Section        0  mbrtu.o(i.xMBRTUTransmitFSM)
    .constdata                               0x080026f8   Section      512  mbcrc.o(.constdata)
    aucCRCHi                                 0x080026f8   Data         256  mbcrc.o(.constdata)
    aucCRCLo                                 0x080027f8   Data         256  mbcrc.o(.constdata)
    .data                                    0x20000000   Section       16  main.o(.data)
    .data                                    0x20000010   Section        4  delay.o(.data)
    fac_us                                   0x20000010   Data           1  delay.o(.data)
    fac_ms                                   0x20000012   Data           2  delay.o(.data)
    .data                                    0x20000014   Section        4  io.o(.data)
    timesOfLow_last                          0x20000015   Data           1  io.o(.data)
    time_last                                0x20000016   Data           2  io.o(.data)
    .data                                    0x20000018   Section        2  eeprom_24c0x.o(.data)
    .data                                    0x2000001c   Section        4  tlc5615.o(.data)
    daValueLast                              0x2000001c   Data           4  tlc5615.o(.data)
    .data                                    0x20000020   Section       84  ad.o(.data)
    .data                                    0x20000074   Section       22  mymodbusdata.o(.data)
    flag                                     0x20000074   Data           1  mymodbusdata.o(.data)
    flag                                     0x20000075   Data           1  mymodbusdata.o(.data)
    flag                                     0x20000076   Data           1  mymodbusdata.o(.data)
    .data                                    0x2000008a   Section       66  cuttingpara.o(.data)
    speed_last                               0x2000008a   Data           1  cuttingpara.o(.data)
    .data                                    0x200000cc   Section        8  cuttingpara.o(.data)
    .data                                    0x200000d4   Section        4  cuttingpara.o(.data)
    .data                                    0x200000d8   Section       20  stm32f10x_rcc.o(.data)
    ADCPrescTable                            0x200000d8   Data           4  stm32f10x_rcc.o(.data)
    APBAHBPrescTable                         0x200000dc   Data          16  stm32f10x_rcc.o(.data)
    .data                                    0x200000ec   Section       20  system_stm32f10x.o(.data)
    .data                                    0x20000100   Section        2  portevent.o(.data)
    eQueuedEvent                             0x20000100   Data           1  portevent.o(.data)
    xEventInQueue                            0x20000101   Data           1  portevent.o(.data)
    .data                                    0x20000104   Section      172  mb.o(.data)
    eMBState                                 0x20000104   Data           1  mb.o(.data)
    ucRcvAddress                             0x20000105   Data           1  mb.o(.data)
    ucFunctionCode                           0x20000106   Data           1  mb.o(.data)
    eException                               0x20000107   Data           1  mb.o(.data)
    ucMBAddress                              0x20000108   Data           1  mb.o(.data)
    eMBCurrentMode                           0x20000109   Data           1  mb.o(.data)
    usLength                                 0x2000010a   Data           2  mb.o(.data)
    ucMBFrame                                0x2000010c   Data           4  mb.o(.data)
    peMBFrameSendCur                         0x20000110   Data           4  mb.o(.data)
    pvMBFrameStartCur                        0x20000114   Data           4  mb.o(.data)
    pvMBFrameStopCur                         0x20000118   Data           4  mb.o(.data)
    peMBFrameReceiveCur                      0x2000011c   Data           4  mb.o(.data)
    pvMBFrameCloseCur                        0x20000120   Data           4  mb.o(.data)
    xFuncHandlers                            0x20000130   Data         128  mb.o(.data)
    .data                                    0x200001b0   Section       16  mbascii.o(.data)
    eSndState                                0x200001b0   Data           1  mbascii.o(.data)
    eRcvState                                0x200001b1   Data           1  mbascii.o(.data)
    eBytePos                                 0x200001b2   Data           1  mbascii.o(.data)
    ucMBLFCharacter                          0x200001b3   Data           1  mbascii.o(.data)
    usRcvBufferPos                           0x200001b4   Data           2  mbascii.o(.data)
    usSndBufferCount                         0x200001b6   Data           2  mbascii.o(.data)
    ucASCIIBuf                               0x200001b8   Data           4  mbascii.o(.data)
    pucSndBufferCur                          0x200001bc   Data           4  mbascii.o(.data)
    .data                                    0x200001c0   Section        2  mbfuncother.o(.data)
    usMBSlaveIDLen                           0x200001c0   Data           2  mbfuncother.o(.data)
    .data                                    0x200001c4   Section       12  mbrtu.o(.data)
    eSndState                                0x200001c4   Data           1  mbrtu.o(.data)
    eRcvState                                0x200001c5   Data           1  mbrtu.o(.data)
    usSndBufferCount                         0x200001c6   Data           2  mbrtu.o(.data)
    usRcvBufferPos                           0x200001c8   Data           2  mbrtu.o(.data)
    pucSndBufferCur                          0x200001cc   Data           4  mbrtu.o(.data)
    .bss                                     0x200001d0   Section       32  mbfuncother.o(.bss)
    ucMBSlaveID                              0x200001d0   Data          32  mbfuncother.o(.bss)
    .bss                                     0x200001f0   Section      256  mbrtu.o(.bss)
    STACK                                    0x200002f0   Section     1024  startup_stm32f10x_hd_vl.o(STACK)

    Global Symbols

    Symbol Name                              Value     Ov Type        Size  Object(Section)

    BuildAttributes$$THM_ISAv4$P$D$K$B$S$PE$A:L22UL41UL21$X:L11$S22US41US21$IEEE1$IW$USESV6$~STKCKD$USESV7$~SHL$OTIME$ROPI$IEEEJ$EBA8$MICROLIB$REQ8$PRES8$EABIv2 0x00000000   Number         0  anon$$obj.o ABSOLUTE
    __ARM_use_no_argv                        0x00000000   Number         0  main.o ABSOLUTE
    __cpp_initialize__aeabi_                  - Undefined Weak Reference
    __cxa_finalize                            - Undefined Weak Reference
    _clock_init                               - Undefined Weak Reference
    _microlib_exit                            - Undefined Weak Reference
    __Vectors_Size                           0x00000134   Number         0  startup_stm32f10x_hd_vl.o ABSOLUTE
    __Vectors                                0x08000000   Data           4  startup_stm32f10x_hd_vl.o(RESET)
    __Vectors_End                            0x08000134   Data           0  startup_stm32f10x_hd_vl.o(RESET)
    __main                                   0x08000135   Thumb Code     0  entry.o(.ARM.Collect$$$$00000000)
    _main_stk                                0x08000135   Thumb Code     0  entry2.o(.ARM.Collect$$$$00000001)
    _main_scatterload                        0x08000139   Thumb Code     0  entry5.o(.ARM.Collect$$$$00000004)
    __main_after_scatterload                 0x0800013d   Thumb Code     0  entry5.o(.ARM.Collect$$$$00000004)
    _main_clock                              0x0800013d   Thumb Code     0  entry7b.o(.ARM.Collect$$$$00000008)
    _main_cpp_init                           0x0800013d   Thumb Code     0  entry8b.o(.ARM.Collect$$$$0000000A)
    _main_init                               0x0800013d   Thumb Code     0  entry9a.o(.ARM.Collect$$$$0000000B)
    __rt_final_cpp                           0x08000145   Thumb Code     0  entry10a.o(.ARM.Collect$$$$0000000D)
    __rt_final_exit                          0x08000145   Thumb Code     0  entry11a.o(.ARM.Collect$$$$0000000F)
    Reset_Handler                            0x08000149   Thumb Code     8  startup_stm32f10x_hd_vl.o(.text)
    ADC1_IRQHandler                          0x08000163   Thumb Code     0  startup_stm32f10x_hd_vl.o(.text)
    CEC_IRQHandler                           0x08000163   Thumb Code     0  startup_stm32f10x_hd_vl.o(.text)
    DMA1_Channel1_IRQHandler                 0x08000163   Thumb Code     0  startup_stm32f10x_hd_vl.o(.text)
    DMA1_Channel2_IRQHandler                 0x08000163   Thumb Code     0  startup_stm32f10x_hd_vl.o(.text)
    DMA1_Channel3_IRQHandler                 0x08000163   Thumb Code     0  startup_stm32f10x_hd_vl.o(.text)
    DMA1_Channel4_IRQHandler                 0x08000163   Thumb Code     0  startup_stm32f10x_hd_vl.o(.text)
    DMA1_Channel5_IRQHandler                 0x08000163   Thumb Code     0  startup_stm32f10x_hd_vl.o(.text)
    DMA1_Channel6_IRQHandler                 0x08000163   Thumb Code     0  startup_stm32f10x_hd_vl.o(.text)
    DMA1_Channel7_IRQHandler                 0x08000163   Thumb Code     0  startup_stm32f10x_hd_vl.o(.text)
    DMA2_Channel1_IRQHandler                 0x08000163   Thumb Code     0  startup_stm32f10x_hd_vl.o(.text)
    DMA2_Channel2_IRQHandler                 0x08000163   Thumb Code     0  startup_stm32f10x_hd_vl.o(.text)
    DMA2_Channel3_IRQHandler                 0x08000163   Thumb Code     0  startup_stm32f10x_hd_vl.o(.text)
    DMA2_Channel4_5_IRQHandler               0x08000163   Thumb Code     0  startup_stm32f10x_hd_vl.o(.text)
    DMA2_Channel5_IRQHandler                 0x08000163   Thumb Code     0  startup_stm32f10x_hd_vl.o(.text)
    EXTI0_IRQHandler                         0x08000163   Thumb Code     0  startup_stm32f10x_hd_vl.o(.text)
    EXTI15_10_IRQHandler                     0x08000163   Thumb Code     0  startup_stm32f10x_hd_vl.o(.text)
    EXTI1_IRQHandler                         0x08000163   Thumb Code     0  startup_stm32f10x_hd_vl.o(.text)
    EXTI2_IRQHandler                         0x08000163   Thumb Code     0  startup_stm32f10x_hd_vl.o(.text)
    EXTI3_IRQHandler                         0x08000163   Thumb Code     0  startup_stm32f10x_hd_vl.o(.text)
    EXTI4_IRQHandler                         0x08000163   Thumb Code     0  startup_stm32f10x_hd_vl.o(.text)
    EXTI9_5_IRQHandler                       0x08000163   Thumb Code     0  startup_stm32f10x_hd_vl.o(.text)
    FLASH_IRQHandler                         0x08000163   Thumb Code     0  startup_stm32f10x_hd_vl.o(.text)
    I2C1_ER_IRQHandler                       0x08000163   Thumb Code     0  startup_stm32f10x_hd_vl.o(.text)
    I2C1_EV_IRQHandler                       0x08000163   Thumb Code     0  startup_stm32f10x_hd_vl.o(.text)
    I2C2_ER_IRQHandler                       0x08000163   Thumb Code     0  startup_stm32f10x_hd_vl.o(.text)
    I2C2_EV_IRQHandler                       0x08000163   Thumb Code     0  startup_stm32f10x_hd_vl.o(.text)
    PVD_IRQHandler                           0x08000163   Thumb Code     0  startup_stm32f10x_hd_vl.o(.text)
    RCC_IRQHandler                           0x08000163   Thumb Code     0  startup_stm32f10x_hd_vl.o(.text)
    RTCAlarm_IRQHandler                      0x08000163   Thumb Code     0  startup_stm32f10x_hd_vl.o(.text)
    RTC_IRQHandler                           0x08000163   Thumb Code     0  startup_stm32f10x_hd_vl.o(.text)
    SPI1_IRQHandler                          0x08000163   Thumb Code     0  startup_stm32f10x_hd_vl.o(.text)
    SPI2_IRQHandler                          0x08000163   Thumb Code     0  startup_stm32f10x_hd_vl.o(.text)
    SPI3_IRQHandler                          0x08000163   Thumb Code     0  startup_stm32f10x_hd_vl.o(.text)
    TAMPER_IRQHandler                        0x08000163   Thumb Code     0  startup_stm32f10x_hd_vl.o(.text)
    TIM12_IRQHandler                         0x08000163   Thumb Code     0  startup_stm32f10x_hd_vl.o(.text)
    TIM13_IRQHandler                         0x08000163   Thumb Code     0  startup_stm32f10x_hd_vl.o(.text)
    TIM14_IRQHandler                         0x08000163   Thumb Code     0  startup_stm32f10x_hd_vl.o(.text)
    TIM1_BRK_TIM15_IRQHandler                0x08000163   Thumb Code     0  startup_stm32f10x_hd_vl.o(.text)
    TIM1_CC_IRQHandler                       0x08000163   Thumb Code     0  startup_stm32f10x_hd_vl.o(.text)
    TIM1_TRG_COM_TIM17_IRQHandler            0x08000163   Thumb Code     0  startup_stm32f10x_hd_vl.o(.text)
    TIM1_UP_TIM16_IRQHandler                 0x08000163   Thumb Code     0  startup_stm32f10x_hd_vl.o(.text)
    TIM4_IRQHandler                          0x08000163   Thumb Code     0  startup_stm32f10x_hd_vl.o(.text)
    TIM5_IRQHandler                          0x08000163   Thumb Code     0  startup_stm32f10x_hd_vl.o(.text)
    TIM6_DAC_IRQHandler                      0x08000163   Thumb Code     0  startup_stm32f10x_hd_vl.o(.text)
    TIM7_IRQHandler                          0x08000163   Thumb Code     0  startup_stm32f10x_hd_vl.o(.text)
    UART4_IRQHandler                         0x08000163   Thumb Code     0  startup_stm32f10x_hd_vl.o(.text)
    UART5_IRQHandler                         0x08000163   Thumb Code     0  startup_stm32f10x_hd_vl.o(.text)
    USART3_IRQHandler                        0x08000163   Thumb Code     0  startup_stm32f10x_hd_vl.o(.text)
    WWDG_IRQHandler                          0x08000163   Thumb Code     0  startup_stm32f10x_hd_vl.o(.text)
    __aeabi_memcpy                           0x0800016d   Thumb Code    36  memcpya.o(.text)
    __aeabi_memcpy4                          0x0800016d   Thumb Code     0  memcpya.o(.text)
    __aeabi_memcpy8                          0x0800016d   Thumb Code     0  memcpya.o(.text)
    __aeabi_fadd                             0x08000191   Thumb Code   164  fadd.o(.text)
    __aeabi_fsub                             0x08000235   Thumb Code     6  fadd.o(.text)
    __aeabi_frsub                            0x0800023b   Thumb Code     6  fadd.o(.text)
    __aeabi_fmul                             0x08000241   Thumb Code   108  fmul.o(.text)
    __aeabi_fdiv                             0x080002ad   Thumb Code   128  fdiv.o(.text)
    __aeabi_ui2f                             0x0800032d   Thumb Code    10  ffltui.o(.text)
    __aeabi_f2uiz                            0x08000337   Thumb Code    40  ffixui.o(.text)
    __I$use$fp                               0x0800035f   Thumb Code     0  iusefp.o(.text)
    _float_round                             0x0800035f   Thumb Code    18  fepilogue.o(.text)
    _float_epilogue                          0x08000371   Thumb Code    90  fepilogue.o(.text)
    __scatterload                            0x080003cd   Thumb Code    28  init.o(.text)
    __scatterload_rt2                        0x080003cd   Thumb Code     0  init.o(.text)
    __decompress                             0x080003f1   Thumb Code     0  __dczerorl2.o(.text)
    __decompress1                            0x080003f1   Thumb Code    92  __dczerorl2.o(.text)
    ADC_Cmd                                  0x0800044d   Thumb Code    20  stm32f10x_adc.o(i.ADC_Cmd)
    ADC_DMACmd                               0x08000461   Thumb Code    20  stm32f10x_adc.o(i.ADC_DMACmd)
    ADC_GetCalibrationStatus                 0x08000475   Thumb Code    14  stm32f10x_adc.o(i.ADC_GetCalibrationStatus)
    ADC_GetResetCalibrationStatus            0x08000483   Thumb Code    14  stm32f10x_adc.o(i.ADC_GetResetCalibrationStatus)
    ADC_Init                                 0x08000491   Thumb Code    62  stm32f10x_adc.o(i.ADC_Init)
    ADC_RegularChannelConfig                 0x080004d9   Thumb Code   116  stm32f10x_adc.o(i.ADC_RegularChannelConfig)
    ADC_ResetCalibration                     0x0800054d   Thumb Code    10  stm32f10x_adc.o(i.ADC_ResetCalibration)
    ADC_SoftwareStartConvCmd                 0x08000557   Thumb Code    20  stm32f10x_adc.o(i.ADC_SoftwareStartConvCmd)
    ADC_StartCalibration                     0x0800056b   Thumb Code    10  stm32f10x_adc.o(i.ADC_StartCalibration)
    ADCdeal                                  0x08000575   Thumb Code    36  ad.o(i.ADCdeal)
    BusFault_Handler                         0x080005a1   Thumb Code     2  stm32f10x_it.o(i.BusFault_Handler)
    CPLD_GPIO_Config                         0x080005a5   Thumb Code   112  io.o(i.CPLD_GPIO_Config)
    DAConvert                                0x08000625   Thumb Code   126  tlc5615.o(i.DAConvert)
    DMA_ADC1_Init                            0x080006b1   Thumb Code   188  ad.o(i.DMA_ADC1_Init)
    DMA_Cmd                                  0x08000779   Thumb Code    22  stm32f10x_dma.o(i.DMA_Cmd)
    DMA_DeInit                               0x08000791   Thumb Code   218  stm32f10x_dma.o(i.DMA_DeInit)
    DMA_Init                                 0x08000875   Thumb Code    58  stm32f10x_dma.o(i.DMA_Init)
    DebugMon_Handler                         0x080008af   Thumb Code     2  stm32f10x_it.o(i.DebugMon_Handler)
    EnterCriticalSection                     0x080008b1   Thumb Code     4  portserial.o(i.EnterCriticalSection)
    ExitCriticalSection                      0x080008b5   Thumb Code     4  portserial.o(i.ExitCriticalSection)
    FLASH_PrefetchBufferCmd                  0x080008b9   Thumb Code    18  stm32f10x_flash.o(i.FLASH_PrefetchBufferCmd)
    FLASH_SetLatency                         0x080008d1   Thumb Code    14  stm32f10x_flash.o(i.FLASH_SetLatency)
    GPIO_Init                                0x080008e5   Thumb Code   158  stm32f10x_gpio.o(i.GPIO_Init)
    GPIO_PinRemapConfig                      0x08000985   Thumb Code    82  stm32f10x_gpio.o(i.GPIO_PinRemapConfig)
    GPIO_ResetBits                           0x080009dd   Thumb Code     4  stm32f10x_gpio.o(i.GPIO_ResetBits)
    GPIO_SetBits                             0x080009e1   Thumb Code     4  stm32f10x_gpio.o(i.GPIO_SetBits)
    HardFault_Handler                        0x080009e5   Thumb Code     2  stm32f10x_it.o(i.HardFault_Handler)
    I2C_AcknowledgeConfig                    0x080009e7   Thumb Code    20  stm32f10x_i2c.o(i.I2C_AcknowledgeConfig)
    I2C_CheckEvent                           0x080009fb   Thumb Code    24  stm32f10x_i2c.o(i.I2C_CheckEvent)
    I2C_Cmd                                  0x08000a13   Thumb Code    20  stm32f10x_i2c.o(i.I2C_Cmd)
    I2C_EE_BufferRead                        0x08000a29   Thumb Code   232  eeprom_24c0x.o(i.I2C_EE_BufferRead)
    I2C_EE_Init                              0x08000b21   Thumb Code    14  eeprom_24c0x.o(i.I2C_EE_Init)
    I2C_GPIO_Config                          0x08000b35   Thumb Code    46  iic.o(i.I2C_GPIO_Config)
    I2C_GenerateSTART                        0x08000b69   Thumb Code    20  stm32f10x_i2c.o(i.I2C_GenerateSTART)
    I2C_GenerateSTOP                         0x08000b7d   Thumb Code    20  stm32f10x_i2c.o(i.I2C_GenerateSTOP)
    I2C_GetFlagStatus                        0x08000b91   Thumb Code    42  stm32f10x_i2c.o(i.I2C_GetFlagStatus)
    I2C_Init                                 0x08000bbd   Thumb Code   176  stm32f10x_i2c.o(i.I2C_Init)
    I2C_Mode_Config                          0x08000c75   Thumb Code    60  iic.o(i.I2C_Mode_Config)
    I2C_ReceiveData                          0x08000cb9   Thumb Code     6  stm32f10x_i2c.o(i.I2C_ReceiveData)
    I2C_Send7bitAddress                      0x08000cbf   Thumb Code    16  stm32f10x_i2c.o(i.I2C_Send7bitAddress)
    I2C_SendData                             0x08000ccf   Thumb Code     4  stm32f10x_i2c.o(i.I2C_SendData)
    IIC1_Init                                0x08000cd3   Thumb Code    14  iic.o(i.IIC1_Init)
    MemManage_Handler                        0x08000ce1   Thumb Code     2  stm32f10x_it.o(i.MemManage_Handler)
    MyMAFilter                               0x08000ce3   Thumb Code   112  systemcore.o(i.MyMAFilter)
    MyModbusBindingToHoldReg                 0x08000d55   Thumb Code    44  mymodbusdata.o(i.MyModbusBindingToHoldReg)
    MyModbusDataFromHoldReg                  0x08000d89   Thumb Code   130  mymodbusdata.o(i.MyModbusDataFromHoldReg)
    NMI_Handler                              0x08000e2d   Thumb Code     2  stm32f10x_it.o(i.NMI_Handler)
    NVIC_Configuration                       0x08000e2f   Thumb Code    74  peripheral_init.o(i.NVIC_Configuration)
    NVIC_Init                                0x08000e79   Thumb Code    90  misc.o(i.NVIC_Init)
    NVIC_PriorityGroupConfig                 0x08000edd   Thumb Code    10  misc.o(i.NVIC_PriorityGroupConfig)
    NVIC_SetVectorTable                      0x08000ef1   Thumb Code    12  misc.o(i.NVIC_SetVectorTable)
    PLL_Configuration                        0x08000f05   Thumb Code    98  pll.o(i.PLL_Configuration)
    PendSV_Handler                           0x08000f67   Thumb Code     2  stm32f10x_it.o(i.PendSV_Handler)
    Peripheral_Init                          0x08000f69   Thumb Code     4  peripheral_init.o(i.Peripheral_Init)
    RCC_AHBPeriphClockCmd                    0x08000f6d   Thumb Code    18  stm32f10x_rcc.o(i.RCC_AHBPeriphClockCmd)
    RCC_APB1PeriphClockCmd                   0x08000f85   Thumb Code    18  stm32f10x_rcc.o(i.RCC_APB1PeriphClockCmd)
    RCC_APB2PeriphClockCmd                   0x08000f9d   Thumb Code    18  stm32f10x_rcc.o(i.RCC_APB2PeriphClockCmd)
    RCC_DeInit                               0x08000fb5   Thumb Code    54  stm32f10x_rcc.o(i.RCC_DeInit)
    RCC_GetClocksFreq                        0x08000ff9   Thumb Code   136  stm32f10x_rcc.o(i.RCC_GetClocksFreq)
    RCC_GetFlagStatus                        0x08001091   Thumb Code    44  stm32f10x_rcc.o(i.RCC_GetFlagStatus)
    RCC_GetSYSCLKSource                      0x080010c1   Thumb Code    10  stm32f10x_rcc.o(i.RCC_GetSYSCLKSource)
    RCC_HCLKConfig                           0x080010d1   Thumb Code    14  stm32f10x_rcc.o(i.RCC_HCLKConfig)
    RCC_HSEConfig                            0x080010e5   Thumb Code    48  stm32f10x_rcc.o(i.RCC_HSEConfig)
    RCC_PCLK1Config                          0x08001119   Thumb Code    14  stm32f10x_rcc.o(i.RCC_PCLK1Config)
    RCC_PCLK2Config                          0x0800112d   Thumb Code    16  stm32f10x_rcc.o(i.RCC_PCLK2Config)
    RCC_PLLCmd                               0x08001141   Thumb Code     6  stm32f10x_rcc.o(i.RCC_PLLCmd)
    RCC_PLLConfig                            0x0800114d   Thumb Code    16  stm32f10x_rcc.o(i.RCC_PLLConfig)
    RCC_SYSCLKConfig                         0x08001161   Thumb Code    14  stm32f10x_rcc.o(i.RCC_SYSCLKConfig)
    RCC_WaitForHSEStartUp                    0x08001175   Thumb Code    44  stm32f10x_rcc.o(i.RCC_WaitForHSEStartUp)
    Read8421                                 0x080011a1   Thumb Code    40  cuttingpara.o(i.Read8421)
    ReadAllDataFormEEPROM                    0x080011cd   Thumb Code    32  cuttingpara.o(i.ReadAllDataFormEEPROM)
    ReadDataFromEEPROM                       0x080011f1   Thumb Code    60  cuttingpara.o(i.ReadDataFromEEPROM)
    SVC_Handler                              0x0800122d   Thumb Code     2  stm32f10x_it.o(i.SVC_Handler)
    SetCpldPwmPara                           0x08001231   Thumb Code   250  io.o(i.SetCpldPwmPara)
    SysTick_CLKSourceConfig                  0x080013c1   Thumb Code    24  misc.o(i.SysTick_CLKSourceConfig)
    SysTick_Handler                          0x080013d9   Thumb Code     2  stm32f10x_it.o(i.SysTick_Handler)
    SystemInit                               0x080013dd   Thumb Code    68  system_stm32f10x.o(i.SystemInit)
    TIM2_IRQHandler                          0x08001431   Thumb Code     4  stm32f10x_it.o(i.TIM2_IRQHandler)
    TIM3_IRQHandler                          0x08001435   Thumb Code    28  stm32f10x_it.o(i.TIM3_IRQHandler)
    TIM3_Init                                0x08001461   Thumb Code   106  tim.o(i.TIM3_Init)
    TIM_ClearFlag                            0x080014d1   Thumb Code     6  stm32f10x_tim.o(i.TIM_ClearFlag)
    TIM_ClearITPendingBit                    0x080014d7   Thumb Code     6  stm32f10x_tim.o(i.TIM_ClearITPendingBit)
    TIM_Cmd                                  0x080014dd   Thumb Code    20  stm32f10x_tim.o(i.TIM_Cmd)
    TIM_ITConfig                             0x080014f1   Thumb Code    16  stm32f10x_tim.o(i.TIM_ITConfig)
    TIM_SetCounter                           0x08001501   Thumb Code     4  stm32f10x_tim.o(i.TIM_SetCounter)
    TIM_TimeBaseInit                         0x08001505   Thumb Code   114  stm32f10x_tim.o(i.TIM_TimeBaseInit)
    UART1_IRQ                                0x080015a1   Thumb Code    46  portserial.o(i.UART1_IRQ)
    USART1_IRQHandler                        0x080015dd   Thumb Code     4  stm32f10x_it.o(i.USART1_IRQHandler)
    USART2_IRQHandler                        0x080015e1   Thumb Code     4  stm32f10x_it.o(i.USART2_IRQHandler)
    USART_ClearFlag                          0x080015e5   Thumb Code     6  stm32f10x_usart.o(i.USART_ClearFlag)
    USART_Cmd                                0x080015eb   Thumb Code    20  stm32f10x_usart.o(i.USART_Cmd)
    USART_GetFlagStatus                      0x080015ff   Thumb Code    14  stm32f10x_usart.o(i.USART_GetFlagStatus)
    USART_GetITStatus                        0x0800160d   Thumb Code    62  stm32f10x_usart.o(i.USART_GetITStatus)
    USART_ITConfig                           0x0800164b   Thumb Code    48  stm32f10x_usart.o(i.USART_ITConfig)
    USART_Init                               0x0800167d   Thumb Code   176  stm32f10x_usart.o(i.USART_Init)
    USART_ReceiveData                        0x08001731   Thumb Code     8  stm32f10x_usart.o(i.USART_ReceiveData)
    USART_SendData                           0x08001739   Thumb Code     8  stm32f10x_usart.o(i.USART_SendData)
    UsageFault_Handler                       0x08001741   Thumb Code     2  stm32f10x_it.o(i.UsageFault_Handler)
    Write8421                                0x08001745   Thumb Code    74  cuttingpara.o(i.Write8421)
    Write8421FromRotateSpeed                 0x08001795   Thumb Code    76  cuttingpara.o(i.Write8421FromRotateSpeed)
    __scatterload_copy                       0x080017e5   Thumb Code    14  handlers.o(i.__scatterload_copy)
    __scatterload_null                       0x080017f3   Thumb Code     2  handlers.o(i.__scatterload_null)
    __scatterload_zeroinit                   0x080017f5   Thumb Code    14  handlers.o(i.__scatterload_zeroinit)
    delay_init                               0x08001805   Thumb Code    46  delay.o(i.delay_init)
    delay_ms                                 0x08001841   Thumb Code    46  delay.o(i.delay_ms)
    delay_us                                 0x08001875   Thumb Code    46  delay.o(i.delay_us)
    eMBASCIIInit                             0x080018a9   Thumb Code    62  mbascii.o(i.eMBASCIIInit)
    eMBASCIIReceive                          0x080018ed   Thumb Code    66  mbascii.o(i.eMBASCIIReceive)
    eMBASCIISend                             0x08001935   Thumb Code    84  mbascii.o(i.eMBASCIISend)
    eMBASCIIStart                            0x0800198d   Thumb Code    34  mbascii.o(i.eMBASCIIStart)
    eMBASCIIStop                             0x080019b5   Thumb Code    26  mbascii.o(i.eMBASCIIStop)
    eMBEnable                                0x080019d1   Thumb Code    28  mb.o(i.eMBEnable)
    eMBFuncReadCoils                         0x080019f1   Thumb Code   114  mbfunccoils.o(i.eMBFuncReadCoils)
    eMBFuncReadDiscreteInputs                0x08001a63   Thumb Code   114  mbfuncdisc.o(i.eMBFuncReadDiscreteInputs)
    eMBFuncReadHoldingRegister               0x08001ad5   Thumb Code    92  mbfuncholding.o(i.eMBFuncReadHoldingRegister)
    eMBFuncReadInputRegister                 0x08001b31   Thumb Code    96  mbfuncinput.o(i.eMBFuncReadInputRegister)
    eMBFuncReadWriteMultipleHoldingRegister  0x08001b91   Thumb Code   154  mbfuncholding.o(i.eMBFuncReadWriteMultipleHoldingRegister)
    eMBFuncReportSlaveID                     0x08001c2d   Thumb Code    26  mbfuncother.o(i.eMBFuncReportSlaveID)
    eMBFuncWriteCoil                         0x08001c51   Thumb Code    86  mbfunccoils.o(i.eMBFuncWriteCoil)
    eMBFuncWriteHoldingRegister              0x08001ca7   Thumb Code    50  mbfuncholding.o(i.eMBFuncWriteHoldingRegister)
    eMBFuncWriteMultipleCoils                0x08001cd9   Thumb Code   100  mbfunccoils.o(i.eMBFuncWriteMultipleCoils)
    eMBFuncWriteMultipleHoldingRegister      0x08001d3d   Thumb Code    78  mbfuncholding.o(i.eMBFuncWriteMultipleHoldingRegister)
    eMBInit                                  0x08001d8d   Thumb Code   140  mb.o(i.eMBInit)
    eMBPoll                                  0x08001e55   Thumb Code   176  mb.o(i.eMBPoll)
    eMBRTUInit                               0x08001f09   Thumb Code    72  mbrtu.o(i.eMBRTUInit)
    eMBRTUReceive                            0x08001f55   Thumb Code    68  mbrtu.o(i.eMBRTUReceive)
    eMBRTUSend                               0x08001fa1   Thumb Code    98  mbrtu.o(i.eMBRTUSend)
    eMBRTUStart                              0x0800200d   Thumb Code    32  mbrtu.o(i.eMBRTUStart)
    eMBRTUStop                               0x08002031   Thumb Code    26  mbrtu.o(i.eMBRTUStop)
    eMBRegCoilsCB                            0x0800204d   Thumb Code    38  mymodbusdata.o(i.eMBRegCoilsCB)
    eMBRegDiscreteCB                         0x0800207d   Thumb Code    38  mymodbusdata.o(i.eMBRegDiscreteCB)
    eMBRegHoldingCB                          0x080020ad   Thumb Code   100  mymodbusdata.o(i.eMBRegHoldingCB)
    eMBRegInputCB                            0x08002115   Thumb Code    40  mymodbusdata.o(i.eMBRegInputCB)
    main                                     0x08002145   Thumb Code   146  main.o(i.main)
    prveMBError2Exception                    0x080021e1   Thumb Code    24  mbutils.o(i.prveMBError2Exception)
    prvvTIMERExpiredISR                      0x08002231   Thumb Code     6  porttimer.o(i.prvvTIMERExpiredISR)
    usMBCRC16                                0x0800223d   Thumb Code    44  mbcrc.o(i.usMBCRC16)
    vMBPortSerialEnable                      0x0800226d   Thumb Code    48  portserial.o(i.vMBPortSerialEnable)
    vMBPortTimersDisable                     0x080022a1   Thumb Code    26  porttimer.o(i.vMBPortTimersDisable)
    vMBPortTimersEnable                      0x080022bb   Thumb Code    42  porttimer.o(i.vMBPortTimersEnable)
    xMBASCIIReceiveFSM                       0x080022e5   Thumb Code   214  mbascii.o(i.xMBASCIIReceiveFSM)
    xMBASCIITimerT1SExpired                  0x080023c1   Thumb Code    26  mbascii.o(i.xMBASCIITimerT1SExpired)
    xMBASCIITransmitFSM                      0x080023e1   Thumb Code   160  mbascii.o(i.xMBASCIITransmitFSM)
    xMBPortEventGet                          0x08002485   Thumb Code    24  portevent.o(i.xMBPortEventGet)
    xMBPortEventInit                         0x080024a1   Thumb Code    10  portevent.o(i.xMBPortEventInit)
    xMBPortEventPost                         0x080024b1   Thumb Code    12  portevent.o(i.xMBPortEventPost)
    xMBPortSerialGetByte                     0x080024c1   Thumb Code    28  portserial.o(i.xMBPortSerialGetByte)
    xMBPortSerialInit                        0x080024e1   Thumb Code   206  portserial.o(i.xMBPortSerialInit)
    xMBPortSerialPutByte                     0x080025b9   Thumb Code    28  portserial.o(i.xMBPortSerialPutByte)
    xMBPortTimersInit                        0x080025d9   Thumb Code    72  porttimer.o(i.xMBPortTimersInit)
    xMBRTUReceiveFSM                         0x08002621   Thumb Code    88  mbrtu.o(i.xMBRTUReceiveFSM)
    xMBRTUTimerT35Expired                    0x08002681   Thumb Code    34  mbrtu.o(i.xMBRTUTimerT35Expired)
    xMBRTUTransmitFSM                        0x080026a9   Thumb Code    76  mbrtu.o(i.xMBRTUTransmitFSM)
    Region$$Table$$Base                      0x080028f8   Number         0  anon$$obj.o(Region$$Table)
    Region$$Table$$Limit                     0x08002918   Number         0  anon$$obj.o(Region$$Table)
    TimesOfLow                               0x20000000   Data           1  main.o(.data)
    RotateHz                                 0x20000001   Data           1  main.o(.data)
    PWMTime_us                               0x20000002   Data           2  main.o(.data)
    PWMTime                                  0x20000004   Data           2  main.o(.data)
    temp2                                    0x20000006   Data           2  main.o(.data)
    SetDA                                    0x20000008   Data           4  main.o(.data)
    SetDA_A                                  0x2000000c   Data           4  main.o(.data)
    CpldEN                                   0x20000014   Data           1  io.o(.data)
    EEPROM_ADDRESS                           0x20000018   Data           2  eeprom_24c0x.o(.data)
    ADCConvertedValue                        0x20000020   Data           4  ad.o(.data)
    AD_Value                                 0x20000024   Data           4  ad.o(.data)
    ADFilter                                 0x20000028   Data          76  ad.o(.data)
    mbTemp                                   0x20000078   Data           2  mymodbusdata.o(.data)
    usRegHoldingBuf                          0x2000007a   Data          16  mymodbusdata.o(.data)
    CuttingParaSave                          0x2000008c   Data          64  cuttingpara.o(.data)
    CuttingParaCom                           0x200000cc   Data           8  cuttingpara.o(.data)
    CuttingNumber                            0x200000d4   Data           4  cuttingpara.o(.data)
    SystemCoreClock                          0x200000ec   Data           4  system_stm32f10x.o(.data)
    AHBPrescTable                            0x200000f0   Data          16  system_stm32f10x.o(.data)
    pxMBFrameCBByteReceived                  0x20000124   Data           4  mb.o(.data)
    pxMBFrameCBTransmitterEmpty              0x20000128   Data           4  mb.o(.data)
    pxMBPortCBTimerExpired                   0x2000012c   Data           4  mb.o(.data)
    ucRTUBuf                                 0x200001f0   Data         256  mbrtu.o(.bss)
    __initial_sp                             0x200006f0   Data           0  startup_stm32f10x_hd_vl.o(STACK)



==============================================================================

Memory Map of the image

  Image Entry point : 0x08000135

  Load Region LR_IROM1 (Base: 0x08000000, Size: 0x00002ae8, Max: 0x00010000, ABSOLUTE, COMPRESSED[0x000029c0])

    Execution Region ER_IROM1 (Base: 0x08000000, Size: 0x00002918, Max: 0x00010000, ABSOLUTE)

    Base Addr    Size         Type   Attr      Idx    E Section Name        Object

    0x08000000   0x00000134   Data   RO         3886    RESET               startup_stm32f10x_hd_vl.o
    0x08000134   0x00000000   Code   RO         4377  * .ARM.Collect$$$$00000000  mc_w.l(entry.o)
    0x08000134   0x00000004   Code   RO         4402    .ARM.Collect$$$$00000001  mc_w.l(entry2.o)
    0x08000138   0x00000004   Code   RO         4405    .ARM.Collect$$$$00000004  mc_w.l(entry5.o)
    0x0800013c   0x00000000   Code   RO         4407    .ARM.Collect$$$$00000008  mc_w.l(entry7b.o)
    0x0800013c   0x00000000   Code   RO         4409    .ARM.Collect$$$$0000000A  mc_w.l(entry8b.o)
    0x0800013c   0x00000008   Code   RO         4410    .ARM.Collect$$$$0000000B  mc_w.l(entry9a.o)
    0x08000144   0x00000000   Code   RO         4412    .ARM.Collect$$$$0000000D  mc_w.l(entry10a.o)
    0x08000144   0x00000000   Code   RO         4414    .ARM.Collect$$$$0000000F  mc_w.l(entry11a.o)
    0x08000144   0x00000004   Code   RO         4403    .ARM.Collect$$$$00002712  mc_w.l(entry2.o)
    0x08000148   0x00000024   Code   RO         3887    .text               startup_stm32f10x_hd_vl.o
    0x0800016c   0x00000024   Code   RO         4380    .text               mc_w.l(memcpya.o)
    0x08000190   0x000000b0   Code   RO         4384    .text               mf_w.l(fadd.o)
    0x08000240   0x0000006c   Code   RO         4386    .text               mf_w.l(fmul.o)
    0x080002ac   0x00000080   Code   RO         4388    .text               mf_w.l(fdiv.o)
    0x0800032c   0x0000000a   Code   RO         4392    .text               mf_w.l(ffltui.o)
    0x08000336   0x00000028   Code   RO         4394    .text               mf_w.l(ffixui.o)
    0x0800035e   0x00000000   Code   RO         4423    .text               mc_w.l(iusefp.o)
    0x0800035e   0x0000006c   Code   RO         4424    .text               mf_w.l(fepilogue.o)
    0x080003ca   0x00000002   PAD
    0x080003cc   0x00000024   Code   RO         4432    .text               mc_w.l(init.o)
    0x080003f0   0x0000005c   Code   RO         4446    .text               mc_w.l(__dczerorl2.o)
    0x0800044c   0x00000014   Code   RO         2489    i.ADC_Cmd           stm32f10x_adc.o
    0x08000460   0x00000014   Code   RO         2490    i.ADC_DMACmd        stm32f10x_adc.o
    0x08000474   0x0000000e   Code   RO         2497    i.ADC_GetCalibrationStatus  stm32f10x_adc.o
    0x08000482   0x0000000e   Code   RO         2503    i.ADC_GetResetCalibrationStatus  stm32f10x_adc.o
    0x08000490   0x00000048   Code   RO         2507    i.ADC_Init          stm32f10x_adc.o
    0x080004d8   0x00000074   Code   RO         2511    i.ADC_RegularChannelConfig  stm32f10x_adc.o
    0x0800054c   0x0000000a   Code   RO         2512    i.ADC_ResetCalibration  stm32f10x_adc.o
    0x08000556   0x00000014   Code   RO         2514    i.ADC_SoftwareStartConvCmd  stm32f10x_adc.o
    0x0800056a   0x0000000a   Code   RO         2516    i.ADC_StartCalibration  stm32f10x_adc.o
    0x08000574   0x0000002c   Code   RO          816    i.ADCdeal           ad.o
    0x080005a0   0x00000002   Code   RO            1    i.BusFault_Handler  stm32f10x_it.o
    0x080005a2   0x00000002   PAD
    0x080005a4   0x00000080   Code   RO          633    i.CPLD_GPIO_Config  io.o
    0x08000624   0x0000008c   Code   RO          722    i.DAConvert         tlc5615.o
    0x080006b0   0x000000c8   Code   RO          817    i.DMA_ADC1_Init     ad.o
    0x08000778   0x00000016   Code   RO         2203    i.DMA_Cmd           stm32f10x_dma.o
    0x0800078e   0x00000002   PAD
    0x08000790   0x000000e4   Code   RO         2204    i.DMA_DeInit        stm32f10x_dma.o
    0x08000874   0x0000003a   Code   RO         2209    i.DMA_Init          stm32f10x_dma.o
    0x080008ae   0x00000002   Code   RO            2    i.DebugMon_Handler  stm32f10x_it.o
    0x080008b0   0x00000004   Code   RO         3930    i.EnterCriticalSection  portserial.o
    0x080008b4   0x00000004   Code   RO         3931    i.ExitCriticalSection  portserial.o
    0x080008b8   0x00000018   Code   RO         3049    i.FLASH_PrefetchBufferCmd  stm32f10x_flash.o
    0x080008d0   0x00000014   Code   RO         3054    i.FLASH_SetLatency  stm32f10x_flash.o
    0x080008e4   0x0000009e   Code   RO         1349    i.GPIO_Init         stm32f10x_gpio.o
    0x08000982   0x00000002   PAD
    0x08000984   0x00000058   Code   RO         1351    i.GPIO_PinRemapConfig  stm32f10x_gpio.o
    0x080009dc   0x00000004   Code   RO         1356    i.GPIO_ResetBits    stm32f10x_gpio.o
    0x080009e0   0x00000004   Code   RO         1357    i.GPIO_SetBits      stm32f10x_gpio.o
    0x080009e4   0x00000002   Code   RO            3    i.HardFault_Handler  stm32f10x_it.o
    0x080009e6   0x00000014   Code   RO         2277    i.I2C_AcknowledgeConfig  stm32f10x_i2c.o
    0x080009fa   0x00000018   Code   RO         2279    i.I2C_CheckEvent    stm32f10x_i2c.o
    0x08000a12   0x00000014   Code   RO         2282    i.I2C_Cmd           stm32f10x_i2c.o
    0x08000a26   0x00000002   PAD
    0x08000a28   0x000000f8   Code   RO          659    i.I2C_EE_BufferRead  eeprom_24c0x.o
    0x08000b20   0x00000014   Code   RO          662    i.I2C_EE_Init       eeprom_24c0x.o
    0x08000b34   0x00000034   Code   RO          761    i.I2C_GPIO_Config   iic.o
    0x08000b68   0x00000014   Code   RO         2289    i.I2C_GenerateSTART  stm32f10x_i2c.o
    0x08000b7c   0x00000014   Code   RO         2290    i.I2C_GenerateSTOP  stm32f10x_i2c.o
    0x08000b90   0x0000002a   Code   RO         2291    i.I2C_GetFlagStatus  stm32f10x_i2c.o
    0x08000bba   0x00000002   PAD
    0x08000bbc   0x000000b8   Code   RO         2296    i.I2C_Init          stm32f10x_i2c.o
    0x08000c74   0x00000044   Code   RO          762    i.I2C_Mode_Config   iic.o
    0x08000cb8   0x00000006   Code   RO         2301    i.I2C_ReceiveData   stm32f10x_i2c.o
    0x08000cbe   0x00000010   Code   RO         2303    i.I2C_Send7bitAddress  stm32f10x_i2c.o
    0x08000cce   0x00000004   Code   RO         2304    i.I2C_SendData      stm32f10x_i2c.o
    0x08000cd2   0x0000000e   Code   RO          763    i.IIC1_Init         iic.o
    0x08000ce0   0x00000002   Code   RO            4    i.MemManage_Handler  stm32f10x_it.o
    0x08000ce2   0x00000070   Code   RO          786    i.MyMAFilter        systemcore.o
    0x08000d52   0x00000002   PAD
    0x08000d54   0x00000034   Code   RO          840    i.MyModbusBindingToHoldReg  mymodbusdata.o
    0x08000d88   0x000000a4   Code   RO          841    i.MyModbusDataFromHoldReg  mymodbusdata.o
    0x08000e2c   0x00000002   Code   RO            5    i.NMI_Handler       stm32f10x_it.o
    0x08000e2e   0x0000004a   Code   RO          405    i.NVIC_Configuration  peripheral_init.o
    0x08000e78   0x00000064   Code   RO         1463    i.NVIC_Init         misc.o
    0x08000edc   0x00000014   Code   RO         1464    i.NVIC_PriorityGroupConfig  misc.o
    0x08000ef0   0x00000014   Code   RO         1465    i.NVIC_SetVectorTable  misc.o
    0x08000f04   0x00000062   Code   RO          984    i.PLL_Configuration  pll.o
    0x08000f66   0x00000002   Code   RO            6    i.PendSV_Handler    stm32f10x_it.o
    0x08000f68   0x00000004   Code   RO          406    i.Peripheral_Init   peripheral_init.o
    0x08000f6c   0x00000018   Code   RO         1062    i.RCC_AHBPeriphClockCmd  stm32f10x_rcc.o
    0x08000f84   0x00000018   Code   RO         1063    i.RCC_APB1PeriphClockCmd  stm32f10x_rcc.o
    0x08000f9c   0x00000018   Code   RO         1065    i.RCC_APB2PeriphClockCmd  stm32f10x_rcc.o
    0x08000fb4   0x00000044   Code   RO         1072    i.RCC_DeInit        stm32f10x_rcc.o
    0x08000ff8   0x00000098   Code   RO         1073    i.RCC_GetClocksFreq  stm32f10x_rcc.o
    0x08001090   0x00000030   Code   RO         1074    i.RCC_GetFlagStatus  stm32f10x_rcc.o
    0x080010c0   0x00000010   Code   RO         1076    i.RCC_GetSYSCLKSource  stm32f10x_rcc.o
    0x080010d0   0x00000014   Code   RO         1077    i.RCC_HCLKConfig    stm32f10x_rcc.o
    0x080010e4   0x00000034   Code   RO         1078    i.RCC_HSEConfig     stm32f10x_rcc.o
    0x08001118   0x00000014   Code   RO         1084    i.RCC_PCLK1Config   stm32f10x_rcc.o
    0x0800112c   0x00000014   Code   RO         1085    i.RCC_PCLK2Config   stm32f10x_rcc.o
    0x08001140   0x0000000c   Code   RO         1086    i.RCC_PLLCmd        stm32f10x_rcc.o
    0x0800114c   0x00000014   Code   RO         1087    i.RCC_PLLConfig     stm32f10x_rcc.o
    0x08001160   0x00000014   Code   RO         1091    i.RCC_SYSCLKConfig  stm32f10x_rcc.o
    0x08001174   0x0000002c   Code   RO         1093    i.RCC_WaitForHSEStartUp  stm32f10x_rcc.o
    0x080011a0   0x0000002c   Code   RO         1000    i.Read8421          cuttingpara.o
    0x080011cc   0x00000024   Code   RO         1001    i.ReadAllDataFormEEPROM  cuttingpara.o
    0x080011f0   0x0000003c   Code   RO         1002    i.ReadDataFromEEPROM  cuttingpara.o
    0x0800122c   0x00000002   Code   RO            7    i.SVC_Handler       stm32f10x_it.o
    0x0800122e   0x00000002   PAD
    0x08001230   0x00000108   Code   RO          634    i.SetCpldPwmPara    io.o
    0x08001338   0x00000088   Code   RO         3843    i.SetSysClockTo24   system_stm32f10x.o
    0x080013c0   0x00000018   Code   RO         1467    i.SysTick_CLKSourceConfig  misc.o
    0x080013d8   0x00000002   Code   RO            8    i.SysTick_Handler   stm32f10x_it.o
    0x080013da   0x00000002   PAD
    0x080013dc   0x00000054   Code   RO         3845    i.SystemInit        system_stm32f10x.o
    0x08001430   0x00000004   Code   RO            9    i.TIM2_IRQHandler   stm32f10x_it.o
    0x08001434   0x0000002c   Code   RO           10    i.TIM3_IRQHandler   stm32f10x_it.o
    0x08001460   0x00000070   Code   RO          886    i.TIM3_Init         tim.o
    0x080014d0   0x00000006   Code   RO         3304    i.TIM_ClearFlag     stm32f10x_tim.o
    0x080014d6   0x00000006   Code   RO         3305    i.TIM_ClearITPendingBit  stm32f10x_tim.o
    0x080014dc   0x00000014   Code   RO         3310    i.TIM_Cmd           stm32f10x_tim.o
    0x080014f0   0x00000010   Code   RO         3335    i.TIM_ITConfig      stm32f10x_tim.o
    0x08001500   0x00000004   Code   RO         3375    i.TIM_SetCounter    stm32f10x_tim.o
    0x08001504   0x0000009c   Code   RO         3381    i.TIM_TimeBaseInit  stm32f10x_tim.o
    0x080015a0   0x0000003c   Code   RO         3932    i.UART1_IRQ         portserial.o
    0x080015dc   0x00000004   Code   RO           11    i.USART1_IRQHandler  stm32f10x_it.o
    0x080015e0   0x00000004   Code   RO           12    i.USART2_IRQHandler  stm32f10x_it.o
    0x080015e4   0x00000006   Code   RO         1829    i.USART_ClearFlag   stm32f10x_usart.o
    0x080015ea   0x00000014   Code   RO         1833    i.USART_Cmd         stm32f10x_usart.o
    0x080015fe   0x0000000e   Code   RO         1836    i.USART_GetFlagStatus  stm32f10x_usart.o
    0x0800160c   0x0000003e   Code   RO         1837    i.USART_GetITStatus  stm32f10x_usart.o
    0x0800164a   0x00000030   Code   RO         1839    i.USART_ITConfig    stm32f10x_usart.o
    0x0800167a   0x00000002   PAD
    0x0800167c   0x000000b4   Code   RO         1840    i.USART_Init        stm32f10x_usart.o
    0x08001730   0x00000008   Code   RO         1847    i.USART_ReceiveData  stm32f10x_usart.o
    0x08001738   0x00000008   Code   RO         1850    i.USART_SendData    stm32f10x_usart.o
    0x08001740   0x00000002   Code   RO           13    i.UsageFault_Handler  stm32f10x_it.o
    0x08001742   0x00000002   PAD
    0x08001744   0x00000050   Code   RO         1005    i.Write8421         cuttingpara.o
    0x08001794   0x00000050   Code   RO         1006    i.Write8421FromRotateSpeed  cuttingpara.o
    0x080017e4   0x0000000e   Code   RO         4440    i.__scatterload_copy  mc_w.l(handlers.o)
    0x080017f2   0x00000002   Code   RO         4441    i.__scatterload_null  mc_w.l(handlers.o)
    0x080017f4   0x0000000e   Code   RO         4442    i.__scatterload_zeroinit  mc_w.l(handlers.o)
    0x08001802   0x00000002   PAD
    0x08001804   0x0000003c   Code   RO          290    i.delay_init        delay.o
    0x08001840   0x00000034   Code   RO          291    i.delay_ms          delay.o
    0x08001874   0x00000034   Code   RO          292    i.delay_us          delay.o
    0x080018a8   0x00000044   Code   RO         4092    i.eMBASCIIInit      mbascii.o
    0x080018ec   0x00000048   Code   RO         4093    i.eMBASCIIReceive   mbascii.o
    0x08001934   0x00000058   Code   RO         4094    i.eMBASCIISend      mbascii.o
    0x0800198c   0x00000028   Code   RO         4095    i.eMBASCIIStart     mbascii.o
    0x080019b4   0x0000001a   Code   RO         4096    i.eMBASCIIStop      mbascii.o
    0x080019ce   0x00000002   PAD
    0x080019d0   0x00000020   Code   RO         4023    i.eMBEnable         mb.o
    0x080019f0   0x00000072   Code   RO         4162    i.eMBFuncReadCoils  mbfunccoils.o
    0x08001a62   0x00000072   Code   RO         4189    i.eMBFuncReadDiscreteInputs  mbfuncdisc.o
    0x08001ad4   0x0000005c   Code   RO         4201    i.eMBFuncReadHoldingRegister  mbfuncholding.o
    0x08001b30   0x00000060   Code   RO         4231    i.eMBFuncReadInputRegister  mbfuncinput.o
    0x08001b90   0x0000009a   Code   RO         4202    i.eMBFuncReadWriteMultipleHoldingRegister  mbfuncholding.o
    0x08001c2a   0x00000002   PAD
    0x08001c2c   0x00000024   Code   RO         4243    i.eMBFuncReportSlaveID  mbfuncother.o
    0x08001c50   0x00000056   Code   RO         4163    i.eMBFuncWriteCoil  mbfunccoils.o
    0x08001ca6   0x00000032   Code   RO         4203    i.eMBFuncWriteHoldingRegister  mbfuncholding.o
    0x08001cd8   0x00000064   Code   RO         4164    i.eMBFuncWriteMultipleCoils  mbfunccoils.o
    0x08001d3c   0x0000004e   Code   RO         4204    i.eMBFuncWriteMultipleHoldingRegister  mbfuncholding.o
    0x08001d8a   0x00000002   PAD
    0x08001d8c   0x000000c8   Code   RO         4024    i.eMBInit           mb.o
    0x08001e54   0x000000b4   Code   RO         4025    i.eMBPoll           mb.o
    0x08001f08   0x0000004c   Code   RO         4302    i.eMBRTUInit        mbrtu.o
    0x08001f54   0x0000004c   Code   RO         4303    i.eMBRTUReceive     mbrtu.o
    0x08001fa0   0x0000006c   Code   RO         4304    i.eMBRTUSend        mbrtu.o
    0x0800200c   0x00000024   Code   RO         4305    i.eMBRTUStart       mbrtu.o
    0x08002030   0x0000001a   Code   RO         4306    i.eMBRTUStop        mbrtu.o
    0x0800204a   0x00000002   PAD
    0x0800204c   0x00000030   Code   RO          842    i.eMBRegCoilsCB     mymodbusdata.o
    0x0800207c   0x00000030   Code   RO          843    i.eMBRegDiscreteCB  mymodbusdata.o
    0x080020ac   0x00000068   Code   RO          844    i.eMBRegHoldingCB   mymodbusdata.o
    0x08002114   0x00000030   Code   RO          845    i.eMBRegInputCB     mymodbusdata.o
    0x08002144   0x0000009c   Code   RO          211    i.main              main.o
    0x080021e0   0x00000018   Code   RO         4264    i.prveMBError2Exception  mbutils.o
    0x080021f8   0x0000001a   Code   RO         4097    i.prvucMBBIN2CHAR   mbascii.o
    0x08002212   0x0000001c   Code   RO         4098    i.prvucMBLRC        mbascii.o
    0x0800222e   0x00000002   PAD
    0x08002230   0x0000000c   Code   RO         3991    i.prvvTIMERExpiredISR  porttimer.o
    0x0800223c   0x00000030   Code   RO         4288    i.usMBCRC16         mbcrc.o
    0x0800226c   0x00000034   Code   RO         3933    i.vMBPortSerialEnable  portserial.o
    0x080022a0   0x0000001a   Code   RO         3992    i.vMBPortTimersDisable  porttimer.o
    0x080022ba   0x0000002a   Code   RO         3993    i.vMBPortTimersEnable  porttimer.o
    0x080022e4   0x000000dc   Code   RO         4099    i.xMBASCIIReceiveFSM  mbascii.o
    0x080023c0   0x00000020   Code   RO         4100    i.xMBASCIITimerT1SExpired  mbascii.o
    0x080023e0   0x000000a4   Code   RO         4101    i.xMBASCIITransmitFSM  mbascii.o
    0x08002484   0x0000001c   Code   RO         3891    i.xMBPortEventGet   portevent.o
    0x080024a0   0x00000010   Code   RO         3892    i.xMBPortEventInit  portevent.o
    0x080024b0   0x00000010   Code   RO         3893    i.xMBPortEventPost  portevent.o
    0x080024c0   0x00000020   Code   RO         3934    i.xMBPortSerialGetByte  portserial.o
    0x080024e0   0x000000d8   Code   RO         3935    i.xMBPortSerialInit  portserial.o
    0x080025b8   0x00000020   Code   RO         3936    i.xMBPortSerialPutByte  portserial.o
    0x080025d8   0x00000048   Code   RO         3994    i.xMBPortTimersInit  porttimer.o
    0x08002620   0x00000060   Code   RO         4307    i.xMBRTUReceiveFSM  mbrtu.o
    0x08002680   0x00000028   Code   RO         4308    i.xMBRTUTimerT35Expired  mbrtu.o
    0x080026a8   0x00000050   Code   RO         4309    i.xMBRTUTransmitFSM  mbrtu.o
    0x080026f8   0x00000200   Data   RO         4289    .constdata          mbcrc.o
    0x080028f8   0x00000020   Data   RO         4438    Region$$Table       anon$$obj.o


    Execution Region RW_IRAM1 (Base: 0x20000000, Size: 0x000006f0, Max: 0x00005000, ABSOLUTE, COMPRESSED[0x000000a8])

    Base Addr    Size         Type   Attr      Idx    E Section Name        Object

    0x20000000   0x00000010   Data   RW          212    .data               main.o
    0x20000010   0x00000004   Data   RW          293    .data               delay.o
    0x20000014   0x00000004   Data   RW          635    .data               io.o
    0x20000018   0x00000002   Data   RW          666    .data               eeprom_24c0x.o
    0x2000001a   0x00000002   PAD
    0x2000001c   0x00000004   Data   RW          724    .data               tlc5615.o
    0x20000020   0x00000054   Data   RW          818    .data               ad.o
    0x20000074   0x00000016   Data   RW          846    .data               mymodbusdata.o
    0x2000008a   0x00000042   Data   RW         1007    .data               cuttingpara.o
    0x200000cc   0x00000008   Data   RW         1008    .data               cuttingpara.o
    0x200000d4   0x00000004   Data   RW         1009    .data               cuttingpara.o
    0x200000d8   0x00000014   Data   RW         1094    .data               stm32f10x_rcc.o
    0x200000ec   0x00000014   Data   RW         3846    .data               system_stm32f10x.o
    0x20000100   0x00000002   Data   RW         3894    .data               portevent.o
    0x20000102   0x00000002   PAD
    0x20000104   0x000000ac   Data   RW         4027    .data               mb.o
    0x200001b0   0x00000010   Data   RW         4102    .data               mbascii.o
    0x200001c0   0x00000002   Data   RW         4246    .data               mbfuncother.o
    0x200001c2   0x00000002   PAD
    0x200001c4   0x0000000c   Data   RW         4311    .data               mbrtu.o
    0x200001d0   0x00000020   Zero   RW         4245    .bss                mbfuncother.o
    0x200001f0   0x00000100   Zero   RW         4310    .bss                mbrtu.o
    0x200002f0   0x00000400   Zero   RW         3884    STACK               startup_stm32f10x_hd_vl.o


==============================================================================

Image component sizes


      Code (inc. data)   RO Data    RW Data    ZI Data      Debug   Object Name

       244         20          0         84          0       1680   ad.o
         0          0          0          0          0         32   core_cm3.o
       300         18          0         78          0       3790   cuttingpara.o
       164         26          0          4          0     254139   delay.o
       268         22          0          2          0       2158   eeprom_24c0x.o
       134         14          0          0          0       1728   iic.o
       392         30          0          4          0       1703   io.o
       156         10          0         16          0     207252   main.o
       412         68          0        172          0       4532   mb.o
       764         44          0         16          0       7447   mbascii.o
        48          4        512          0          0       1148   mbcrc.o
       300          0          0          0          0       3366   mbfunccoils.o
       114          0          0          0          0       1420   mbfuncdisc.o
       374          0          0          0          0       4647   mbfuncholding.o
        96          0          0          0          0       1443   mbfuncinput.o
        36         10          0          2         32       1307   mbfuncother.o
       538         44          0         12        256       5787   mbrtu.o
        24          0          0          0          0        596   mbutils.o
       164         28          0          0          0       4639   misc.o
       464         74          0         22          0       4620   mymodbusdata.o
        78          0          0          0          0        971   peripheral_init.o
        98          0          0          0          0        528   pll.o
        60         14          0          2          0       3533   portevent.o
       400         36          0          0          0       7084   portserial.o
       152          6          0          0          0       2039   porttimer.o
        36          8        308          0       1024        912   startup_stm32f10x_hd_vl.o
       296         10          0          0          0      16821   stm32f10x_adc.o
       308         10          0          0          0      13634   stm32f10x_dma.o
        44         12          0          0          0       1149   stm32f10x_flash.o
       254          6          0          0          0      22498   stm32f10x_gpio.o
       356          8          0          0          0      16024   stm32f10x_i2c.o
        74         16          0          0          0     241974   stm32f10x_it.o
       564         94          0         20          0     226942   stm32f10x_rcc.o
       208         42          0          0          0      25596   stm32f10x_tim.o
       346          4          0          0          0      12975   stm32f10x_usart.o
       220         22          0         20          0       1865   system_stm32f10x.o
       112          0          0          0          0       3401   systemcore.o
       112          6          0          0          0     227620   tim.o
       140         14          0          4          0       3192   tlc5615.o

    ----------------------------------------------------------------------
      8880        720        852        464       1312    1342192   Object Totals
         0          0         32          0          0          0   (incl. Generated)
        30          0          0          6          0          0   (incl. Padding)

    ----------------------------------------------------------------------

      Code (inc. data)   RO Data    RW Data    ZI Data      Debug   Library Member Name

        92          0          0          0          0          0   __dczerorl2.o
         0          0          0          0          0          0   entry.o
         0          0          0          0          0          0   entry10a.o
         0          0          0          0          0          0   entry11a.o
         8          4          0          0          0          0   entry2.o
         4          0          0          0          0          0   entry5.o
         0          0          0          0          0          0   entry7b.o
         0          0          0          0          0          0   entry8b.o
         8          4          0          0          0          0   entry9a.o
        30          0          0          0          0          0   handlers.o
        36          8          0          0          0         68   init.o
         0          0          0          0          0          0   iusefp.o
        36          0          0          0          0         68   memcpya.o
       176          0          0          0          0        140   fadd.o
       128          0          0          0          0         88   fdiv.o
       108          0          0          0          0        168   fepilogue.o
        40          0          0          0          0         68   ffixui.o
        10          0          0          0          0         68   ffltui.o
       108          0          0          0          0         76   fmul.o

    ----------------------------------------------------------------------
       788         16          0          0          0        744   Library Totals
         4          0          0          0          0          0   (incl. Padding)

    ----------------------------------------------------------------------

      Code (inc. data)   RO Data    RW Data    ZI Data      Debug   Library Name

       214         16          0          0          0        136   mc_w.l
       570          0          0          0          0        608   mf_w.l

    ----------------------------------------------------------------------
       788         16          0          0          0        744   Library Totals

    ----------------------------------------------------------------------

==============================================================================


      Code (inc. data)   RO Data    RW Data    ZI Data      Debug   

      9668        736        852        464       1312    1334824   Grand Totals
      9668        736        852        168       1312    1334824   ELF Image Totals (compressed)
      9668        736        852        168          0          0   ROM Totals

==============================================================================

    Total RO  Size (Code + RO Data)                10520 (  10.27kB)
    Total RW  Size (RW Data + ZI Data)              1776 (   1.73kB)
    Total ROM Size (Code + RO Data + RW Data)      10688 (  10.44kB)

==============================================================================

