ARM Linker, 5.03 [Build 76] [MDK-ARM Standard]

==============================================================================

Section Cross References

    stm32f10x_it.o(i.TIM2_IRQHandler) refers to porttimer.o(i.prvvTIMERExpiredISR) for prvvTIMERExpiredISR
    stm32f10x_it.o(i.TIM3_IRQHandler) refers to stm32f10x_tim.o(i.TIM_ClearITPendingBit) for TIM_ClearITPendingBit
    stm32f10x_it.o(i.TIM3_IRQHandler) refers to io.o(i.SetCpldPwmPara) for SetCpldPwmPara
    stm32f10x_it.o(i.TIM3_IRQHandler) refers to io.o(.data) for CpldEN
    stm32f10x_it.o(i.TIM3_IRQHandler) refers to main.o(.data) for PWMTime_us
    stm32f10x_it.o(i.TIM3_IRQHandler) refers to main.o(.data) for PWMTime
    stm32f10x_it.o(i.TIM3_IRQHandler) refers to main.o(.data) for TimesOfLow
    stm32f10x_it.o(i.USART1_IRQHandler) refers to portserial.o(i.UART1_IRQ) for UART1_IRQ
    stm32f10x_it.o(i.USART2_IRQHandler) refers to portserial.o(i.UART1_IRQ) for UART1_IRQ
    main.o(i.main) refers to pll.o(i.PLL_Configuration) for PLL_Configuration
    main.o(i.main) refers to peripheral_init.o(i.Peripheral_Init) for Peripheral_Init
    main.o(i.main) refers to delay.o(i.delay_init) for delay_init
    main.o(i.main) refers to ad.o(i.DMA_ADC1_Init) for DMA_ADC1_Init
    main.o(i.main) refers to io.o(i.CPLD_GPIO_Config) for CPLD_GPIO_Config
    main.o(i.main) refers to eeprom_24c0x.o(i.I2C_EE_Init) for I2C_EE_Init
    main.o(i.main) refers to tim.o(i.TIM3_Init) for TIM3_Init
    main.o(i.main) refers to eeprom_24c0x.o(i.EEPROM_Test) for EEPROM_Test
    main.o(i.main) refers to io.o(i.SetCpldPwmPara) for SetCpldPwmPara
    main.o(i.main) refers to mb.o(i.eMBInit) for eMBInit
    main.o(i.main) refers to mb.o(i.eMBEnable) for eMBEnable
    main.o(i.main) refers to ad.o(i.ADCdeal) for ADCdeal
    main.o(i.main) refers to fmul.o(.text) for __aeabi_fmul
    main.o(i.main) refers to ffixui.o(.text) for __aeabi_f2uiz
    main.o(i.main) refers to tlc5615.o(i.DAConvert) for DAConvert
    main.o(i.main) refers to mymodbusdata.o(i.MyModbusBindingToHoldReg) for MyModbusBindingToHoldReg
    main.o(i.main) refers to mb.o(i.eMBPoll) for eMBPoll
    main.o(i.main) refers to mymodbusdata.o(i.MyModbusDataFromHoldReg) for MyModbusDataFromHoldReg
    main.o(i.main) refers to delay.o(i.delay_ms) for delay_ms
    main.o(i.main) refers to main.o(.data) for .data
    delay.o(i.delay_init) refers to misc.o(i.SysTick_CLKSourceConfig) for SysTick_CLKSourceConfig
    delay.o(i.delay_init) refers to system_stm32f10x.o(.data) for SystemCoreClock
    delay.o(i.delay_init) refers to delay.o(.data) for .data
    delay.o(i.delay_ms) refers to delay.o(.data) for .data
    delay.o(i.delay_us) refers to delay.o(.data) for .data
    peripheral_init.o(i.NVIC_Configuration) refers to misc.o(i.NVIC_PriorityGroupConfig) for NVIC_PriorityGroupConfig
    peripheral_init.o(i.NVIC_Configuration) refers to misc.o(i.NVIC_SetVectorTable) for NVIC_SetVectorTable
    peripheral_init.o(i.NVIC_Configuration) refers to misc.o(i.NVIC_Init) for NVIC_Init
    peripheral_init.o(i.Peripheral_Init) refers to peripheral_init.o(i.NVIC_Configuration) for NVIC_Configuration
    peripheral_init.o(i.USART2PutByte) refers to stm32f10x_usart.o(i.USART_GetFlagStatus) for USART_GetFlagStatus
    peripheral_init.o(i.USART2PutByte) refers to stm32f10x_usart.o(i.USART_SendData) for USART_SendData
    peripheral_init.o(i.USART2_Configuration) refers to peripheral_init.o(i.USART2_GPIO_Configuration) for USART2_GPIO_Configuration
    peripheral_init.o(i.USART2_Configuration) refers to stm32f10x_usart.o(i.USART_ClockInit) for USART_ClockInit
    peripheral_init.o(i.USART2_Configuration) refers to stm32f10x_usart.o(i.USART_Init) for USART_Init
    peripheral_init.o(i.USART2_Configuration) refers to stm32f10x_usart.o(i.USART_ITConfig) for USART_ITConfig
    peripheral_init.o(i.USART2_Configuration) refers to stm32f10x_usart.o(i.USART_Cmd) for USART_Cmd
    peripheral_init.o(i.USART2_GPIO_Configuration) refers to stm32f10x_rcc.o(i.RCC_APB1PeriphClockCmd) for RCC_APB1PeriphClockCmd
    peripheral_init.o(i.USART2_GPIO_Configuration) refers to stm32f10x_rcc.o(i.RCC_APB2PeriphClockCmd) for RCC_APB2PeriphClockCmd
    peripheral_init.o(i.USART2_GPIO_Configuration) refers to stm32f10x_gpio.o(i.GPIO_Init) for GPIO_Init
    lowercomputer_v2.o(i.DisenableLCSend) refers to lowercomputer_v2.o(.data) for .data
    lowercomputer_v2.o(i.EnableLCSend) refers to lowercomputer_v2.o(.data) for .data
    lowercomputer_v2.o(i.GetByteFromQueue) refers to lowercomputer_v2.o(i.UpTail) for UpTail
    lowercomputer_v2.o(i.GetFloatFromQueue) refers to lowercomputer_v2.o(i.GetByteFromQueue) for GetByteFromQueue
    lowercomputer_v2.o(i.GetFloatFromQueue) refers to lowercomputer_v2.o(.data) for .data
    lowercomputer_v2.o(i.GetUint16FromQueue) refers to lowercomputer_v2.o(i.GetByteFromQueue) for GetByteFromQueue
    lowercomputer_v2.o(i.HIT_LC_Init) refers to lowercomputer_v2.o(i.Queue_byteInit) for Queue_byteInit
[...]
    Removing stm32f10x_tim.o(i.TIM_BDTRConfig), (34 bytes).
    Removing stm32f10x_tim.o(i.TIM_BDTRStructInit), (18 bytes).
    Removing stm32f10x_tim.o(i.TIM_CCPreloadControl), (20 bytes).
    Removing stm32f10x_tim.o(i.TIM_CCxCmd), (22 bytes).
    Removing stm32f10x_tim.o(i.TIM_CCxNCmd), (22 bytes).
    Removing stm32f10x_tim.o(i.TIM_ClearOC1Ref), (12 bytes).
    Removing stm32f10x_tim.o(i.TIM_ClearOC2Ref), (20 bytes).
    Removing stm32f10x_tim.o(i.TIM_ClearOC3Ref), (12 bytes).
    Removing stm32f10x_tim.o(i.TIM_ClearOC4Ref), (20 bytes).
    Removing stm32f10x_tim.o(i.TIM_CounterModeConfig), (12 bytes).
    Removing stm32f10x_tim.o(i.TIM_CtrlPWMOutputs), (22 bytes).
    Removing stm32f10x_tim.o(i.TIM_DMACmd), (16 bytes).
    Removing stm32f10x_tim.o(i.TIM_DMAConfig), (8 bytes).
    Removing stm32f10x_tim.o(i.TIM_DeInit), (368 bytes).
    Removing stm32f10x_tim.o(i.TIM_ETRClockMode1Config), (18 bytes).
    Removing stm32f10x_tim.o(i.TIM_ETRClockMode2Config), (18 bytes).
    Removing stm32f10x_tim.o(i.TIM_ETRConfig), (24 bytes).
    Removing stm32f10x_tim.o(i.TIM_EncoderInterfaceConfig), (50 bytes).
    Removing stm32f10x_tim.o(i.TIM_ForcedOC1Config), (12 bytes).
    Removing stm32f10x_tim.o(i.TIM_ForcedOC2Config), (20 bytes).
    Removing stm32f10x_tim.o(i.TIM_ForcedOC3Config), (12 bytes).
    Removing stm32f10x_tim.o(i.TIM_ForcedOC4Config), (20 bytes).
    Removing stm32f10x_tim.o(i.TIM_GenerateEvent), (4 bytes).
    Removing stm32f10x_tim.o(i.TIM_GetCapture1), (4 bytes).
    Removing stm32f10x_tim.o(i.TIM_GetCapture2), (4 bytes).
    Removing stm32f10x_tim.o(i.TIM_GetCapture3), (4 bytes).
    Removing stm32f10x_tim.o(i.TIM_GetCapture4), (6 bytes).
    Removing stm32f10x_tim.o(i.TIM_GetCounter), (4 bytes).
    Removing stm32f10x_tim.o(i.TIM_GetFlagStatus), (14 bytes).
    Removing stm32f10x_tim.o(i.TIM_GetITStatus), (24 bytes).
    Removing stm32f10x_tim.o(i.TIM_GetPrescaler), (4 bytes).
    Removing stm32f10x_tim.o(i.TIM_ICInit), (300 bytes).
    Removing stm32f10x_tim.o(i.TIM_ICStructInit), (16 bytes).
    Removing stm32f10x_tim.o(i.TIM_ITRxExternalClockConfig), (18 bytes).
    Removing stm32f10x_tim.o(i.TIM_InternalClockConfig), (10 bytes).
    Removing stm32f10x_tim.o(i.TIM_OC1FastConfig), (12 bytes).
    Removing stm32f10x_tim.o(i.TIM_OC1Init), (128 bytes).
    Removing stm32f10x_tim.o(i.TIM_OC1NPolarityConfig), (12 bytes).
    Removing stm32f10x_tim.o(i.TIM_OC1PolarityConfig), (12 bytes).
    Removing stm32f10x_tim.o(i.TIM_OC1PreloadConfig), (12 bytes).
    Removing stm32f10x_tim.o(i.TIM_OC2FastConfig), (20 bytes).
    Removing stm32f10x_tim.o(i.TIM_OC2Init), (128 bytes).
    Removing stm32f10x_tim.o(i.TIM_OC2NPolarityConfig), (20 bytes).
    Removing stm32f10x_tim.o(i.TIM_OC2PolarityConfig), (20 bytes).
    Removing stm32f10x_tim.o(i.TIM_OC2PreloadConfig), (20 bytes).
    Removing stm32f10x_tim.o(i.TIM_OC3FastConfig), (12 bytes).
    Removing stm32f10x_tim.o(i.TIM_OC3Init), (124 bytes).
    Removing stm32f10x_tim.o(i.TIM_OC3NPolarityConfig), (20 bytes).
    Removing stm32f10x_tim.o(i.TIM_OC3PolarityConfig), (20 bytes).
    Removing stm32f10x_tim.o(i.TIM_OC3PreloadConfig), (12 bytes).
    Removing stm32f10x_tim.o(i.TIM_OC4FastConfig), (20 bytes).
    Removing stm32f10x_tim.o(i.TIM_OC4Init), (100 bytes).
    Removing stm32f10x_tim.o(i.TIM_OC4PolarityConfig), (20 bytes).
    Removing stm32f10x_tim.o(i.TIM_OC4PreloadConfig), (20 bytes).
    Removing stm32f10x_tim.o(i.TIM_OCStructInit), (20 bytes).
    Removing stm32f10x_tim.o(i.TIM_PWMIConfig), (108 bytes).
    Removing stm32f10x_tim.o(i.TIM_PrescalerConfig), (6 bytes).
    Removing stm32f10x_tim.o(i.TIM_SelectCCDMA), (20 bytes).
    Removing stm32f10x_tim.o(i.TIM_SelectCOM), (20 bytes).
    Removing stm32f10x_tim.o(i.TIM_SelectHallSensor), (20 bytes).
    Removing stm32f10x_tim.o(i.TIM_SelectInputTrigger), (12 bytes).
    Removing stm32f10x_tim.o(i.TIM_SelectMasterSlaveMode), (16 bytes).
    Removing stm32f10x_tim.o(i.TIM_SelectOCxM), (70 bytes).
    Removing stm32f10x_tim.o(i.TIM_SelectOnePulseMode), (16 bytes).
    Removing stm32f10x_tim.o(i.TIM_SelectOutputTrigger), (16 bytes).
    Removing stm32f10x_tim.o(i.TIM_SelectSlaveMode), (16 bytes).
    Removing stm32f10x_tim.o(i.TIM_SetAutoreload), (4 bytes).
    Removing stm32f10x_tim.o(i.TIM_SetClockDivision), (16 bytes).
    Removing stm32f10x_tim.o(i.TIM_SetCompare1), (4 bytes).
    Removing stm32f10x_tim.o(i.TIM_SetCompare2), (4 bytes).
    Removing stm32f10x_tim.o(i.TIM_SetCompare3), (4 bytes).
    Removing stm32f10x_tim.o(i.TIM_SetCompare4), (6 bytes).
    Removing stm32f10x_tim.o(i.TIM_SetIC1Prescaler), (16 bytes).
    Removing stm32f10x_tim.o(i.TIM_SetIC2Prescaler), (24 bytes).
    Removing stm32f10x_tim.o(i.TIM_SetIC3Prescaler), (16 bytes).
    Removing stm32f10x_tim.o(i.TIM_SetIC4Prescaler), (24 bytes).
    Removing stm32f10x_tim.o(i.TIM_TIxExternalClockConfig), (46 bytes).
    Removing stm32f10x_tim.o(i.TIM_TimeBaseStructInit), (18 bytes).
    Removing stm32f10x_tim.o(i.TIM_UpdateDisableConfig), (20 bytes).
    Removing stm32f10x_tim.o(i.TIM_UpdateRequestConfig), (20 bytes).
    Removing core_cm3.o(.emb_text), (32 bytes).
    Removing system_stm32f10x.o(i.SystemCoreClockUpdate), (108 bytes).
    Removing startup_stm32f10x_hd_vl.o(HEAP), (512 bytes).
    Removing portserial.o(.data), (1 bytes).
    Removing portserial.o(.data), (1 bytes).
    Removing mb.o(i.eMBClose), (32 bytes).
    Removing mb.o(i.eMBDisable), (32 bytes).
    Removing mb.o(i.eMBRegisterCB), (112 bytes).
    Removing mb.o(.data), (4 bytes).
    Removing mb.o(.data), (4 bytes).
    Removing mbfuncother.o(i.eMBSetSlaveID), (72 bytes).
    Removing mbutils.o(i.xMBUtilGetBits), (34 bytes).
    Removing mbutils.o(i.xMBUtilSetBits), (42 bytes).
    Removing ddiv.o(.text), (222 bytes).
    Removing f2d.o(.text), (38 bytes).
    Removing d2f.o(.text), (56 bytes).
    Removing cfcmple.o(.text), (20 bytes).
    Removing depilogue.o(.text), (190 bytes).
    Removing dsqrt.o(.text), (162 bytes).
    Removing cdcmple.o(.text), (40 bytes).

427 unused section(s) (total 13858 bytes) removed from the image.

==============================================================================

Image Symbol Table

    Local Symbols

    Symbol Name                              Value     Ov Type        Size  Object(Section)

    ../clib/../cmprslib/zerorunl2.c          0x00000000   Number         0  __dczerorl2.o ABSOLUTE
    ../clib/microlib/errno.c                 0x00000000   Number         0  errno.o ABSOLUTE
    ../clib/microlib/init/entry.s            0x00000000   Number         0  entry7b.o ABSOLUTE
    ../clib/microlib/init/entry.s            0x00000000   Number         0  entry9b.o ABSOLUTE
    ../clib/microlib/init/entry.s            0x00000000   Number         0  entry11a.o ABSOLUTE
    ../clib/microlib/init/entry.s            0x00000000   Number         0  entry10a.o ABSOLUTE
    ../clib/microlib/init/entry.s            0x00000000   Number         0  entry8b.o ABSOLUTE
    ../clib/microlib/init/entry.s            0x00000000   Number         0  entry10b.o ABSOLUTE
    ../clib/microlib/init/entry.s            0x00000000   Number         0  entry11b.o ABSOLUTE
    ../clib/microlib/init/entry.s            0x00000000   Number         0  entry.o ABSOLUTE
    ../clib/microlib/init/entry.s            0x00000000   Number         0  entry9a.o ABSOLUTE
    ../clib/microlib/init/entry.s            0x00000000   Number         0  entry7a.o ABSOLUTE
    ../clib/microlib/init/entry.s            0x00000000   Number         0  entry5.o ABSOLUTE
    ../clib/microlib/init/entry.s            0x00000000   Number         0  entry8a.o ABSOLUTE
    ../clib/microlib/init/entry.s            0x00000000   Number         0  entry2.o ABSOLUTE
    ../clib/microlib/longlong.c              0x00000000   Number         0  llushr.o ABSOLUTE
    ../clib/microlib/longlong.c              0x00000000   Number         0  llshl.o ABSOLUTE
    ../clib/microlib/string/memcpy.c         0x00000000   Number         0  memcpyb.o ABSOLUTE
    ../clib/microlib/string/memcpy.c         0x00000000   Number         0  memcpya.o ABSOLUTE
    ../clib/microlib/stubs.s                 0x00000000   Number         0  iusefp.o ABSOLUTE
    ../fplib/microlib/d2f.c                  0x00000000   Number         0  d2f.o ABSOLUTE
    ../fplib/microlib/f2d.c                  0x00000000   Number         0  f2d.o ABSOLUTE
    ../fplib/microlib/fpadd.c                0x00000000   Number         0  fadd.o ABSOLUTE
    ../fplib/microlib/fpdiv.c                0x00000000   Number         0  ddiv.o ABSOLUTE
    ../fplib/microlib/fpepilogue.c           0x00000000   Number         0  depilogue.o ABSOLUTE
    ../fplib/microlib/fpepilogue.c           0x00000000   Number         0  fepilogue.o ABSOLUTE
    ../fplib/microlib/fpfix.c                0x00000000   Number         0  ffixui.o ABSOLUTE
    ../fplib/microlib/fpflt.c                0x00000000   Number         0  ffltui.o ABSOLUTE
    ../fplib/microlib/fpmul.c                0x00000000   Number         0  fmul.o ABSOLUTE
    ../fplib/microlib/fpsqrt.c               0x00000000   Number         0  dsqrt.o ABSOLUTE
    ../mathlib/sqrt.c                        0x00000000   Number         0  sqrt_x.o ABSOLUTE
    ../mathlib/sqrt.c                        0x00000000   Number         0  sqrt.o ABSOLUTE
    ..\..\..\Libraries\CMSIS\CM3\CoreSupport\core_cm3.c 0x00000000   Number         0  core_cm3.o ABSOLUTE
    ..\..\..\Libraries\CMSIS\CM3\DeviceSupport\ST\STM32F10x\startup\arm\startup_stm32f10x_hd_vl.s 0x00000000   Number         0  startup_stm32f10x_hd_vl.o ABSOLUTE
    ..\..\..\Libraries\STM32F10x_StdPeriph_Driver\src\misc.c 0x00000000   Number         0  misc.o ABSOLUTE
    ..\..\..\Libraries\STM32F10x_StdPeriph_Driver\src\stm32f10x_adc.c 0x00000000   Number         0  stm32f10x_adc.o ABSOLUTE
    ..\..\..\Libraries\STM32F10x_StdPeriph_Driver\src\stm32f10x_bkp.c 0x00000000   Number         0  stm32f10x_bkp.o ABSOLUTE
    ..\..\..\Libraries\STM32F10x_StdPeriph_Driver\src\stm32f10x_cec.c 0x00000000   Number         0  stm32f10x_cec.o ABSOLUTE
    ..\..\..\Libraries\STM32F10x_StdPeriph_Driver\src\stm32f10x_crc.c 0x00000000   Number         0  stm32f10x_crc.o ABSOLUTE
    ..\..\..\Libraries\STM32F10x_StdPeriph_Driver\src\stm32f10x_dac.c 0x00000000   Number         0  stm32f10x_dac.o ABSOLUTE
    ..\..\..\Libraries\STM32F10x_StdPeriph_Driver\src\stm32f10x_dma.c 0x00000000   Number         0  stm32f10x_dma.o ABSOLUTE
    ..\..\..\Libraries\STM32F10x_StdPeriph_Driver\src\stm32f10x_exti.c 0x00000000   Number         0  stm32f10x_exti.o ABSOLUTE
    ..\..\..\Libraries\STM32F10x_StdPeriph_Driver\src\stm32f10x_flash.c 0x00000000   Number         0  stm32f10x_flash.o ABSOLUTE
    ..\..\..\Libraries\STM32F10x_StdPeriph_Driver\src\stm32f10x_fsmc.c 0x00000000   Number         0  stm32f10x_fsmc.o ABSOLUTE
    ..\..\..\Libraries\STM32F10x_StdPeriph_Driver\src\stm32f10x_gpio.c 0x00000000   Number         0  stm32f10x_gpio.o ABSOLUTE
    ..\..\..\Libraries\STM32F10x_StdPeriph_Driver\src\stm32f10x_i2c.c 0x00000000   Number         0  stm32f10x_i2c.o ABSOLUTE
    ..\..\..\Libraries\STM32F10x_StdPeriph_Driver\src\stm32f10x_rcc.c 0x00000000   Number         0  stm32f10x_rcc.o ABSOLUTE
    ..\..\..\Libraries\STM32F10x_StdPeriph_Driver\src\stm32f10x_rtc.c 0x00000000   Number         0  stm32f10x_rtc.o ABSOLUTE
    ..\..\..\Libraries\STM32F10x_StdPeriph_Driver\src\stm32f10x_sdio.c 0x00000000   Number         0  stm32f10x_sdio.o ABSOLUTE
    ..\..\..\Libraries\STM32F10x_StdPeriph_Driver\src\stm32f10x_spi.c 0x00000000   Number         0  stm32f10x_spi.o ABSOLUTE
    ..\..\..\Libraries\STM32F10x_StdPeriph_Driver\src\stm32f10x_tim.c 0x00000000   Number         0  stm32f10x_tim.o ABSOLUTE
    ..\..\..\Libraries\STM32F10x_StdPeriph_Driver\src\stm32f10x_usart.c 0x00000000   Number         0  stm32f10x_usart.o ABSOLUTE
    ..\EEPROM_24c0x.c                        0x00000000   Number         0  eeprom_24c0x.o ABSOLUTE
    ..\LowerComputer_V2.c                    0x00000000   Number         0  lowercomputer_v2.o ABSOLUTE
    ..\MyModbusData.c                        0x00000000   Number         0  mymodbusdata.o ABSOLUTE
    ..\SystemCore.c                          0x00000000   Number         0  systemcore.o ABSOLUTE
    ..\\..\\..\\Libraries\\CMSIS\\CM3\\CoreSupport\\core_cm3.c 0x00000000   Number         0  core_cm3.o ABSOLUTE
    ..\ad.c                                  0x00000000   Number         0  ad.o ABSOLUTE
    ..\delay.c                               0x00000000   Number         0  delay.o ABSOLUTE
    ..\iic.c                                 0x00000000   Number         0  iic.o ABSOLUTE
    ..\io.c                                  0x00000000   Number         0  io.o ABSOLUTE
    ..\main.c                                0x00000000   Number         0  main.o ABSOLUTE
    ..\modbus\ascii\mbascii.c                0x00000000   Number         0  mbascii.o ABSOLUTE
    ..\modbus\functions\mbfunccoils.c        0x00000000   Number         0  mbfunccoils.o ABSOLUTE
    ..\modbus\functions\mbfuncdiag.c         0x00000000   Number         0  mbfuncdiag.o ABSOLUTE
    ..\modbus\functions\mbfuncdisc.c         0x00000000   Number         0  mbfuncdisc.o ABSOLUTE
    ..\modbus\functions\mbfuncholding.c      0x00000000   Number         0  mbfuncholding.o ABSOLUTE
    ..\modbus\functions\mbfuncinput.c        0x00000000   Number         0  mbfuncinput.o ABSOLUTE
    ..\modbus\functions\mbfuncother.c        0x00000000   Number         0  mbfuncother.o ABSOLUTE
    ..\modbus\functions\mbutils.c            0x00000000   Number         0  mbutils.o ABSOLUTE
    ..\modbus\mb.c                           0x00000000   Number         0  mb.o ABSOLUTE
    ..\modbus\port\portevent.c               0x00000000   Number         0  portevent.o ABSOLUTE
    ..\modbus\port\portserial.c              0x00000000   Number         0  portserial.o ABSOLUTE
    ..\modbus\port\porttimer.c               0x00000000   Number         0  porttimer.o ABSOLUTE
    ..\modbus\rtu\mbcrc.c                    0x00000000   Number         0  mbcrc.o ABSOLUTE
    ..\modbus\rtu\mbrtu.c                    0x00000000   Number         0  mbrtu.o ABSOLUTE
    ..\modbus\tcp\mbtcp.c                    0x00000000   Number         0  mbtcp.o ABSOLUTE
    ..\peripheral_init.c                     0x00000000   Number         0  peripheral_init.o ABSOLUTE
    ..\pll.c                                 0x00000000   Number         0  pll.o ABSOLUTE
    ..\stm32f10x_it.c                        0x00000000   Number         0  stm32f10x_it.o ABSOLUTE
    ..\system_stm32f10x.c                    0x00000000   Number         0  system_stm32f10x.o ABSOLUTE
    ..\tim.c                                 0x00000000   Number         0  tim.o ABSOLUTE
    ..\tlc5615.c                             0x00000000   Number         0  tlc5615.o ABSOLUTE
    cdcmple.s                                0x00000000   Number         0  cdcmple.o ABSOLUTE
    cfcmple.s                                0x00000000   Number         0  cfcmple.o ABSOLUTE
    dc.s                                     0x00000000   Number         0  dc.o ABSOLUTE
    handlers.s                               0x00000000   Number         0  handlers.o ABSOLUTE
    init.s                                   0x00000000   Number         0  init.o ABSOLUTE
    RESET                                    0x08000000   Section      308  startup_stm32f10x_hd_vl.o(RESET)
    .ARM.Collect$$$$00000000                 0x08000134   Section        0  entry.o(.ARM.Collect$$$$00000000)
    .ARM.Collect$$$$00000001                 0x08000134   Section        4  entry2.o(.ARM.Collect$$$$00000001)
    .ARM.Collect$$$$00000004                 0x08000138   Section        4  entry5.o(.ARM.Collect$$$$00000004)
    .ARM.Collect$$$$00000008                 0x0800013c   Section        0  entry7b.o(.ARM.Collect$$$$00000008)
    .ARM.Collect$$$$0000000A                 0x0800013c   Section        0  entry8b.o(.ARM.Collect$$$$0000000A)
    .ARM.Collect$$$$0000000B                 0x0800013c   Section        8  entry9a.o(.ARM.Collect$$$$0000000B)
    .ARM.Collect$$$$0000000D                 0x08000144   Section        0  entry10a.o(.ARM.Collect$$$$0000000D)
    .ARM.Collect$$$$0000000F                 0x08000144   Section        0  entry11a.o(.ARM.Collect$$$$0000000F)
    .ARM.Collect$$$$00002712                 0x08000144   Section        4  entry2.o(.ARM.Collect$$$$00002712)
    __lit__00000000                          0x08000144   Data           4  entry2.o(.ARM.Collect$$$$00002712)
    .text                                    0x08000148   Section       36  startup_stm32f10x_hd_vl.o(.text)
    .text                                    0x0800016c   Section        0  memcpya.o(.text)
    .text                                    0x08000190   Section        0  fadd.o(.text)
    .text                                    0x08000240   Section        0  fmul.o(.text)
    .text                                    0x080002ac   Section        0  ffltui.o(.text)
    .text                                    0x080002b6   Section        0  ffixui.o(.text)
    .text                                    0x080002de   Section        0  fepilogue.o(.text)
    .text                                    0x080002de   Section        0  iusefp.o(.text)
    .text                                    0x0800034c   Section       36  init.o(.text)
    .text                                    0x08000370   Section        0  __dczerorl2.o(.text)
    i.ADC_Cmd                                0x080003cc   Section        0  stm32f10x_adc.o(i.ADC_Cmd)
    i.ADC_DMACmd                             0x080003e0   Section        0  stm32f10x_adc.o(i.ADC_DMACmd)
    i.ADC_GetCalibrationStatus               0x080003f4   Section        0  stm32f10x_adc.o(i.ADC_GetCalibrationStatus)
    i.ADC_GetResetCalibrationStatus          0x08000402   Section        0  stm32f10x_adc.o(i.ADC_GetResetCalibrationStatus)
    i.ADC_Init                               0x08000410   Section        0  stm32f10x_adc.o(i.ADC_Init)
    i.ADC_RegularChannelConfig               0x08000458   Section        0  stm32f10x_adc.o(i.ADC_RegularChannelConfig)
    i.ADC_ResetCalibration                   0x080004cc   Section        0  stm32f10x_adc.o(i.ADC_ResetCalibration)
    i.ADC_SoftwareStartConvCmd               0x080004d6   Section        0  stm32f10x_adc.o(i.ADC_SoftwareStartConvCmd)
    i.ADC_StartCalibration                   0x080004ea   Section        0  stm32f10x_adc.o(i.ADC_StartCalibration)
    i.ADCdeal                                0x080004f4   Section        0  ad.o(i.ADCdeal)
    i.BusFault_Handler                       0x08000520   Section        0  stm32f10x_it.o(i.BusFault_Handler)
    i.CPLD_GPIO_Config                       0x08000524   Section        0  io.o(i.CPLD_GPIO_Config)
    i.DAConvert                              0x08000590   Section        0  tlc5615.o(i.DAConvert)
    i.DMA_ADC1_Init                          0x08000610   Section        0  ad.o(i.DMA_ADC1_Init)
    i.DMA_Cmd                                0x080006d8   Section        0  stm32f10x_dma.o(i.DMA_Cmd)
    i.DMA_DeInit                             0x080006f0   Section        0  stm32f10x_dma.o(i.DMA_DeInit)
    i.DMA_Init                               0x080007d4   Section        0  stm32f10x_dma.o(i.DMA_Init)
    i.DebugMon_Handler                       0x0800080e   Section        0  stm32f10x_it.o(i.DebugMon_Handler)
    i.EEPROM_Test                            0x08000810   Section        0  eeprom_24c0x.o(i.EEPROM_Test)
    i.EnterCriticalSection                   0x0800085c   Section        0  portserial.o(i.EnterCriticalSection)
    i.ExitCriticalSection                    0x08000860   Section        0  portserial.o(i.ExitCriticalSection)
    i.FLASH_PrefetchBufferCmd                0x08000864   Section        0  stm32f10x_flash.o(i.FLASH_PrefetchBufferCmd)
    i.FLASH_SetLatency                       0x0800087c   Section        0  stm32f10x_flash.o(i.FLASH_SetLatency)
    i.GPIO_Init                              0x08000890   Section        0  stm32f10x_gpio.o(i.GPIO_Init)
    i.GPIO_ResetBits                         0x0800092e   Section        0  stm32f10x_gpio.o(i.GPIO_ResetBits)
    i.GPIO_SetBits                           0x08000932   Section        0  stm32f10x_gpio.o(i.GPIO_SetBits)
    i.HardFault_Handler                      0x08000936   Section        0  stm32f10x_it.o(i.HardFault_Handler)
    i.I2C_AcknowledgeConfig                  0x08000938   Section        0  stm32f10x_i2c.o(i.I2C_AcknowledgeConfig)
    i.I2C_CheckEvent                         0x0800094c   Section        0  stm32f10x_i2c.o(i.I2C_CheckEvent)
    i.I2C_ClearFlag                          0x08000964   Section        0  stm32f10x_i2c.o(i.I2C_ClearFlag)
    i.I2C_Cmd                                0x0800096a   Section        0  stm32f10x_i2c.o(i.I2C_Cmd)
    i.I2C_EE_BufferRead                      0x08000980   Section        0  eeprom_24c0x.o(i.I2C_EE_BufferRead)
    i.I2C_EE_BufferWrite                     0x08000a78   Section        0  eeprom_24c0x.o(i.I2C_EE_BufferWrite)
    i.I2C_EE_Init                            0x08000b18   Section        0  eeprom_24c0x.o(i.I2C_EE_Init)
    i.I2C_EE_PageWrite                       0x08000b2c   Section        0  eeprom_24c0x.o(i.I2C_EE_PageWrite)
    i.I2C_EE_WaitEepromStandbyState          0x08000bd0   Section        0  eeprom_24c0x.o(i.I2C_EE_WaitEepromStandbyState)
    i.I2C_GPIO_Config                        0x08000c28   Section        0  iic.o(i.I2C_GPIO_Config)
    i.I2C_GenerateSTART                      0x08000c5c   Section        0  stm32f10x_i2c.o(i.I2C_GenerateSTART)
    i.I2C_GenerateSTOP                       0x08000c70   Section        0  stm32f10x_i2c.o(i.I2C_GenerateSTOP)
    i.I2C_GetFlagStatus                      0x08000c84   Section        0  stm32f10x_i2c.o(i.I2C_GetFlagStatus)
    i.I2C_Init                               0x08000cb0   Section        0  stm32f10x_i2c.o(i.I2C_Init)
    i.I2C_Mode_Config                        0x08000d68   Section        0  iic.o(i.I2C_Mode_Config)
    i.I2C_ReadRegister                       0x08000dac   Section        0  stm32f10x_i2c.o(i.I2C_ReadRegister)
    i.I2C_ReceiveData                        0x08000db6   Section        0  stm32f10x_i2c.o(i.I2C_ReceiveData)
    i.I2C_Send7bitAddress                    0x08000dbc   Section        0  stm32f10x_i2c.o(i.I2C_Send7bitAddress)
    i.I2C_SendData                           0x08000dcc   Section        0  stm32f10x_i2c.o(i.I2C_SendData)
    i.IIC1_Init                              0x08000dd0   Section        0  iic.o(i.IIC1_Init)
    i.MemManage_Handler                      0x08000dde   Section        0  stm32f10x_it.o(i.MemManage_Handler)
    i.MyMAFilter                             0x08000de0   Section        0  systemcore.o(i.MyMAFilter)
    i.MyModbusBindingToHoldReg               0x08000e50   Section        0  mymodbusdata.o(i.MyModbusBindingToHoldReg)
    i.MyModbusDataFromHoldReg                0x08000e88   Section        0  mymodbusdata.o(i.MyModbusDataFromHoldReg)
    i.NMI_Handler                            0x08000ec4   Section        0  stm32f10x_it.o(i.NMI_Handler)
    i.NVIC_Configuration                     0x08000ec6   Section        0  peripheral_init.o(i.NVIC_Configuration)
    i.NVIC_Init                              0x08000f10   Section        0  misc.o(i.NVIC_Init)
    i.NVIC_PriorityGroupConfig               0x08000f74   Section        0  misc.o(i.NVIC_PriorityGroupConfig)
    i.NVIC_SetVectorTable                    0x08000f88   Section        0  misc.o(i.NVIC_SetVectorTable)
    i.PLL_Configuration                      0x08000f9c   Section        0  pll.o(i.PLL_Configuration)
    i.PendSV_Handler                         0x08000ffe   Section        0  stm32f10x_it.o(i.PendSV_Handler)
    i.Peripheral_Init                        0x08001000   Section        0  peripheral_init.o(i.Peripheral_Init)
    i.RCC_AHBPeriphClockCmd                  0x08001004   Section        0  stm32f10x_rcc.o(i.RCC_AHBPeriphClockCmd)
    i.RCC_APB1PeriphClockCmd                 0x0800101c   Section        0  stm32f10x_rcc.o(i.RCC_APB1PeriphClockCmd)
    i.RCC_APB2PeriphClockCmd                 0x08001034   Section        0  stm32f10x_rcc.o(i.RCC_APB2PeriphClockCmd)
    i.RCC_DeInit                             0x0800104c   Section        0  stm32f10x_rcc.o(i.RCC_DeInit)
    i.RCC_GetClocksFreq                      0x08001090   Section        0  stm32f10x_rcc.o(i.RCC_GetClocksFreq)
    i.RCC_GetFlagStatus                      0x08001128   Section        0  stm32f10x_rcc.o(i.RCC_GetFlagStatus)
    i.RCC_GetSYSCLKSource                    0x08001158   Section        0  stm32f10x_rcc.o(i.RCC_GetSYSCLKSource)
    i.RCC_HCLKConfig                         0x08001168   Section        0  stm32f10x_rcc.o(i.RCC_HCLKConfig)
    i.RCC_HSEConfig                          0x0800117c   Section        0  stm32f10x_rcc.o(i.RCC_HSEConfig)
    i.RCC_PCLK1Config                        0x080011b0   Section        0  stm32f10x_rcc.o(i.RCC_PCLK1Config)
    i.RCC_PCLK2Config                        0x080011c4   Section        0  stm32f10x_rcc.o(i.RCC_PCLK2Config)
    i.RCC_PLLCmd                             0x080011d8   Section        0  stm32f10x_rcc.o(i.RCC_PLLCmd)
    i.RCC_PLLConfig                          0x080011e4   Section        0  stm32f10x_rcc.o(i.RCC_PLLConfig)
    i.RCC_SYSCLKConfig                       0x080011f8   Section        0  stm32f10x_rcc.o(i.RCC_SYSCLKConfig)
    i.RCC_WaitForHSEStartUp                  0x0800120c   Section        0  stm32f10x_rcc.o(i.RCC_WaitForHSEStartUp)
    i.SVC_Handler                            0x08001238   Section        0  stm32f10x_it.o(i.SVC_Handler)
    i.SetCpldPwmPara                         0x0800123c   Section        0  io.o(i.SetCpldPwmPara)
    i.SetSysClockTo24                        0x08001320   Section        0  system_stm32f10x.o(i.SetSysClockTo24)
    SetSysClockTo24                          0x08001321   Thumb Code   130  system_stm32f10x.o(i.SetSysClockTo24)
    i.SysTick_CLKSourceConfig                0x080013a8   Section        0  misc.o(i.SysTick_CLKSourceConfig)
    i.SysTick_Handler                        0x080013c0   Section        0  stm32f10x_it.o(i.SysTick_Handler)
    i.SystemInit                             0x080013c4   Section        0  system_stm32f10x.o(i.SystemInit)
    i.TIM2_IRQHandler                        0x08001418   Section        0  stm32f10x_it.o(i.TIM2_IRQHandler)
    i.TIM3_IRQHandler                        0x0800141c   Section        0  stm32f10x_it.o(i.TIM3_IRQHandler)
    i.TIM3_Init                              0x0800146c   Section        0  tim.o(i.TIM3_Init)
    i.TIM_ClearFlag                          0x080014dc   Section        0  stm32f10x_tim.o(i.TIM_ClearFlag)
    i.TIM_ClearITPendingBit                  0x080014e2   Section        0  stm32f10x_tim.o(i.TIM_ClearITPendingBit)
    i.TIM_Cmd                                0x080014e8   Section        0  stm32f10x_tim.o(i.TIM_Cmd)
    i.TIM_ITConfig                           0x080014fc   Section        0  stm32f10x_tim.o(i.TIM_ITConfig)
    i.TIM_SetCounter                         0x0800150c   Section        0  stm32f10x_tim.o(i.TIM_SetCounter)
    i.TIM_TimeBaseInit                       0x08001510   Section        0  stm32f10x_tim.o(i.TIM_TimeBaseInit)
    i.UART1_IRQ                              0x080015ac   Section        0  portserial.o(i.UART1_IRQ)
    i.USART1_IRQHandler                      0x080015e8   Section        0  stm32f10x_it.o(i.USART1_IRQHandler)
    i.USART2_IRQHandler                      0x080015ec   Section        0  stm32f10x_it.o(i.USART2_IRQHandler)
    i.USART_ClearFlag                        0x080015f0   Section        0  stm32f10x_usart.o(i.USART_ClearFlag)
    i.USART_Cmd                              0x080015f6   Section        0  stm32f10x_usart.o(i.USART_Cmd)
    i.USART_GetFlagStatus                    0x0800160a   Section        0  stm32f10x_usart.o(i.USART_GetFlagStatus)
    i.USART_GetITStatus                      0x08001618   Section        0  stm32f10x_usart.o(i.USART_GetITStatus)
    i.USART_ITConfig                         0x08001656   Section        0  stm32f10x_usart.o(i.USART_ITConfig)
    i.USART_Init                             0x08001688   Section        0  stm32f10x_usart.o(i.USART_Init)
    i.USART_ReceiveData                      0x0800173c   Section        0  stm32f10x_usart.o(i.USART_ReceiveData)
    i.USART_SendData                         0x08001744   Section        0  stm32f10x_usart.o(i.USART_SendData)
    i.UsageFault_Handler                     0x0800174c   Section        0  stm32f10x_it.o(i.UsageFault_Handler)
    i.__scatterload_copy                     0x0800174e   Section       14  handlers.o(i.__scatterload_copy)
    i.__scatterload_null                     0x0800175c   Section        2  handlers.o(i.__scatterload_null)
    i.__scatterload_zeroinit                 0x0800175e   Section       14  handlers.o(i.__scatterload_zeroinit)
    i.delay_init                             0x0800176c   Section        0  delay.o(i.delay_init)
    i.delay_ms                               0x080017a8   Section        0  delay.o(i.delay_ms)
    i.delay_us                               0x080017dc   Section        0  delay.o(i.delay_us)
    i.eMBASCIIInit                           0x08001810   Section        0  mbascii.o(i.eMBASCIIInit)
    i.eMBASCIIReceive                        0x08001854   Section        0  mbascii.o(i.eMBASCIIReceive)
    i.eMBASCIISend                           0x0800189c   Section        0  mbascii.o(i.eMBASCIISend)
    i.eMBASCIIStart                          0x080018f4   Section        0  mbascii.o(i.eMBASCIIStart)
    i.eMBASCIIStop                           0x0800191c   Section        0  mbascii.o(i.eMBASCIIStop)
    i.eMBEnable                              0x08001938   Section        0  mb.o(i.eMBEnable)
    i.eMBFuncReadCoils                       0x08001958   Section        0  mbfunccoils.o(i.eMBFuncReadCoils)
    i.eMBFuncReadDiscreteInputs              0x080019ca   Section        0  mbfuncdisc.o(i.eMBFuncReadDiscreteInputs)
    i.eMBFuncReadHoldingRegister             0x08001a3c   Section        0  mbfuncholding.o(i.eMBFuncReadHoldingRegister)
    i.eMBFuncReadInputRegister               0x08001a98   Section        0  mbfuncinput.o(i.eMBFuncReadInputRegister)
    i.eMBFuncReadWriteMultipleHoldingRegister 0x08001af8   Section        0  mbfuncholding.o(i.eMBFuncReadWriteMultipleHoldingRegister)
    i.eMBFuncReportSlaveID                   0x08001b94   Section        0  mbfuncother.o(i.eMBFuncReportSlaveID)
    i.eMBFuncWriteCoil                       0x08001bb8   Section        0  mbfunccoils.o(i.eMBFuncWriteCoil)
    i.eMBFuncWriteHoldingRegister            0x08001c0e   Section        0  mbfuncholding.o(i.eMBFuncWriteHoldingRegister)
    i.eMBFuncWriteMultipleCoils              0x08001c40   Section        0  mbfunccoils.o(i.eMBFuncWriteMultipleCoils)
    i.eMBFuncWriteMultipleHoldingRegister    0x08001ca4   Section        0  mbfuncholding.o(i.eMBFuncWriteMultipleHoldingRegister)
    i.eMBInit                                0x08001cf4   Section        0  mb.o(i.eMBInit)
    i.eMBPoll                                0x08001dbc   Section        0  mb.o(i.eMBPoll)
    i.eMBRTUInit                             0x08001e70   Section        0  mbrtu.o(i.eMBRTUInit)
    i.eMBRTUReceive                          0x08001ebc   Section        0  mbrtu.o(i.eMBRTUReceive)
    i.eMBRTUSend                             0x08001f08   Section        0  mbrtu.o(i.eMBRTUSend)
    i.eMBRTUStart                            0x08001f74   Section        0  mbrtu.o(i.eMBRTUStart)
    i.eMBRTUStop                             0x08001f98   Section        0  mbrtu.o(i.eMBRTUStop)
    i.eMBRegCoilsCB                          0x08001fb4   Section        0  mymodbusdata.o(i.eMBRegCoilsCB)
    i.eMBRegDiscreteCB                       0x08001fe4   Section        0  mymodbusdata.o(i.eMBRegDiscreteCB)
    i.eMBRegHoldingCB                        0x08002014   Section        0  mymodbusdata.o(i.eMBRegHoldingCB)
    i.eMBRegInputCB                          0x0800207c   Section        0  mymodbusdata.o(i.eMBRegInputCB)
    i.main                                   0x080020ac   Section        0  main.o(i.main)
    i.prveMBError2Exception                  0x08002134   Section        0  mbutils.o(i.prveMBError2Exception)
    i.prvucMBBIN2CHAR                        0x0800214c   Section        0  mbascii.o(i.prvucMBBIN2CHAR)
    prvucMBBIN2CHAR                          0x0800214d   Thumb Code    26  mbascii.o(i.prvucMBBIN2CHAR)
    i.prvucMBLRC                             0x08002166   Section        0  mbascii.o(i.prvucMBLRC)
    prvucMBLRC                               0x08002167   Thumb Code    28  mbascii.o(i.prvucMBLRC)
    i.prvvTIMERExpiredISR                    0x08002184   Section        0  porttimer.o(i.prvvTIMERExpiredISR)
    i.usMBCRC16                              0x08002190   Section        0  mbcrc.o(i.usMBCRC16)
    i.vMBPortSerialEnable                    0x080021c0   Section        0  portserial.o(i.vMBPortSerialEnable)
    i.vMBPortTimersDisable                   0x080021f4   Section        0  porttimer.o(i.vMBPortTimersDisable)
    i.vMBPortTimersEnable                    0x0800220e   Section        0  porttimer.o(i.vMBPortTimersEnable)
    i.xMBASCIIReceiveFSM                     0x08002238   Section        0  mbascii.o(i.xMBASCIIReceiveFSM)
    i.xMBASCIITimerT1SExpired                0x08002314   Section        0  mbascii.o(i.xMBASCIITimerT1SExpired)
    i.xMBASCIITransmitFSM                    0x08002334   Section        0  mbascii.o(i.xMBASCIITransmitFSM)
    i.xMBPortEventGet                        0x080023d8   Section        0  portevent.o(i.xMBPortEventGet)
    i.xMBPortEventInit                       0x080023f4   Section        0  portevent.o(i.xMBPortEventInit)
    i.xMBPortEventPost                       0x08002404   Section        0  portevent.o(i.xMBPortEventPost)
    i.xMBPortSerialGetByte                   0x08002414   Section        0  portserial.o(i.xMBPortSerialGetByte)
    i.xMBPortSerialInit                      0x08002434   Section        0  portserial.o(i.xMBPortSerialInit)
    i.xMBPortSerialPutByte                   0x0800250c   Section        0  portserial.o(i.xMBPortSerialPutByte)
    i.xMBPortTimersInit                      0x0800252c   Section        0  porttimer.o(i.xMBPortTimersInit)
    i.xMBRTUReceiveFSM                       0x08002574   Section        0  mbrtu.o(i.xMBRTUReceiveFSM)
    i.xMBRTUTimerT35Expired                  0x080025d4   Section        0  mbrtu.o(i.xMBRTUTimerT35Expired)
    i.xMBRTUTransmitFSM                      0x080025fc   Section        0  mbrtu.o(i.xMBRTUTransmitFSM)
    .constdata                               0x0800264c   Section      512  mbcrc.o(.constdata)
    aucCRCHi                                 0x0800264c   Data         256  mbcrc.o(.constdata)
    aucCRCLo                                 0x0800274c   Data         256  mbcrc.o(.constdata)
    .data                                    0x20000000   Section       12  main.o(.data)
    .data                                    0x2000000c   Section        2  main.o(.data)
    .data                                    0x2000000e   Section        2  main.o(.data)
    .data                                    0x20000010   Section        1  main.o(.data)
    .data                                    0x20000012   Section        4  delay.o(.data)
    fac_us                                   0x20000012   Data           1  delay.o(.data)
    fac_ms                                   0x20000014   Data           2  delay.o(.data)
    .data                                    0x20000016   Section        4  io.o(.data)
    timesOfLow_last                          0x20000017   Data           1  io.o(.data)
    time_last                                0x20000018   Data           2  io.o(.data)
    .data                                    0x2000001a   Section        2  eeprom_24c0x.o(.data)
    .data                                    0x2000001c   Section        4  tlc5615.o(.data)
    daValueLast                              0x2000001c   Data           4  tlc5615.o(.data)
    .data                                    0x20000020   Section       84  ad.o(.data)
    .data                                    0x20000074   Section       22  mymodbusdata.o(.data)
    flag                                     0x20000074   Data           1  mymodbusdata.o(.data)
    flag                                     0x20000075   Data           1  mymodbusdata.o(.data)
    flag                                     0x20000076   Data           1  mymodbusdata.o(.data)
    .data                                    0x2000008a   Section       20  stm32f10x_rcc.o(.data)
    ADCPrescTable                            0x2000008a   Data           4  stm32f10x_rcc.o(.data)
    APBAHBPrescTable                         0x2000008e   Data          16  stm32f10x_rcc.o(.data)
    .data                                    0x200000a0   Section       20  system_stm32f10x.o(.data)
    .data                                    0x200000b4   Section        2  portevent.o(.data)
    eQueuedEvent                             0x200000b4   Data           1  portevent.o(.data)
    xEventInQueue                            0x200000b5   Data           1  portevent.o(.data)
    .data                                    0x200000b8   Section      172  mb.o(.data)
    eMBState                                 0x200000b8   Data           1  mb.o(.data)
    ucRcvAddress                             0x200000b9   Data           1  mb.o(.data)
    ucFunctionCode                           0x200000ba   Data           1  mb.o(.data)
    eException                               0x200000bb   Data           1  mb.o(.data)
    ucMBAddress                              0x200000bc   Data           1  mb.o(.data)
    eMBCurrentMode                           0x200000bd   Data           1  mb.o(.data)
    usLength                                 0x200000be   Data           2  mb.o(.data)
    ucMBFrame                                0x200000c0   Data           4  mb.o(.data)
    peMBFrameSendCur                         0x200000c4   Data           4  mb.o(.data)
    pvMBFrameStartCur                        0x200000c8   Data           4  mb.o(.data)
    pvMBFrameStopCur                         0x200000cc   Data           4  mb.o(.data)
    peMBFrameReceiveCur                      0x200000d0   Data           4  mb.o(.data)
    pvMBFrameCloseCur                        0x200000d4   Data           4  mb.o(.data)
    xFuncHandlers                            0x200000e4   Data         128  mb.o(.data)
    .data                                    0x20000164   Section       16  mbascii.o(.data)
    eSndState                                0x20000164   Data           1  mbascii.o(.data)
    eRcvState                                0x20000165   Data           1  mbascii.o(.data)
    eBytePos                                 0x20000166   Data           1  mbascii.o(.data)
    ucMBLFCharacter                          0x20000167   Data           1  mbascii.o(.data)
    usRcvBufferPos                           0x20000168   Data           2  mbascii.o(.data)
    usSndBufferCount                         0x2000016a   Data           2  mbascii.o(.data)
    ucASCIIBuf                               0x2000016c   Data           4  mbascii.o(.data)
    pucSndBufferCur                          0x20000170   Data           4  mbascii.o(.data)
    .data                                    0x20000174   Section        2  mbfuncother.o(.data)
    usMBSlaveIDLen                           0x20000174   Data           2  mbfuncother.o(.data)
    .data                                    0x20000178   Section       12  mbrtu.o(.data)
    eSndState                                0x20000178   Data           1  mbrtu.o(.data)
    eRcvState                                0x20000179   Data           1  mbrtu.o(.data)
    usSndBufferCount                         0x2000017a   Data           2  mbrtu.o(.data)
    usRcvBufferPos                           0x2000017c   Data           2  mbrtu.o(.data)
    pucSndBufferCur                          0x20000180   Data           4  mbrtu.o(.data)
    .bss                                     0x20000184   Section      512  eeprom_24c0x.o(.bss)
    .bss                                     0x20000384   Section       32  mbfuncother.o(.bss)
    ucMBSlaveID                              0x20000384   Data          32  mbfuncother.o(.bss)
    .bss                                     0x200003a4   Section      256  mbrtu.o(.bss)
    STACK                                    0x200004a8   Section     1024  startup_stm32f10x_hd_vl.o(STACK)

    Global Symbols

    Symbol Name                              Value     Ov Type        Size  Object(Section)

    BuildAttributes$$THM_ISAv4$P$D$K$B$S$PE$A:L22UL41UL21$X:L11$S22US41US21$IEEE1$IW$USESV6$~STKCKD$USESV7$~SHL$OTIME$ROPI$IEEEJ$EBA8$MICROLIB$REQ8$PRES8$EABIv2 0x00000000   Number         0  anon$$obj.o ABSOLUTE
    __ARM_use_no_argv                        0x00000000   Number         0  main.o ABSOLUTE
    __cpp_initialize__aeabi_                  - Undefined Weak Reference
    __cxa_finalize                            - Undefined Weak Reference
    _clock_init                               - Undefined Weak Reference
    _microlib_exit                            - Undefined Weak Reference
    __Vectors_Size                           0x00000134   Number         0  startup_stm32f10x_hd_vl.o ABSOLUTE
    __Vectors                                0x08000000   Data           4  startup_stm32f10x_hd_vl.o(RESET)
    __Vectors_End                            0x08000134   Data           0  startup_stm32f10x_hd_vl.o(RESET)
    __main                                   0x08000135   Thumb Code     0  entry.o(.ARM.Collect$$$$00000000)
    _main_stk                                0x08000135   Thumb Code     0  entry2.o(.ARM.Collect$$$$00000001)
    _main_scatterload                        0x08000139   Thumb Code     0  entry5.o(.ARM.Collect$$$$00000004)
    __main_after_scatterload                 0x0800013d   Thumb Code     0  entry5.o(.ARM.Collect$$$$00000004)
    _main_clock                              0x0800013d   Thumb Code     0  entry7b.o(.ARM.Collect$$$$00000008)
    _main_cpp_init                           0x0800013d   Thumb Code     0  entry8b.o(.ARM.Collect$$$$0000000A)
    _main_init                               0x0800013d   Thumb Code     0  entry9a.o(.ARM.Collect$$$$0000000B)
    __rt_final_cpp                           0x08000145   Thumb Code     0  entry10a.o(.ARM.Collect$$$$0000000D)
    __rt_final_exit                          0x08000145   Thumb Code     0  entry11a.o(.ARM.Collect$$$$0000000F)
    Reset_Handler                            0x08000149   Thumb Code     8  startup_stm32f10x_hd_vl.o(.text)
    ADC1_IRQHandler                          0x08000163   Thumb Code     0  startup_stm32f10x_hd_vl.o(.text)
    CEC_IRQHandler                           0x08000163   Thumb Code     0  startup_stm32f10x_hd_vl.o(.text)
    DMA1_Channel1_IRQHandler                 0x08000163   Thumb Code     0  startup_stm32f10x_hd_vl.o(.text)
    DMA1_Channel2_IRQHandler                 0x08000163   Thumb Code     0  startup_stm32f10x_hd_vl.o(.text)
    DMA1_Channel3_IRQHandler                 0x08000163   Thumb Code     0  startup_stm32f10x_hd_vl.o(.text)
    DMA1_Channel4_IRQHandler                 0x08000163   Thumb Code     0  startup_stm32f10x_hd_vl.o(.text)
    DMA1_Channel5_IRQHandler                 0x08000163   Thumb Code     0  startup_stm32f10x_hd_vl.o(.text)
    DMA1_Channel6_IRQHandler                 0x08000163   Thumb Code     0  startup_stm32f10x_hd_vl.o(.text)
    DMA1_Channel7_IRQHandler                 0x08000163   Thumb Code     0  startup_stm32f10x_hd_vl.o(.text)
    DMA2_Channel1_IRQHandler                 0x08000163   Thumb Code     0  startup_stm32f10x_hd_vl.o(.text)
    DMA2_Channel2_IRQHandler                 0x08000163   Thumb Code     0  startup_stm32f10x_hd_vl.o(.text)
    DMA2_Channel3_IRQHandler                 0x08000163   Thumb Code     0  startup_stm32f10x_hd_vl.o(.text)
    DMA2_Channel4_5_IRQHandler               0x08000163   Thumb Code     0  startup_stm32f10x_hd_vl.o(.text)
    DMA2_Channel5_IRQHandler                 0x08000163   Thumb Code     0  startup_stm32f10x_hd_vl.o(.text)
    EXTI0_IRQHandler                         0x08000163   Thumb Code     0  startup_stm32f10x_hd_vl.o(.text)
    EXTI15_10_IRQHandler                     0x08000163   Thumb Code     0  startup_stm32f10x_hd_vl.o(.text)
    EXTI1_IRQHandler                         0x08000163   Thumb Code     0  startup_stm32f10x_hd_vl.o(.text)
    EXTI2_IRQHandler                         0x08000163   Thumb Code     0  startup_stm32f10x_hd_vl.o(.text)
    EXTI3_IRQHandler                         0x08000163   Thumb Code     0  startup_stm32f10x_hd_vl.o(.text)
    EXTI4_IRQHandler                         0x08000163   Thumb Code     0  startup_stm32f10x_hd_vl.o(.text)
    EXTI9_5_IRQHandler                       0x08000163   Thumb Code     0  startup_stm32f10x_hd_vl.o(.text)
    FLASH_IRQHandler                         0x08000163   Thumb Code     0  startup_stm32f10x_hd_vl.o(.text)
    I2C1_ER_IRQHandler                       0x08000163   Thumb Code     0  startup_stm32f10x_hd_vl.o(.text)
    I2C1_EV_IRQHandler                       0x08000163   Thumb Code     0  startup_stm32f10x_hd_vl.o(.text)
    I2C2_ER_IRQHandler                       0x08000163   Thumb Code     0  startup_stm32f10x_hd_vl.o(.text)
    I2C2_EV_IRQHandler                       0x08000163   Thumb Code     0  startup_stm32f10x_hd_vl.o(.text)
    PVD_IRQHandler                           0x08000163   Thumb Code     0  startup_stm32f10x_hd_vl.o(.text)
    RCC_IRQHandler                           0x08000163   Thumb Code     0  startup_stm32f10x_hd_vl.o(.text)
    RTCAlarm_IRQHandler                      0x08000163   Thumb Code     0  startup_stm32f10x_hd_vl.o(.text)
    RTC_IRQHandler                           0x08000163   Thumb Code     0  startup_stm32f10x_hd_vl.o(.text)
    SPI1_IRQHandler                          0x08000163   Thumb Code     0  startup_stm32f10x_hd_vl.o(.text)
    SPI2_IRQHandler                          0x08000163   Thumb Code     0  startup_stm32f10x_hd_vl.o(.text)
    SPI3_IRQHandler                          0x08000163   Thumb Code     0  startup_stm32f10x_hd_vl.o(.text)
    TAMPER_IRQHandler                        0x08000163   Thumb Code     0  startup_stm32f10x_hd_vl.o(.text)
    TIM12_IRQHandler                         0x08000163   Thumb Code     0  startup_stm32f10x_hd_vl.o(.text)
    TIM13_IRQHandler                         0x08000163   Thumb Code     0  startup_stm32f10x_hd_vl.o(.text)
    TIM14_IRQHandler                         0x08000163   Thumb Code     0  startup_stm32f10x_hd_vl.o(.text)
    TIM1_BRK_TIM15_IRQHandler                0x08000163   Thumb Code     0  startup_stm32f10x_hd_vl.o(.text)
    TIM1_CC_IRQHandler                       0x08000163   Thumb Code     0  startup_stm32f10x_hd_vl.o(.text)
    TIM1_TRG_COM_TIM17_IRQHandler            0x08000163   Thumb Code     0  startup_stm32f10x_hd_vl.o(.text)
    TIM1_UP_TIM16_IRQHandler                 0x08000163   Thumb Code     0  startup_stm32f10x_hd_vl.o(.text)
    TIM4_IRQHandler                          0x08000163   Thumb Code     0  startup_stm32f10x_hd_vl.o(.text)
    TIM5_IRQHandler                          0x08000163   Thumb Code     0  startup_stm32f10x_hd_vl.o(.text)
    TIM6_DAC_IRQHandler                      0x08000163   Thumb Code     0  startup_stm32f10x_hd_vl.o(.text)
    TIM7_IRQHandler                          0x08000163   Thumb Code     0  startup_stm32f10x_hd_vl.o(.text)
    UART4_IRQHandler                         0x08000163   Thumb Code     0  startup_stm32f10x_hd_vl.o(.text)
    UART5_IRQHandler                         0x08000163   Thumb Code     0  startup_stm32f10x_hd_vl.o(.text)
    USART3_IRQHandler                        0x08000163   Thumb Code     0  startup_stm32f10x_hd_vl.o(.text)
    WWDG_IRQHandler                          0x08000163   Thumb Code     0  startup_stm32f10x_hd_vl.o(.text)
    __aeabi_memcpy                           0x0800016d   Thumb Code    36  memcpya.o(.text)
    __aeabi_memcpy4                          0x0800016d   Thumb Code     0  memcpya.o(.text)
    __aeabi_memcpy8                          0x0800016d   Thumb Code     0  memcpya.o(.text)
    __aeabi_fadd                             0x08000191   Thumb Code   164  fadd.o(.text)
    __aeabi_fsub                             0x08000235   Thumb Code     6  fadd.o(.text)
    __aeabi_frsub                            0x0800023b   Thumb Code     6  fadd.o(.text)
    __aeabi_fmul                             0x08000241   Thumb Code   108  fmul.o(.text)
    __aeabi_ui2f                             0x080002ad   Thumb Code    10  ffltui.o(.text)
    __aeabi_f2uiz                            0x080002b7   Thumb Code    40  ffixui.o(.text)
    __I$use$fp                               0x080002df   Thumb Code     0  iusefp.o(.text)
    _float_round                             0x080002df   Thumb Code    18  fepilogue.o(.text)
    _float_epilogue                          0x080002f1   Thumb Code    90  fepilogue.o(.text)
    __scatterload                            0x0800034d   Thumb Code    28  init.o(.text)
    __scatterload_rt2                        0x0800034d   Thumb Code     0  init.o(.text)
    __decompress                             0x08000371   Thumb Code     0  __dczerorl2.o(.text)
    __decompress1                            0x08000371   Thumb Code    92  __dczerorl2.o(.text)
    ADC_Cmd                                  0x080003cd   Thumb Code    20  stm32f10x_adc.o(i.ADC_Cmd)
    ADC_DMACmd                               0x080003e1   Thumb Code    20  stm32f10x_adc.o(i.ADC_DMACmd)
    ADC_GetCalibrationStatus                 0x080003f5   Thumb Code    14  stm32f10x_adc.o(i.ADC_GetCalibrationStatus)
    ADC_GetResetCalibrationStatus            0x08000403   Thumb Code    14  stm32f10x_adc.o(i.ADC_GetResetCalibrationStatus)
    ADC_Init                                 0x08000411   Thumb Code    62  stm32f10x_adc.o(i.ADC_Init)
    ADC_RegularChannelConfig                 0x08000459   Thumb Code   116  stm32f10x_adc.o(i.ADC_RegularChannelConfig)
    ADC_ResetCalibration                     0x080004cd   Thumb Code    10  stm32f10x_adc.o(i.ADC_ResetCalibration)
    ADC_SoftwareStartConvCmd                 0x080004d7   Thumb Code    20  stm32f10x_adc.o(i.ADC_SoftwareStartConvCmd)
    ADC_StartCalibration                     0x080004eb   Thumb Code    10  stm32f10x_adc.o(i.ADC_StartCalibration)
    ADCdeal                                  0x080004f5   Thumb Code    36  ad.o(i.ADCdeal)
    BusFault_Handler                         0x08000521   Thumb Code     2  stm32f10x_it.o(i.BusFault_Handler)
    CPLD_GPIO_Config                         0x08000525   Thumb Code    96  io.o(i.CPLD_GPIO_Config)
    DAConvert                                0x08000591   Thumb Code   118  tlc5615.o(i.DAConvert)
    DMA_ADC1_Init                            0x08000611   Thumb Code   188  ad.o(i.DMA_ADC1_Init)
    DMA_Cmd                                  0x080006d9   Thumb Code    22  stm32f10x_dma.o(i.DMA_Cmd)
    DMA_DeInit                               0x080006f1   Thumb Code   218  stm32f10x_dma.o(i.DMA_DeInit)
    DMA_Init                                 0x080007d5   Thumb Code    58  stm32f10x_dma.o(i.DMA_Init)
    DebugMon_Handler                         0x0800080f   Thumb Code     2  stm32f10x_it.o(i.DebugMon_Handler)
    EEPROM_Test                              0x08000811   Thumb Code    68  eeprom_24c0x.o(i.EEPROM_Test)
    EnterCriticalSection                     0x0800085d   Thumb Code     4  portserial.o(i.EnterCriticalSection)
    ExitCriticalSection                      0x08000861   Thumb Code     4  portserial.o(i.ExitCriticalSection)
    FLASH_PrefetchBufferCmd                  0x08000865   Thumb Code    18  stm32f10x_flash.o(i.FLASH_PrefetchBufferCmd)
    FLASH_SetLatency                         0x0800087d   Thumb Code    14  stm32f10x_flash.o(i.FLASH_SetLatency)
    GPIO_Init                                0x08000891   Thumb Code   158  stm32f10x_gpio.o(i.GPIO_Init)
    GPIO_ResetBits                           0x0800092f   Thumb Code     4  stm32f10x_gpio.o(i.GPIO_ResetBits)
    GPIO_SetBits                             0x08000933   Thumb Code     4  stm32f10x_gpio.o(i.GPIO_SetBits)
    HardFault_Handler                        0x08000937   Thumb Code     2  stm32f10x_it.o(i.HardFault_Handler)
    I2C_AcknowledgeConfig                    0x08000939   Thumb Code    20  stm32f10x_i2c.o(i.I2C_AcknowledgeConfig)
    I2C_CheckEvent                           0x0800094d   Thumb Code    24  stm32f10x_i2c.o(i.I2C_CheckEvent)
    I2C_ClearFlag                            0x08000965   Thumb Code     6  stm32f10x_i2c.o(i.I2C_ClearFlag)
    I2C_Cmd                                  0x0800096b   Thumb Code    20  stm32f10x_i2c.o(i.I2C_Cmd)
    I2C_EE_BufferRead                        0x08000981   Thumb Code   232  eeprom_24c0x.o(i.I2C_EE_BufferRead)
    I2C_EE_BufferWrite                       0x08000a79   Thumb Code   160  eeprom_24c0x.o(i.I2C_EE_BufferWrite)
    I2C_EE_Init                              0x08000b19   Thumb Code    14  eeprom_24c0x.o(i.I2C_EE_Init)
    I2C_EE_PageWrite                         0x08000b2d   Thumb Code   146  eeprom_24c0x.o(i.I2C_EE_PageWrite)
    I2C_EE_WaitEepromStandbyState            0x08000bd1   Thumb Code    74  eeprom_24c0x.o(i.I2C_EE_WaitEepromStandbyState)
    I2C_GPIO_Config                          0x08000c29   Thumb Code    46  iic.o(i.I2C_GPIO_Config)
    I2C_GenerateSTART                        0x08000c5d   Thumb Code    20  stm32f10x_i2c.o(i.I2C_GenerateSTART)
    I2C_GenerateSTOP                         0x08000c71   Thumb Code    20  stm32f10x_i2c.o(i.I2C_GenerateSTOP)
    I2C_GetFlagStatus                        0x08000c85   Thumb Code    42  stm32f10x_i2c.o(i.I2C_GetFlagStatus)
    I2C_Init                                 0x08000cb1   Thumb Code   176  stm32f10x_i2c.o(i.I2C_Init)
    I2C_Mode_Config                          0x08000d69   Thumb Code    60  iic.o(i.I2C_Mode_Config)
    I2C_ReadRegister                         0x08000dad   Thumb Code    10  stm32f10x_i2c.o(i.I2C_ReadRegister)
    I2C_ReceiveData                          0x08000db7   Thumb Code     6  stm32f10x_i2c.o(i.I2C_ReceiveData)
    I2C_Send7bitAddress                      0x08000dbd   Thumb Code    16  stm32f10x_i2c.o(i.I2C_Send7bitAddress)
    I2C_SendData                             0x08000dcd   Thumb Code     4  stm32f10x_i2c.o(i.I2C_SendData)
    IIC1_Init                                0x08000dd1   Thumb Code    14  iic.o(i.IIC1_Init)
    MemManage_Handler                        0x08000ddf   Thumb Code     2  stm32f10x_it.o(i.MemManage_Handler)
    MyMAFilter                               0x08000de1   Thumb Code   112  systemcore.o(i.MyMAFilter)
    MyModbusBindingToHoldReg                 0x08000e51   Thumb Code    38  mymodbusdata.o(i.MyModbusBindingToHoldReg)
    MyModbusDataFromHoldReg                  0x08000e89   Thumb Code    42  mymodbusdata.o(i.MyModbusDataFromHoldReg)
    NMI_Handler                              0x08000ec5   Thumb Code     2  stm32f10x_it.o(i.NMI_Handler)
    NVIC_Configuration                       0x08000ec7   Thumb Code    74  peripheral_init.o(i.NVIC_Configuration)
    NVIC_Init                                0x08000f11   Thumb Code    90  misc.o(i.NVIC_Init)
    NVIC_PriorityGroupConfig                 0x08000f75   Thumb Code    10  misc.o(i.NVIC_PriorityGroupConfig)
    NVIC_SetVectorTable                      0x08000f89   Thumb Code    12  misc.o(i.NVIC_SetVectorTable)
    PLL_Configuration                        0x08000f9d   Thumb Code    98  pll.o(i.PLL_Configuration)
    PendSV_Handler                           0x08000fff   Thumb Code     2  stm32f10x_it.o(i.PendSV_Handler)
    Peripheral_Init                          0x08001001   Thumb Code     4  peripheral_init.o(i.Peripheral_Init)
    RCC_AHBPeriphClockCmd                    0x08001005   Thumb Code    18  stm32f10x_rcc.o(i.RCC_AHBPeriphClockCmd)
    RCC_APB1PeriphClockCmd                   0x0800101d   Thumb Code    18  stm32f10x_rcc.o(i.RCC_APB1PeriphClockCmd)
    RCC_APB2PeriphClockCmd                   0x08001035   Thumb Code    18  stm32f10x_rcc.o(i.RCC_APB2PeriphClockCmd)
    RCC_DeInit                               0x0800104d   Thumb Code    54  stm32f10x_rcc.o(i.RCC_DeInit)
    RCC_GetClocksFreq                        0x08001091   Thumb Code   136  stm32f10x_rcc.o(i.RCC_GetClocksFreq)
    RCC_GetFlagStatus                        0x08001129   Thumb Code    44  stm32f10x_rcc.o(i.RCC_GetFlagStatus)
    RCC_GetSYSCLKSource                      0x08001159   Thumb Code    10  stm32f10x_rcc.o(i.RCC_GetSYSCLKSource)
    RCC_HCLKConfig                           0x08001169   Thumb Code    14  stm32f10x_rcc.o(i.RCC_HCLKConfig)
    RCC_HSEConfig                            0x0800117d   Thumb Code    48  stm32f10x_rcc.o(i.RCC_HSEConfig)
    RCC_PCLK1Config                          0x080011b1   Thumb Code    14  stm32f10x_rcc.o(i.RCC_PCLK1Config)
    RCC_PCLK2Config                          0x080011c5   Thumb Code    16  stm32f10x_rcc.o(i.RCC_PCLK2Config)
    RCC_PLLCmd                               0x080011d9   Thumb Code     6  stm32f10x_rcc.o(i.RCC_PLLCmd)
    RCC_PLLConfig                            0x080011e5   Thumb Code    16  stm32f10x_rcc.o(i.RCC_PLLConfig)
    RCC_SYSCLKConfig                         0x080011f9   Thumb Code    14  stm32f10x_rcc.o(i.RCC_SYSCLKConfig)
    RCC_WaitForHSEStartUp                    0x0800120d   Thumb Code    44  stm32f10x_rcc.o(i.RCC_WaitForHSEStartUp)
    SVC_Handler                              0x08001239   Thumb Code     2  stm32f10x_it.o(i.SVC_Handler)
    SetCpldPwmPara                           0x0800123d   Thumb Code   216  io.o(i.SetCpldPwmPara)
    SysTick_CLKSourceConfig                  0x080013a9   Thumb Code    24  misc.o(i.SysTick_CLKSourceConfig)
    SysTick_Handler                          0x080013c1   Thumb Code     2  stm32f10x_it.o(i.SysTick_Handler)
    SystemInit                               0x080013c5   Thumb Code    68  system_stm32f10x.o(i.SystemInit)
    TIM2_IRQHandler                          0x08001419   Thumb Code     4  stm32f10x_it.o(i.TIM2_IRQHandler)
    TIM3_IRQHandler                          0x0800141d   Thumb Code    54  stm32f10x_it.o(i.TIM3_IRQHandler)
    TIM3_Init                                0x0800146d   Thumb Code   106  tim.o(i.TIM3_Init)
    TIM_ClearFlag                            0x080014dd   Thumb Code     6  stm32f10x_tim.o(i.TIM_ClearFlag)
    TIM_ClearITPendingBit                    0x080014e3   Thumb Code     6  stm32f10x_tim.o(i.TIM_ClearITPendingBit)
    TIM_Cmd                                  0x080014e9   Thumb Code    20  stm32f10x_tim.o(i.TIM_Cmd)
    TIM_ITConfig                             0x080014fd   Thumb Code    16  stm32f10x_tim.o(i.TIM_ITConfig)
    TIM_SetCounter                           0x0800150d   Thumb Code     4  stm32f10x_tim.o(i.TIM_SetCounter)
    TIM_TimeBaseInit                         0x08001511   Thumb Code   114  stm32f10x_tim.o(i.TIM_TimeBaseInit)
    UART1_IRQ                                0x080015ad   Thumb Code    46  portserial.o(i.UART1_IRQ)
    USART1_IRQHandler                        0x080015e9   Thumb Code     4  stm32f10x_it.o(i.USART1_IRQHandler)
    USART2_IRQHandler                        0x080015ed   Thumb Code     4  stm32f10x_it.o(i.USART2_IRQHandler)
    USART_ClearFlag                          0x080015f1   Thumb Code     6  stm32f10x_usart.o(i.USART_ClearFlag)
    USART_Cmd                                0x080015f7   Thumb Code    20  stm32f10x_usart.o(i.USART_Cmd)
    USART_GetFlagStatus                      0x0800160b   Thumb Code    14  stm32f10x_usart.o(i.USART_GetFlagStatus)
    USART_GetITStatus                        0x08001619   Thumb Code    62  stm32f10x_usart.o(i.USART_GetITStatus)
    USART_ITConfig                           0x08001657   Thumb Code    48  stm32f10x_usart.o(i.USART_ITConfig)
    USART_Init                               0x08001689   Thumb Code   176  stm32f10x_usart.o(i.USART_Init)
    USART_ReceiveData                        0x0800173d   Thumb Code     8  stm32f10x_usart.o(i.USART_ReceiveData)
    USART_SendData                           0x08001745   Thumb Code     8  stm32f10x_usart.o(i.USART_SendData)
    UsageFault_Handler                       0x0800174d   Thumb Code     2  stm32f10x_it.o(i.UsageFault_Handler)
    __scatterload_copy                       0x0800174f   Thumb Code    14  handlers.o(i.__scatterload_copy)
    __scatterload_null                       0x0800175d   Thumb Code     2  handlers.o(i.__scatterload_null)
    __scatterload_zeroinit                   0x0800175f   Thumb Code    14  handlers.o(i.__scatterload_zeroinit)
    delay_init                               0x0800176d   Thumb Code    46  delay.o(i.delay_init)
    delay_ms                                 0x080017a9   Thumb Code    46  delay.o(i.delay_ms)
    delay_us                                 0x080017dd   Thumb Code    46  delay.o(i.delay_us)
    eMBASCIIInit                             0x08001811   Thumb Code    62  mbascii.o(i.eMBASCIIInit)
    eMBASCIIReceive                          0x08001855   Thumb Code    66  mbascii.o(i.eMBASCIIReceive)
    eMBASCIISend                             0x0800189d   Thumb Code    84  mbascii.o(i.eMBASCIISend)
    eMBASCIIStart                            0x080018f5   Thumb Code    34  mbascii.o(i.eMBASCIIStart)
    eMBASCIIStop                             0x0800191d   Thumb Code    26  mbascii.o(i.eMBASCIIStop)
    eMBEnable                                0x08001939   Thumb Code    28  mb.o(i.eMBEnable)
    eMBFuncReadCoils                         0x08001959   Thumb Code   114  mbfunccoils.o(i.eMBFuncReadCoils)
    eMBFuncReadDiscreteInputs                0x080019cb   Thumb Code   114  mbfuncdisc.o(i.eMBFuncReadDiscreteInputs)
    eMBFuncReadHoldingRegister               0x08001a3d   Thumb Code    92  mbfuncholding.o(i.eMBFuncReadHoldingRegister)
    eMBFuncReadInputRegister                 0x08001a99   Thumb Code    96  mbfuncinput.o(i.eMBFuncReadInputRegister)
    eMBFuncReadWriteMultipleHoldingRegister  0x08001af9   Thumb Code   154  mbfuncholding.o(i.eMBFuncReadWriteMultipleHoldingRegister)
    eMBFuncReportSlaveID                     0x08001b95   Thumb Code    26  mbfuncother.o(i.eMBFuncReportSlaveID)
    eMBFuncWriteCoil                         0x08001bb9   Thumb Code    86  mbfunccoils.o(i.eMBFuncWriteCoil)
    eMBFuncWriteHoldingRegister              0x08001c0f   Thumb Code    50  mbfuncholding.o(i.eMBFuncWriteHoldingRegister)
    eMBFuncWriteMultipleCoils                0x08001c41   Thumb Code   100  mbfunccoils.o(i.eMBFuncWriteMultipleCoils)
    eMBFuncWriteMultipleHoldingRegister      0x08001ca5   Thumb Code    78  mbfuncholding.o(i.eMBFuncWriteMultipleHoldingRegister)
    eMBInit                                  0x08001cf5   Thumb Code   140  mb.o(i.eMBInit)
    eMBPoll                                  0x08001dbd   Thumb Code   176  mb.o(i.eMBPoll)
    eMBRTUInit                               0x08001e71   Thumb Code    72  mbrtu.o(i.eMBRTUInit)
    eMBRTUReceive                            0x08001ebd   Thumb Code    68  mbrtu.o(i.eMBRTUReceive)
    eMBRTUSend                               0x08001f09   Thumb Code    98  mbrtu.o(i.eMBRTUSend)
    eMBRTUStart                              0x08001f75   Thumb Code    32  mbrtu.o(i.eMBRTUStart)
    eMBRTUStop                               0x08001f99   Thumb Code    26  mbrtu.o(i.eMBRTUStop)
    eMBRegCoilsCB                            0x08001fb5   Thumb Code    38  mymodbusdata.o(i.eMBRegCoilsCB)
    eMBRegDiscreteCB                         0x08001fe5   Thumb Code    38  mymodbusdata.o(i.eMBRegDiscreteCB)
    eMBRegHoldingCB                          0x08002015   Thumb Code   100  mymodbusdata.o(i.eMBRegHoldingCB)
    eMBRegInputCB                            0x0800207d   Thumb Code    40  mymodbusdata.o(i.eMBRegInputCB)
    main                                     0x080020ad   Thumb Code   122  main.o(i.main)
    prveMBError2Exception                    0x08002135   Thumb Code    24  mbutils.o(i.prveMBError2Exception)
    prvvTIMERExpiredISR                      0x08002185   Thumb Code     6  porttimer.o(i.prvvTIMERExpiredISR)
    usMBCRC16                                0x08002191   Thumb Code    44  mbcrc.o(i.usMBCRC16)
    vMBPortSerialEnable                      0x080021c1   Thumb Code    48  portserial.o(i.vMBPortSerialEnable)
    vMBPortTimersDisable                     0x080021f5   Thumb Code    26  porttimer.o(i.vMBPortTimersDisable)
    vMBPortTimersEnable                      0x0800220f   Thumb Code    42  porttimer.o(i.vMBPortTimersEnable)
    xMBASCIIReceiveFSM                       0x08002239   Thumb Code   214  mbascii.o(i.xMBASCIIReceiveFSM)
    xMBASCIITimerT1SExpired                  0x08002315   Thumb Code    26  mbascii.o(i.xMBASCIITimerT1SExpired)
    xMBASCIITransmitFSM                      0x08002335   Thumb Code   160  mbascii.o(i.xMBASCIITransmitFSM)
    xMBPortEventGet                          0x080023d9   Thumb Code    24  portevent.o(i.xMBPortEventGet)
    xMBPortEventInit                         0x080023f5   Thumb Code    10  portevent.o(i.xMBPortEventInit)
    xMBPortEventPost                         0x08002405   Thumb Code    12  portevent.o(i.xMBPortEventPost)
    xMBPortSerialGetByte                     0x08002415   Thumb Code    28  portserial.o(i.xMBPortSerialGetByte)
    xMBPortSerialInit                        0x08002435   Thumb Code   206  portserial.o(i.xMBPortSerialInit)
    xMBPortSerialPutByte                     0x0800250d   Thumb Code    28  portserial.o(i.xMBPortSerialPutByte)
    xMBPortTimersInit                        0x0800252d   Thumb Code    72  porttimer.o(i.xMBPortTimersInit)
    xMBRTUReceiveFSM                         0x08002575   Thumb Code    88  mbrtu.o(i.xMBRTUReceiveFSM)
    xMBRTUTimerT35Expired                    0x080025d5   Thumb Code    34  mbrtu.o(i.xMBRTUTimerT35Expired)
    xMBRTUTransmitFSM                        0x080025fd   Thumb Code    76  mbrtu.o(i.xMBRTUTransmitFSM)
    Region$$Table$$Base                      0x0800284c   Number         0  anon$$obj.o(Region$$Table)
    Region$$Table$$Limit                     0x0800286c   Number         0  anon$$obj.o(Region$$Table)
    temp2                                    0x20000000   Data           2  main.o(.data)
    SetDA                                    0x20000004   Data           4  main.o(.data)
    SetDA_A                                  0x20000008   Data           4  main.o(.data)
    PWMTime_us                               0x2000000c   Data           2  main.o(.data)
    PWMTime                                  0x2000000e   Data           2  main.o(.data)
    TimesOfLow                               0x20000010   Data           1  main.o(.data)
    CpldEN                                   0x20000016   Data           1  io.o(.data)
    EEPROM_ADDRESS                           0x2000001a   Data           2  eeprom_24c0x.o(.data)
    ADCConvertedValue                        0x20000020   Data           4  ad.o(.data)
    AD_Value                                 0x20000024   Data           4  ad.o(.data)
    ADFilter                                 0x20000028   Data          76  ad.o(.data)
    mbTemp                                   0x20000078   Data           2  mymodbusdata.o(.data)
    usRegHoldingBuf                          0x2000007a   Data          16  mymodbusdata.o(.data)
    SystemCoreClock                          0x200000a0   Data           4  system_stm32f10x.o(.data)
    AHBPrescTable                            0x200000a4   Data          16  system_stm32f10x.o(.data)
    pxMBFrameCBByteReceived                  0x200000d8   Data           4  mb.o(.data)
    pxMBFrameCBTransmitterEmpty              0x200000dc   Data           4  mb.o(.data)
    pxMBPortCBTimerExpired                   0x200000e0   Data           4  mb.o(.data)
    I2c_Buf_Write                            0x20000184   Data         256  eeprom_24c0x.o(.bss)
    I2c_Buf_Read                             0x20000284   Data         256  eeprom_24c0x.o(.bss)
    ucRTUBuf                                 0x200003a4   Data         256  mbrtu.o(.bss)
    __initial_sp                             0x200008a8   Data           0  startup_stm32f10x_hd_vl.o(STACK)



==============================================================================

Memory Map of the image

  Image Entry point : 0x08000135

  Load Region LR_IROM1 (Base: 0x08000000, Size: 0x000029f0, Max: 0x00020000, ABSOLUTE, COMPRESSED[0x000028e8])

    Execution Region ER_IROM1 (Base: 0x08000000, Size: 0x0000286c, Max: 0x00020000, ABSOLUTE)

    Base Addr    Size         Type   Attr      Idx    E Section Name        Object

    0x08000000   0x00000134   Data   RO         3600    RESET               startup_stm32f10x_hd_vl.o
    0x08000134   0x00000000   Code   RO         4088  * .ARM.Collect$$$$00000000  mc_w.l(entry.o)
    0x08000134   0x00000004   Code   RO         4111    .ARM.Collect$$$$00000001  mc_w.l(entry2.o)
    0x08000138   0x00000004   Code   RO         4114    .ARM.Collect$$$$00000004  mc_w.l(entry5.o)
    0x0800013c   0x00000000   Code   RO         4116    .ARM.Collect$$$$00000008  mc_w.l(entry7b.o)
    0x0800013c   0x00000000   Code   RO         4118    .ARM.Collect$$$$0000000A  mc_w.l(entry8b.o)
    0x0800013c   0x00000008   Code   RO         4119    .ARM.Collect$$$$0000000B  mc_w.l(entry9a.o)
    0x08000144   0x00000000   Code   RO         4121    .ARM.Collect$$$$0000000D  mc_w.l(entry10a.o)
    0x08000144   0x00000000   Code   RO         4123    .ARM.Collect$$$$0000000F  mc_w.l(entry11a.o)
    0x08000144   0x00000004   Code   RO         4112    .ARM.Collect$$$$00002712  mc_w.l(entry2.o)
    0x08000148   0x00000024   Code   RO         3601    .text               startup_stm32f10x_hd_vl.o
    0x0800016c   0x00000024   Code   RO         4091    .text               mc_w.l(memcpya.o)
    0x08000190   0x000000b0   Code   RO         4095    .text               mf_w.l(fadd.o)
    0x08000240   0x0000006c   Code   RO         4097    .text               mf_w.l(fmul.o)
    0x080002ac   0x0000000a   Code   RO         4101    .text               mf_w.l(ffltui.o)
    0x080002b6   0x00000028   Code   RO         4103    .text               mf_w.l(ffixui.o)
    0x080002de   0x00000000   Code   RO         4132    .text               mc_w.l(iusefp.o)
    0x080002de   0x0000006c   Code   RO         4133    .text               mf_w.l(fepilogue.o)
    0x0800034a   0x00000002   PAD
    0x0800034c   0x00000024   Code   RO         4141    .text               mc_w.l(init.o)
    0x08000370   0x0000005c   Code   RO         4155    .text               mc_w.l(__dczerorl2.o)
    0x080003cc   0x00000014   Code   RO         2215    i.ADC_Cmd           stm32f10x_adc.o
    0x080003e0   0x00000014   Code   RO         2216    i.ADC_DMACmd        stm32f10x_adc.o
    0x080003f4   0x0000000e   Code   RO         2223    i.ADC_GetCalibrationStatus  stm32f10x_adc.o
    0x08000402   0x0000000e   Code   RO         2229    i.ADC_GetResetCalibrationStatus  stm32f10x_adc.o
    0x08000410   0x00000048   Code   RO         2233    i.ADC_Init          stm32f10x_adc.o
    0x08000458   0x00000074   Code   RO         2237    i.ADC_RegularChannelConfig  stm32f10x_adc.o
    0x080004cc   0x0000000a   Code   RO         2238    i.ADC_ResetCalibration  stm32f10x_adc.o
    0x080004d6   0x00000014   Code   RO         2240    i.ADC_SoftwareStartConvCmd  stm32f10x_adc.o
    0x080004ea   0x0000000a   Code   RO         2242    i.ADC_StartCalibration  stm32f10x_adc.o
    0x080004f4   0x0000002c   Code   RO          700    i.ADCdeal           ad.o
    0x08000520   0x00000002   Code   RO            1    i.BusFault_Handler  stm32f10x_it.o
    0x08000522   0x00000002   PAD
    0x08000524   0x0000006c   Code   RO          533    i.CPLD_GPIO_Config  io.o
    0x08000590   0x00000080   Code   RO          616    i.DAConvert         tlc5615.o
    0x08000610   0x000000c8   Code   RO          701    i.DMA_ADC1_Init     ad.o
    0x080006d8   0x00000016   Code   RO         1929    i.DMA_Cmd           stm32f10x_dma.o
    0x080006ee   0x00000002   PAD
    0x080006f0   0x000000e4   Code   RO         1930    i.DMA_DeInit        stm32f10x_dma.o
    0x080007d4   0x0000003a   Code   RO         1935    i.DMA_Init          stm32f10x_dma.o
    0x0800080e   0x00000002   Code   RO            2    i.DebugMon_Handler  stm32f10x_it.o
    0x08000810   0x0000004c   Code   RO          558    i.EEPROM_Test       eeprom_24c0x.o
    0x0800085c   0x00000004   Code   RO         3644    i.EnterCriticalSection  portserial.o
    0x08000860   0x00000004   Code   RO         3645    i.ExitCriticalSection  portserial.o
    0x08000864   0x00000018   Code   RO         2775    i.FLASH_PrefetchBufferCmd  stm32f10x_flash.o
    0x0800087c   0x00000014   Code   RO         2780    i.FLASH_SetLatency  stm32f10x_flash.o
    0x08000890   0x0000009e   Code   RO         1075    i.GPIO_Init         stm32f10x_gpio.o
    0x0800092e   0x00000004   Code   RO         1082    i.GPIO_ResetBits    stm32f10x_gpio.o
    0x08000932   0x00000004   Code   RO         1083    i.GPIO_SetBits      stm32f10x_gpio.o
    0x08000936   0x00000002   Code   RO            3    i.HardFault_Handler  stm32f10x_it.o
    0x08000938   0x00000014   Code   RO         2003    i.I2C_AcknowledgeConfig  stm32f10x_i2c.o
    0x0800094c   0x00000018   Code   RO         2005    i.I2C_CheckEvent    stm32f10x_i2c.o
    0x08000964   0x00000006   Code   RO         2006    i.I2C_ClearFlag     stm32f10x_i2c.o
    0x0800096a   0x00000014   Code   RO         2008    i.I2C_Cmd           stm32f10x_i2c.o
    0x0800097e   0x00000002   PAD
    0x08000980   0x000000f8   Code   RO          559    i.I2C_EE_BufferRead  eeprom_24c0x.o
    0x08000a78   0x000000a0   Code   RO          560    i.I2C_EE_BufferWrite  eeprom_24c0x.o
    0x08000b18   0x00000014   Code   RO          562    i.I2C_EE_Init       eeprom_24c0x.o
    0x08000b2c   0x000000a4   Code   RO          563    i.I2C_EE_PageWrite  eeprom_24c0x.o
    0x08000bd0   0x00000058   Code   RO          564    i.I2C_EE_WaitEepromStandbyState  eeprom_24c0x.o
    0x08000c28   0x00000034   Code   RO          652    i.I2C_GPIO_Config   iic.o
    0x08000c5c   0x00000014   Code   RO         2015    i.I2C_GenerateSTART  stm32f10x_i2c.o
    0x08000c70   0x00000014   Code   RO         2016    i.I2C_GenerateSTOP  stm32f10x_i2c.o
    0x08000c84   0x0000002a   Code   RO         2017    i.I2C_GetFlagStatus  stm32f10x_i2c.o
    0x08000cae   0x00000002   PAD
    0x08000cb0   0x000000b8   Code   RO         2022    i.I2C_Init          stm32f10x_i2c.o
    0x08000d68   0x00000044   Code   RO          653    i.I2C_Mode_Config   iic.o
    0x08000dac   0x0000000a   Code   RO         2026    i.I2C_ReadRegister  stm32f10x_i2c.o
    0x08000db6   0x00000006   Code   RO         2027    i.I2C_ReceiveData   stm32f10x_i2c.o
    0x08000dbc   0x00000010   Code   RO         2029    i.I2C_Send7bitAddress  stm32f10x_i2c.o
    0x08000dcc   0x00000004   Code   RO         2030    i.I2C_SendData      stm32f10x_i2c.o
    0x08000dd0   0x0000000e   Code   RO          654    i.IIC1_Init         iic.o
    0x08000dde   0x00000002   Code   RO            4    i.MemManage_Handler  stm32f10x_it.o
    0x08000de0   0x00000070   Code   RO          677    i.MyMAFilter        systemcore.o
    0x08000e50   0x00000038   Code   RO          724    i.MyModbusBindingToHoldReg  mymodbusdata.o
    0x08000e88   0x0000003c   Code   RO          725    i.MyModbusDataFromHoldReg  mymodbusdata.o
    0x08000ec4   0x00000002   Code   RO            5    i.NMI_Handler       stm32f10x_it.o
    0x08000ec6   0x0000004a   Code   RO          315    i.NVIC_Configuration  peripheral_init.o
    0x08000f10   0x00000064   Code   RO         1189    i.NVIC_Init         misc.o
    0x08000f74   0x00000014   Code   RO         1190    i.NVIC_PriorityGroupConfig  misc.o
    0x08000f88   0x00000014   Code   RO         1191    i.NVIC_SetVectorTable  misc.o
    0x08000f9c   0x00000062   Code   RO          782    i.PLL_Configuration  pll.o
    0x08000ffe   0x00000002   Code   RO            6    i.PendSV_Handler    stm32f10x_it.o
    0x08001000   0x00000004   Code   RO          316    i.Peripheral_Init   peripheral_init.o
    0x08001004   0x00000018   Code   RO          795    i.RCC_AHBPeriphClockCmd  stm32f10x_rcc.o
    0x0800101c   0x00000018   Code   RO          796    i.RCC_APB1PeriphClockCmd  stm32f10x_rcc.o
    0x08001034   0x00000018   Code   RO          798    i.RCC_APB2PeriphClockCmd  stm32f10x_rcc.o
    0x0800104c   0x00000044   Code   RO          805    i.RCC_DeInit        stm32f10x_rcc.o
    0x08001090   0x00000098   Code   RO          806    i.RCC_GetClocksFreq  stm32f10x_rcc.o
    0x08001128   0x00000030   Code   RO          807    i.RCC_GetFlagStatus  stm32f10x_rcc.o
    0x08001158   0x00000010   Code   RO          809    i.RCC_GetSYSCLKSource  stm32f10x_rcc.o
    0x08001168   0x00000014   Code   RO          810    i.RCC_HCLKConfig    stm32f10x_rcc.o
    0x0800117c   0x00000034   Code   RO          811    i.RCC_HSEConfig     stm32f10x_rcc.o
    0x080011b0   0x00000014   Code   RO          817    i.RCC_PCLK1Config   stm32f10x_rcc.o
    0x080011c4   0x00000014   Code   RO          818    i.RCC_PCLK2Config   stm32f10x_rcc.o
    0x080011d8   0x0000000c   Code   RO          819    i.RCC_PLLCmd        stm32f10x_rcc.o
    0x080011e4   0x00000014   Code   RO          820    i.RCC_PLLConfig     stm32f10x_rcc.o
    0x080011f8   0x00000014   Code   RO          824    i.RCC_SYSCLKConfig  stm32f10x_rcc.o
    0x0800120c   0x0000002c   Code   RO          826    i.RCC_WaitForHSEStartUp  stm32f10x_rcc.o
    0x08001238   0x00000002   Code   RO            7    i.SVC_Handler       stm32f10x_it.o
    0x0800123a   0x00000002   PAD
    0x0800123c   0x000000e4   Code   RO          534    i.SetCpldPwmPara    io.o
    0x08001320   0x00000088   Code   RO         3569    i.SetSysClockTo24   system_stm32f10x.o
    0x080013a8   0x00000018   Code   RO         1193    i.SysTick_CLKSourceConfig  misc.o
    0x080013c0   0x00000002   Code   RO            8    i.SysTick_Handler   stm32f10x_it.o
    0x080013c2   0x00000002   PAD
    0x080013c4   0x00000054   Code   RO         3571    i.SystemInit        system_stm32f10x.o
    0x08001418   0x00000004   Code   RO            9    i.TIM2_IRQHandler   stm32f10x_it.o
    0x0800141c   0x00000050   Code   RO           10    i.TIM3_IRQHandler   stm32f10x_it.o
    0x0800146c   0x00000070   Code   RO          770    i.TIM3_Init         tim.o
    0x080014dc   0x00000006   Code   RO         3030    i.TIM_ClearFlag     stm32f10x_tim.o
    0x080014e2   0x00000006   Code   RO         3031    i.TIM_ClearITPendingBit  stm32f10x_tim.o
    0x080014e8   0x00000014   Code   RO         3036    i.TIM_Cmd           stm32f10x_tim.o
    0x080014fc   0x00000010   Code   RO         3061    i.TIM_ITConfig      stm32f10x_tim.o
    0x0800150c   0x00000004   Code   RO         3101    i.TIM_SetCounter    stm32f10x_tim.o
    0x08001510   0x0000009c   Code   RO         3107    i.TIM_TimeBaseInit  stm32f10x_tim.o
    0x080015ac   0x0000003c   Code   RO         3646    i.UART1_IRQ         portserial.o
    0x080015e8   0x00000004   Code   RO           11    i.USART1_IRQHandler  stm32f10x_it.o
    0x080015ec   0x00000004   Code   RO           12    i.USART2_IRQHandler  stm32f10x_it.o
    0x080015f0   0x00000006   Code   RO         1555    i.USART_ClearFlag   stm32f10x_usart.o
    0x080015f6   0x00000014   Code   RO         1559    i.USART_Cmd         stm32f10x_usart.o
    0x0800160a   0x0000000e   Code   RO         1562    i.USART_GetFlagStatus  stm32f10x_usart.o
    0x08001618   0x0000003e   Code   RO         1563    i.USART_GetITStatus  stm32f10x_usart.o
    0x08001656   0x00000030   Code   RO         1565    i.USART_ITConfig    stm32f10x_usart.o
    0x08001686   0x00000002   PAD
    0x08001688   0x000000b4   Code   RO         1566    i.USART_Init        stm32f10x_usart.o
    0x0800173c   0x00000008   Code   RO         1573    i.USART_ReceiveData  stm32f10x_usart.o
    0x08001744   0x00000008   Code   RO         1576    i.USART_SendData    stm32f10x_usart.o
    0x0800174c   0x00000002   Code   RO           13    i.UsageFault_Handler  stm32f10x_it.o
    0x0800174e   0x0000000e   Code   RO         4149    i.__scatterload_copy  mc_w.l(handlers.o)
    0x0800175c   0x00000002   Code   RO         4150    i.__scatterload_null  mc_w.l(handlers.o)
    0x0800175e   0x0000000e   Code   RO         4151    i.__scatterload_zeroinit  mc_w.l(handlers.o)
    0x0800176c   0x0000003c   Code   RO          289    i.delay_init        delay.o
    0x080017a8   0x00000034   Code   RO          290    i.delay_ms          delay.o
    0x080017dc   0x00000034   Code   RO          291    i.delay_us          delay.o
    0x08001810   0x00000044   Code   RO         3803    i.eMBASCIIInit      mbascii.o
    0x08001854   0x00000048   Code   RO         3804    i.eMBASCIIReceive   mbascii.o
    0x0800189c   0x00000058   Code   RO         3805    i.eMBASCIISend      mbascii.o
    0x080018f4   0x00000028   Code   RO         3806    i.eMBASCIIStart     mbascii.o
    0x0800191c   0x0000001a   Code   RO         3807    i.eMBASCIIStop      mbascii.o
    0x08001936   0x00000002   PAD
    0x08001938   0x00000020   Code   RO         3734    i.eMBEnable         mb.o
    0x08001958   0x00000072   Code   RO         3873    i.eMBFuncReadCoils  mbfunccoils.o
    0x080019ca   0x00000072   Code   RO         3900    i.eMBFuncReadDiscreteInputs  mbfuncdisc.o
    0x08001a3c   0x0000005c   Code   RO         3912    i.eMBFuncReadHoldingRegister  mbfuncholding.o
    0x08001a98   0x00000060   Code   RO         3942    i.eMBFuncReadInputRegister  mbfuncinput.o
    0x08001af8   0x0000009a   Code   RO         3913    i.eMBFuncReadWriteMultipleHoldingRegister  mbfuncholding.o
    0x08001b92   0x00000002   PAD
    0x08001b94   0x00000024   Code   RO         3954    i.eMBFuncReportSlaveID  mbfuncother.o
    0x08001bb8   0x00000056   Code   RO         3874    i.eMBFuncWriteCoil  mbfunccoils.o
    0x08001c0e   0x00000032   Code   RO         3914    i.eMBFuncWriteHoldingRegister  mbfuncholding.o
    0x08001c40   0x00000064   Code   RO         3875    i.eMBFuncWriteMultipleCoils  mbfunccoils.o
    0x08001ca4   0x0000004e   Code   RO         3915    i.eMBFuncWriteMultipleHoldingRegister  mbfuncholding.o
    0x08001cf2   0x00000002   PAD
    0x08001cf4   0x000000c8   Code   RO         3735    i.eMBInit           mb.o
    0x08001dbc   0x000000b4   Code   RO         3736    i.eMBPoll           mb.o
    0x08001e70   0x0000004c   Code   RO         4013    i.eMBRTUInit        mbrtu.o
    0x08001ebc   0x0000004c   Code   RO         4014    i.eMBRTUReceive     mbrtu.o
    0x08001f08   0x0000006c   Code   RO         4015    i.eMBRTUSend        mbrtu.o
    0x08001f74   0x00000024   Code   RO         4016    i.eMBRTUStart       mbrtu.o
    0x08001f98   0x0000001a   Code   RO         4017    i.eMBRTUStop        mbrtu.o
    0x08001fb2   0x00000002   PAD
    0x08001fb4   0x00000030   Code   RO          726    i.eMBRegCoilsCB     mymodbusdata.o
    0x08001fe4   0x00000030   Code   RO          727    i.eMBRegDiscreteCB  mymodbusdata.o
    0x08002014   0x00000068   Code   RO          728    i.eMBRegHoldingCB   mymodbusdata.o
    0x0800207c   0x00000030   Code   RO          729    i.eMBRegInputCB     mymodbusdata.o
    0x080020ac   0x00000088   Code   RO          204    i.main              main.o
    0x08002134   0x00000018   Code   RO         3975    i.prveMBError2Exception  mbutils.o
    0x0800214c   0x0000001a   Code   RO         3808    i.prvucMBBIN2CHAR   mbascii.o
    0x08002166   0x0000001c   Code   RO         3809    i.prvucMBLRC        mbascii.o
    0x08002182   0x00000002   PAD
    0x08002184   0x0000000c   Code   RO         3702    i.prvvTIMERExpiredISR  porttimer.o
    0x08002190   0x00000030   Code   RO         3999    i.usMBCRC16         mbcrc.o
    0x080021c0   0x00000034   Code   RO         3647    i.vMBPortSerialEnable  portserial.o
    0x080021f4   0x0000001a   Code   RO         3703    i.vMBPortTimersDisable  porttimer.o
    0x0800220e   0x0000002a   Code   RO         3704    i.vMBPortTimersEnable  porttimer.o
    0x08002238   0x000000dc   Code   RO         3810    i.xMBASCIIReceiveFSM  mbascii.o
    0x08002314   0x00000020   Code   RO         3811    i.xMBASCIITimerT1SExpired  mbascii.o
    0x08002334   0x000000a4   Code   RO         3812    i.xMBASCIITransmitFSM  mbascii.o
    0x080023d8   0x0000001c   Code   RO         3605    i.xMBPortEventGet   portevent.o
    0x080023f4   0x00000010   Code   RO         3606    i.xMBPortEventInit  portevent.o
    0x08002404   0x00000010   Code   RO         3607    i.xMBPortEventPost  portevent.o
    0x08002414   0x00000020   Code   RO         3648    i.xMBPortSerialGetByte  portserial.o
    0x08002434   0x000000d8   Code   RO         3649    i.xMBPortSerialInit  portserial.o
    0x0800250c   0x00000020   Code   RO         3650    i.xMBPortSerialPutByte  portserial.o
    0x0800252c   0x00000048   Code   RO         3705    i.xMBPortTimersInit  porttimer.o
    0x08002574   0x00000060   Code   RO         4018    i.xMBRTUReceiveFSM  mbrtu.o
    0x080025d4   0x00000028   Code   RO         4019    i.xMBRTUTimerT35Expired  mbrtu.o
    0x080025fc   0x00000050   Code   RO         4020    i.xMBRTUTransmitFSM  mbrtu.o
    0x0800264c   0x00000200   Data   RO         4000    .constdata          mbcrc.o
    0x0800284c   0x00000020   Data   RO         4147    Region$$Table       anon$$obj.o


    Execution Region RW_IRAM1 (Base: 0x20000000, Size: 0x000008a8, Max: 0x00005000, ABSOLUTE, COMPRESSED[0x0000007c])

    Base Addr    Size         Type   Attr      Idx    E Section Name        Object

    0x20000000   0x0000000c   Data   RW          205    .data               main.o
    0x2000000c   0x00000002   Data   RW          206    .data               main.o
    0x2000000e   0x00000002   Data   RW          207    .data               main.o
    0x20000010   0x00000001   Data   RW          208    .data               main.o
    0x20000011   0x00000001   PAD
    0x20000012   0x00000004   Data   RW          292    .data               delay.o
    0x20000016   0x00000004   Data   RW          535    .data               io.o
    0x2000001a   0x00000002   Data   RW          566    .data               eeprom_24c0x.o
    0x2000001c   0x00000004   Data   RW          618    .data               tlc5615.o
    0x20000020   0x00000054   Data   RW          702    .data               ad.o
    0x20000074   0x00000016   Data   RW          730    .data               mymodbusdata.o
    0x2000008a   0x00000014   Data   RW          827    .data               stm32f10x_rcc.o
    0x2000009e   0x00000002   PAD
    0x200000a0   0x00000014   Data   RW         3572    .data               system_stm32f10x.o
    0x200000b4   0x00000002   Data   RW         3608    .data               portevent.o
    0x200000b6   0x00000002   PAD
    0x200000b8   0x000000ac   Data   RW         3738    .data               mb.o
    0x20000164   0x00000010   Data   RW         3813    .data               mbascii.o
    0x20000174   0x00000002   Data   RW         3957    .data               mbfuncother.o
    0x20000176   0x00000002   PAD
    0x20000178   0x0000000c   Data   RW         4022    .data               mbrtu.o
    0x20000184   0x00000200   Zero   RW          565    .bss                eeprom_24c0x.o
    0x20000384   0x00000020   Zero   RW         3956    .bss                mbfuncother.o
    0x200003a4   0x00000100   Zero   RW         4021    .bss                mbrtu.o
    0x200004a4   0x00000004   PAD
    0x200004a8   0x00000400   Zero   RW         3598    STACK               startup_stm32f10x_hd_vl.o


==============================================================================

Image component sizes


      Code (inc. data)   RO Data    RW Data    ZI Data      Debug   Object Name

       244         20          0         84          0       1732   ad.o
         0          0          0          0          0         32   core_cm3.o
       164         26          0          4          0       1551   delay.o
       756         62          0          2        512       4692   eeprom_24c0x.o
       134         14          0          0          0       1728   iic.o
       336         24          0          4          0       1679   io.o
       136         14          0         17          0     207267   main.o
       412         68          0        172          0       4532   mb.o
       764         44          0         16          0       7447   mbascii.o
        48          4        512          0          0       1148   mbcrc.o
       300          0          0          0          0       3366   mbfunccoils.o
       114          0          0          0          0       1420   mbfuncdisc.o
       374          0          0          0          0       4647   mbfuncholding.o
        96          0          0          0          0       1443   mbfuncinput.o
        36         10          0          2         32       1307   mbfuncother.o
       538         44          0         12        256       5787   mbrtu.o
        24          0          0          0          0        596   mbutils.o
       164         28          0          0          0       4639   misc.o
       364         68          0         22          0       4495   mymodbusdata.o
        78          0          0          0          0        971   peripheral_init.o
        98          0          0          0          0        528   pll.o
        60         14          0          2          0       3533   portevent.o
       400         36          0          0          0       6480   portserial.o
       152          6          0          0          0       2039   porttimer.o
        36          8        308          0       1024        912   startup_stm32f10x_hd_vl.o
       296         10          0          0          0      16821   stm32f10x_adc.o
       308         10          0          0          0      13634   stm32f10x_dma.o
        44         12          0          0          0       1149   stm32f10x_flash.o
       166          0          0          0          0      21736   stm32f10x_gpio.o
       372          8          0          0          0      17211   stm32f10x_i2c.o
       110         26          0          0          0     278710   stm32f10x_it.o
       564         94          0         20          0      22014   stm32f10x_rcc.o
       208         42          0          0          0      25596   stm32f10x_tim.o
       346          4          0          0          0      12975   stm32f10x_usart.o
       220         22          0         20          0       1865   system_stm32f10x.o
       112          0          0          0          0        893   systemcore.o
       112          6          0          0          0        552   tim.o
       128         10          0          4          0       3216   tlc5615.o

    ----------------------------------------------------------------------
      8838        734        852        388       1828     690343   Object Totals
         0          0         32          0          0          0   (incl. Generated)
        24          0          0          7          4          0   (incl. Padding)

    ----------------------------------------------------------------------

      Code (inc. data)   RO Data    RW Data    ZI Data      Debug   Library Member Name

        92          0          0          0          0          0   __dczerorl2.o
         0          0          0          0          0          0   entry.o
         0          0          0          0          0          0   entry10a.o
         0          0          0          0          0          0   entry11a.o
         8          4          0          0          0          0   entry2.o
         4          0          0          0          0          0   entry5.o
         0          0          0          0          0          0   entry7b.o
         0          0          0          0          0          0   entry8b.o
         8          4          0          0          0          0   entry9a.o
        30          0          0          0          0          0   handlers.o
        36          8          0          0          0         68   init.o
         0          0          0          0          0          0   iusefp.o
        36          0          0          0          0         68   memcpya.o
       176          0          0          0          0        140   fadd.o
       108          0          0          0          0        168   fepilogue.o
        40          0          0          0          0         68   ffixui.o
        10          0          0          0          0         68   ffltui.o
       108          0          0          0          0         76   fmul.o

    ----------------------------------------------------------------------
       658         16          0          0          0        656   Library Totals
         2          0          0          0          0          0   (incl. Padding)

    ----------------------------------------------------------------------

      Code (inc. data)   RO Data    RW Data    ZI Data      Debug   Library Name

       214         16          0          0          0        136   mc_w.l
       442          0          0          0          0        520   mf_w.l

    ----------------------------------------------------------------------
       658         16          0          0          0        656   Library Totals

    ----------------------------------------------------------------------

==============================================================================


      Code (inc. data)   RO Data    RW Data    ZI Data      Debug   

      9496        750        852        388       1828     682991   Grand Totals
      9496        750        852        124       1828     682991   ELF Image Totals (compressed)
      9496        750        852        124          0          0   ROM Totals

==============================================================================

    Total RO  Size (Code + RO Data)                10348 (  10.11kB)
    Total RW  Size (RW Data + ZI Data)              2216 (   2.16kB)
    Total ROM Size (Code + RO Data + RW Data)      10472 (  10.23kB)

==============================================================================

